Archive member included because of file (symbol)

c:/altera/12.0sp1/nios2eds/bin/gnu/h-i686-mingw32/bin/../lib/gcc/nios2-elf/4.1.2/mno-hw-mul\libgcc.a(lib2-divmod.o)
                              obj/default/count_binary.o (__divsi3)
c:/altera/12.0sp1/nios2eds/bin/gnu/h-i686-mingw32/bin/../lib/gcc/nios2-elf/4.1.2/../../../../nios2-elf/lib/mno-hw-mul\libsmallc.a(lib_a-printf.o)
                              obj/default/count_binary.o (printf)
c:/altera/12.0sp1/nios2eds/bin/gnu/h-i686-mingw32/bin/../lib/gcc/nios2-elf/4.1.2/../../../../nios2-elf/lib/mno-hw-mul\libsmallc.a(lib_a-putchar.o)
                              obj/default/count_binary.o (putchar)
c:/altera/12.0sp1/nios2eds/bin/gnu/h-i686-mingw32/bin/../lib/gcc/nios2-elf/4.1.2/../../../../nios2-elf/lib/mno-hw-mul\libsmallc.a(lib_a-puts.o)
                              obj/default/count_binary.o (puts)
c:/altera/12.0sp1/nios2eds/bin/gnu/h-i686-mingw32/bin/../lib/gcc/nios2-elf/4.1.2/../../../../nios2-elf/lib/mno-hw-mul\libsmallc.a(lib_a-strlen.o)
                              c:/altera/12.0sp1/nios2eds/bin/gnu/h-i686-mingw32/bin/../lib/gcc/nios2-elf/4.1.2/../../../../nios2-elf/lib/mno-hw-mul\libsmallc.a(lib_a-puts.o) (strlen)
c:/altera/12.0sp1/nios2eds/bin/gnu/h-i686-mingw32/bin/../lib/gcc/nios2-elf/4.1.2/../../../../nios2-elf/lib/mno-hw-mul\libsmallc.a(lib_a-vfprintf.o)
                              c:/altera/12.0sp1/nios2eds/bin/gnu/h-i686-mingw32/bin/../lib/gcc/nios2-elf/4.1.2/../../../../nios2-elf/lib/mno-hw-mul\libsmallc.a(lib_a-printf.o) (___vfprintf_internal_r)
c:/altera/12.0sp1/nios2eds/bin/gnu/h-i686-mingw32/bin/../lib/gcc/nios2-elf/4.1.2/../../../../nios2-elf/lib/mno-hw-mul\libsmallc.a(lib_a-fvwrite_small_dev.o)
                              c:/altera/12.0sp1/nios2eds/bin/gnu/h-i686-mingw32/bin/../lib/gcc/nios2-elf/4.1.2/../../../../nios2-elf/lib/mno-hw-mul\libsmallc.a(lib_a-printf.o) (__sfvwrite_small_dev)
c:/altera/12.0sp1/nios2eds/bin/gnu/h-i686-mingw32/bin/../lib/gcc/nios2-elf/4.1.2/../../../../nios2-elf/lib/mno-hw-mul\libsmallc.a(lib_a-impure.o)
                              c:/altera/12.0sp1/nios2eds/bin/gnu/h-i686-mingw32/bin/../lib/gcc/nios2-elf/4.1.2/../../../../nios2-elf/lib/mno-hw-mul\libsmallc.a(lib_a-printf.o) (_impure_ptr)
c:/altera/12.0sp1/nios2eds/bin/gnu/h-i686-mingw32/bin/../lib/gcc/nios2-elf/4.1.2/../../../../nios2-elf/lib/mno-hw-mul\libsmallc.a(lib_a-putc.o)
                              c:/altera/12.0sp1/nios2eds/bin/gnu/h-i686-mingw32/bin/../lib/gcc/nios2-elf/4.1.2/../../../../nios2-elf/lib/mno-hw-mul\libsmallc.a(lib_a-putchar.o) (_putc_r)
c:/altera/12.0sp1/nios2eds/bin/gnu/h-i686-mingw32/bin/../lib/gcc/nios2-elf/4.1.2/../../../../nios2-elf/lib/mno-hw-mul\libsmallc.a(lib_a-writer.o)
                              c:/altera/12.0sp1/nios2eds/bin/gnu/h-i686-mingw32/bin/../lib/gcc/nios2-elf/4.1.2/../../../../nios2-elf/lib/mno-hw-mul\libsmallc.a(lib_a-fvwrite_small_dev.o) (_write_r)
c:/altera/12.0sp1/nios2eds/bin/gnu/h-i686-mingw32/bin/../lib/gcc/nios2-elf/4.1.2/../../../../nios2-elf/lib/mno-hw-mul\libsmallc.a(lib_a-int_errno.o)
                              c:/altera/12.0sp1/nios2eds/bin/gnu/h-i686-mingw32/bin/../lib/gcc/nios2-elf/4.1.2/../../../../nios2-elf/lib/mno-hw-mul\libsmallc.a(lib_a-writer.o) (errno)
c:/altera/12.0sp1/nios2eds/bin/gnu/h-i686-mingw32/bin/../lib/gcc/nios2-elf/4.1.2/mno-hw-mul\libgcc.a(lib2-mul.o)
                              c:/altera/12.0sp1/nios2eds/bin/gnu/h-i686-mingw32/bin/../lib/gcc/nios2-elf/4.1.2/../../../../nios2-elf/lib/mno-hw-mul\libsmallc.a(lib_a-vfprintf.o) (__mulsi3)
../count_binary_bsp/\libhal_bsp.a(alt_load.o)
                              ../count_binary_bsp//obj/HAL/src/crt0.o (alt_load)
../count_binary_bsp/\libhal_bsp.a(alt_main.o)
                              ../count_binary_bsp//obj/HAL/src/crt0.o (alt_main)
../count_binary_bsp/\libhal_bsp.a(alt_usleep.o)
                              obj/default/count_binary.o (usleep)
../count_binary_bsp/\libhal_bsp.a(alt_write.o)
                              c:/altera/12.0sp1/nios2eds/bin/gnu/h-i686-mingw32/bin/../lib/gcc/nios2-elf/4.1.2/../../../../nios2-elf/lib/mno-hw-mul\libsmallc.a(lib_a-writer.o) (write)
../count_binary_bsp/\libhal_bsp.a(alt_sys_init.o)
                              ../count_binary_bsp/\libhal_bsp.a(alt_main.o) (alt_irq_init)
../count_binary_bsp/\libhal_bsp.a(altera_avalon_jtag_uart_fd.o)
                              ../count_binary_bsp/\libhal_bsp.a(alt_sys_init.o) (altera_avalon_jtag_uart_read_fd)
../count_binary_bsp/\libhal_bsp.a(altera_avalon_jtag_uart_read.o)
                              ../count_binary_bsp/\libhal_bsp.a(altera_avalon_jtag_uart_fd.o) (altera_avalon_jtag_uart_read)
../count_binary_bsp/\libhal_bsp.a(altera_avalon_jtag_uart_write.o)
                              ../count_binary_bsp/\libhal_bsp.a(altera_avalon_jtag_uart_fd.o) (altera_avalon_jtag_uart_write)
../count_binary_bsp/\libhal_bsp.a(altera_avalon_timer_sc.o)
                              ../count_binary_bsp/\libhal_bsp.a(alt_sys_init.o) (alt_avalon_timer_sc_init)
../count_binary_bsp/\libhal_bsp.a(alt_busy_sleep.o)
                              ../count_binary_bsp/\libhal_bsp.a(alt_usleep.o) (alt_busy_sleep)
../count_binary_bsp/\libhal_bsp.a(alt_close.o)
                              ../count_binary_bsp/\libhal_bsp.a(alt_main.o) (close)
../count_binary_bsp/\libhal_bsp.a(alt_dcache_flush_all.o)
                              ../count_binary_bsp/\libhal_bsp.a(alt_load.o) (alt_dcache_flush_all)
../count_binary_bsp/\libhal_bsp.a(alt_dev.o)
                              ../count_binary_bsp/\libhal_bsp.a(alt_sys_init.o) (alt_dev_list)
../count_binary_bsp/\libhal_bsp.a(alt_dev_llist_insert.o)
                              ../count_binary_bsp/\libhal_bsp.a(alt_sys_init.o) (alt_dev_llist_insert)
../count_binary_bsp/\libhal_bsp.a(alt_errno.o)
                              ../count_binary_bsp/\libhal_bsp.a(alt_write.o) (alt_errno)
../count_binary_bsp/\libhal_bsp.a(alt_icache_flush_all.o)
                              ../count_binary_bsp/\libhal_bsp.a(alt_load.o) (alt_icache_flush_all)
../count_binary_bsp/\libhal_bsp.a(alt_iic.o)
                              ../count_binary_bsp/\libhal_bsp.a(altera_avalon_timer_sc.o) (alt_ic_isr_register)
../count_binary_bsp/\libhal_bsp.a(alt_iic_isr_register.o)
                              ../count_binary_bsp/\libhal_bsp.a(alt_iic.o) (alt_iic_isr_register)
../count_binary_bsp/\libhal_bsp.a(alt_io_redirect.o)
                              ../count_binary_bsp/\libhal_bsp.a(alt_main.o) (alt_io_redirect)
../count_binary_bsp/\libhal_bsp.a(alt_irq_entry.o)
                              ../count_binary_bsp/\libhal_bsp.a(alt_iic_isr_register.o) (alt_irq_entry)
../count_binary_bsp/\libhal_bsp.a(alt_irq_handler.o)
                              ../count_binary_bsp/\libhal_bsp.a(alt_iic_isr_register.o) (alt_irq_handler)
../count_binary_bsp/\libhal_bsp.a(alt_irq_vars.o)
                              ../count_binary_bsp/\libhal_bsp.a(alt_iic.o) (alt_irq_active)
../count_binary_bsp/\libhal_bsp.a(alt_open.o)
                              ../count_binary_bsp/\libhal_bsp.a(alt_io_redirect.o) (open)
../count_binary_bsp/\libhal_bsp.a(alt_release_fd.o)
                              ../count_binary_bsp/\libhal_bsp.a(alt_close.o) (alt_release_fd)
../count_binary_bsp/\libhal_bsp.a(alt_tick.o)
                              ../count_binary_bsp/\libhal_bsp.a(altera_avalon_timer_sc.o) (_alt_tick_rate)
../count_binary_bsp/\libhal_bsp.a(altera_nios2_qsys_irq.o)
                              ../count_binary_bsp/\libhal_bsp.a(alt_sys_init.o) (altera_nios2_qsys_irq_init)
../count_binary_bsp/\libhal_bsp.a(alt_exception_entry.o)
                              ../count_binary_bsp/\libhal_bsp.a(alt_irq_entry.o) (alt_exception)
../count_binary_bsp/\libhal_bsp.a(alt_find_dev.o)
                              ../count_binary_bsp/\libhal_bsp.a(alt_open.o) (alt_find_dev)
../count_binary_bsp/\libhal_bsp.a(alt_find_file.o)
                              ../count_binary_bsp/\libhal_bsp.a(alt_open.o) (alt_find_file)
../count_binary_bsp/\libhal_bsp.a(alt_get_fd.o)
                              ../count_binary_bsp/\libhal_bsp.a(alt_open.o) (alt_get_fd)
../count_binary_bsp/\libhal_bsp.a(alt_icache_flush.o)
                              ../count_binary_bsp/\libhal_bsp.a(alt_icache_flush_all.o) (alt_icache_flush)
c:/altera/12.0sp1/nios2eds/bin/gnu/h-i686-mingw32/bin/../lib/gcc/nios2-elf/4.1.2/../../../../nios2-elf/lib/mno-hw-mul\libsmallc.a(lib_a-exit.o)
                              ../count_binary_bsp/\libhal_bsp.a(alt_main.o) (exit)
c:/altera/12.0sp1/nios2eds/bin/gnu/h-i686-mingw32/bin/../lib/gcc/nios2-elf/4.1.2/../../../../nios2-elf/lib/mno-hw-mul\libsmallc.a(lib_a-memcmp.o)
                              ../count_binary_bsp/\libhal_bsp.a(alt_find_dev.o) (memcmp)
c:/altera/12.0sp1/nios2eds/bin/gnu/h-i686-mingw32/bin/../lib/gcc/nios2-elf/4.1.2/../../../../nios2-elf/lib/mno-hw-mul\libsmallc.a(lib_a-__call_atexit.o)
                              c:/altera/12.0sp1/nios2eds/bin/gnu/h-i686-mingw32/bin/../lib/gcc/nios2-elf/4.1.2/../../../../nios2-elf/lib/mno-hw-mul\libsmallc.a(lib_a-exit.o) (__call_exitprocs)
../count_binary_bsp/\libhal_bsp.a(alt_exit.o)
                              c:/altera/12.0sp1/nios2eds/bin/gnu/h-i686-mingw32/bin/../lib/gcc/nios2-elf/4.1.2/../../../../nios2-elf/lib/mno-hw-mul\libsmallc.a(lib_a-exit.o) (_exit)

Allocating common symbols
Common symbol       size              file

alt_irq             0x100             ../count_binary_bsp/\libhal_bsp.a(alt_irq_handler.o)
edge_capture        0x4               obj/default/count_binary.o
errno               0x4               c:/altera/12.0sp1/nios2eds/bin/gnu/h-i686-mingw32/bin/../lib/gcc/nios2-elf/4.1.2/../../../../nios2-elf/lib/mno-hw-mul\libsmallc.a(lib_a-int_errno.o)

Memory Configuration

Name             Origin             Length             Attributes
reset            0x00008000         0x00000020
onchip_mem       0x00008020         0x00004fe0
*default*        0x00000000         0xffffffff

Linker script and memory map

LOAD ../count_binary_bsp//obj/HAL/src/crt0.o
LOAD obj/default/count_binary.o
LOAD c:/altera/12.0sp1/nios2eds/bin/gnu/h-i686-mingw32/bin/../lib/gcc/nios2-elf/4.1.2/../../../../nios2-elf/lib/mno-hw-mul\libstdc++.a
LOAD c:/altera/12.0sp1/nios2eds/bin/gnu/h-i686-mingw32/bin/../lib/gcc/nios2-elf/4.1.2/../../../../nios2-elf/lib/mno-hw-mul\libm.a
LOAD c:/altera/12.0sp1/nios2eds/bin/gnu/h-i686-mingw32/bin/../lib/gcc/nios2-elf/4.1.2/mno-hw-mul\libgcc.a
START GROUP
LOAD c:/altera/12.0sp1/nios2eds/bin/gnu/h-i686-mingw32/bin/../lib/gcc/nios2-elf/4.1.2/../../../../nios2-elf/lib/mno-hw-mul\libsmallc.a
LOAD c:/altera/12.0sp1/nios2eds/bin/gnu/h-i686-mingw32/bin/../lib/gcc/nios2-elf/4.1.2/mno-hw-mul\libgcc.a
LOAD ../count_binary_bsp/\libhal_bsp.a
END GROUP
LOAD c:/altera/12.0sp1/nios2eds/bin/gnu/h-i686-mingw32/bin/../lib/gcc/nios2-elf/4.1.2/mno-hw-mul\libgcc.a
                0x00008000                __alt_mem_onchip_mem = 0x8000

.entry          0x00008000       0x20
 *(.entry)
 .entry         0x00008000       0x20 ../count_binary_bsp//obj/HAL/src/crt0.o
                0x00008000                __reset

.exceptions     0x00008020      0x194
                0x00008020                PROVIDE (__ram_exceptions_start, ABSOLUTE (.))
                0x00008020                . = ALIGN (0x20)
 *(.irq)
 *(.exceptions.entry.label)
 .exceptions.entry.label
                0x00008020        0x0 ../count_binary_bsp/\libhal_bsp.a(alt_irq_entry.o)
                0x00008020                alt_irq_entry
 .exceptions.entry.label
                0x00008020        0x0 ../count_binary_bsp/\libhal_bsp.a(alt_exception_entry.o)
                0x00008020                alt_exception
 *(.exceptions.entry.user)
 *(.exceptions.entry)
 .exceptions.entry
                0x00008020       0x54 ../count_binary_bsp/\libhal_bsp.a(alt_exception_entry.o)
 *(.exceptions.irqtest.user)
 *(.exceptions.irqtest)
 .exceptions.irqtest
                0x00008074       0x10 ../count_binary_bsp/\libhal_bsp.a(alt_irq_entry.o)
 *(.exceptions.irqhandler.user)
 *(.exceptions.irqhandler)
 .exceptions.irqhandler
                0x00008084        0x4 ../count_binary_bsp/\libhal_bsp.a(alt_irq_entry.o)
 *(.exceptions.irqreturn.user)
 *(.exceptions.irqreturn)
 .exceptions.irqreturn
                0x00008088        0x4 ../count_binary_bsp/\libhal_bsp.a(alt_irq_entry.o)
 *(.exceptions.notirq.label)
 .exceptions.notirq.label
                0x0000808c        0x0 ../count_binary_bsp/\libhal_bsp.a(alt_irq_entry.o)
 *(.exceptions.notirq.user)
 *(.exceptions.notirq)
 .exceptions.notirq
                0x0000808c        0x8 ../count_binary_bsp/\libhal_bsp.a(alt_exception_entry.o)
 *(.exceptions.soft.user)
 *(.exceptions.soft)
 *(.exceptions.unknown.user)
 *(.exceptions.unknown)
 .exceptions.unknown
                0x00008094        0x4 ../count_binary_bsp/\libhal_bsp.a(alt_exception_entry.o)
 *(.exceptions.exit.label)
 .exceptions.exit.label
                0x00008098        0x0 ../count_binary_bsp/\libhal_bsp.a(alt_irq_entry.o)
 .exceptions.exit.label
                0x00008098        0x0 ../count_binary_bsp/\libhal_bsp.a(alt_exception_entry.o)
 *(.exceptions.exit.user)
 *(.exceptions.exit)
 .exceptions.exit
                0x00008098       0x54 ../count_binary_bsp/\libhal_bsp.a(alt_exception_entry.o)
 *(.exceptions)
 .exceptions    0x000080ec       0xc8 ../count_binary_bsp/\libhal_bsp.a(alt_irq_handler.o)
                0x000080ec                alt_irq_handler
                0x000081b4                PROVIDE (__ram_exceptions_end, ABSOLUTE (.))
                0x00008020                PROVIDE (__flash_exceptions_start, LOADADDR (.exceptions))

.text           0x000081b4     0x29b8
                0x000081b4                PROVIDE (stext, ABSOLUTE (.))
 *(.interp)
 *(.hash)
 *(.dynsym)
 *(.dynstr)
 *(.gnu.version)
 *(.gnu.version_d)
 *(.gnu.version_r)
 *(.rel.init)
 *(.rela.init)
 *(.rel.text .rel.text.* .rel.gnu.linkonce.t.*)
 *(.rela.text .rela.text.* .rela.gnu.linkonce.t.*)
 *(.rel.fini)
 *(.rela.fini)
 *(.rel.rodata .rel.rodata.* .rel.gnu.linkonce.r.*)
 *(.rela.rodata .rela.rodata.* .rela.gnu.linkonce.r.*)
 *(.rel.data .rel.data.* .rel.gnu.linkonce.d.*)
 *(.rela.data .rela.data.* .rela.gnu.linkonce.d.*)
 *(.rel.tdata .rel.tdata.* .rel.gnu.linkonce.td.*)
 *(.rela.tdata .rela.tdata.* .rela.gnu.linkonce.td.*)
 *(.rel.tbss .rel.tbss.* .rel.gnu.linkonce.tb.*)
 *(.rela.tbss .rela.tbss.* .rela.gnu.linkonce.tb.*)
 *(.rel.ctors)
 *(.rela.ctors)
 *(.rel.dtors)
 *(.rela.dtors)
 *(.rel.got)
 *(.rela.got)
 *(.rel.sdata .rel.sdata.* .rel.gnu.linkonce.s.*)
 *(.rela.sdata .rela.sdata.* .rela.gnu.linkonce.s.*)
 *(.rel.sbss .rel.sbss.* .rel.gnu.linkonce.sb.*)
 *(.rela.sbss .rela.sbss.* .rela.gnu.linkonce.sb.*)
 *(.rel.sdata2 .rel.sdata2.* .rel.gnu.linkonce.s2.*)
 *(.rela.sdata2 .rela.sdata2.* .rela.gnu.linkonce.s2.*)
 *(.rel.sbss2 .rel.sbss2.* .rel.gnu.linkonce.sb2.*)
 *(.rela.sbss2 .rela.sbss2.* .rela.gnu.linkonce.sb2.*)
 *(.rel.bss .rel.bss.* .rel.gnu.linkonce.b.*)
 *(.rela.bss .rela.bss.* .rela.gnu.linkonce.b.*)
 *(.rel.plt)
 *(.rela.plt)
 *(.rel.dyn)
 *(.init)
 *(.plt)
 *(.text .stub .text.* .gnu.linkonce.t.*)
 .text          0x000081b4       0x3c ../count_binary_bsp//obj/HAL/src/crt0.o
                0x000081b4                _start
 .text          0x000081f0      0x39c obj/default/count_binary.o
                0x00008484                main
 .text          0x0000858c      0x14c c:/altera/12.0sp1/nios2eds/bin/gnu/h-i686-mingw32/bin/../lib/gcc/nios2-elf/4.1.2/mno-hw-mul\libgcc.a(lib2-divmod.o)
                0x00008608                __divsi3
                0x00008668                __modsi3
                0x000086c8                __udivsi3
                0x000086d0                __umodsi3
 .text          0x000086d8       0x98 c:/altera/12.0sp1/nios2eds/bin/gnu/h-i686-mingw32/bin/../lib/gcc/nios2-elf/4.1.2/../../../../nios2-elf/lib/mno-hw-mul\libsmallc.a(lib_a-printf.o)
                0x000086d8                printf
                0x0000872c                _printf_r
 .text          0x00008770       0x24 c:/altera/12.0sp1/nios2eds/bin/gnu/h-i686-mingw32/bin/../lib/gcc/nios2-elf/4.1.2/../../../../nios2-elf/lib/mno-hw-mul\libsmallc.a(lib_a-putchar.o)
                0x00008770                putchar
                0x0000878c                _putchar_r
 .text          0x00008794       0xa4 c:/altera/12.0sp1/nios2eds/bin/gnu/h-i686-mingw32/bin/../lib/gcc/nios2-elf/4.1.2/../../../../nios2-elf/lib/mno-hw-mul\libsmallc.a(lib_a-puts.o)
                0x00008794                _puts_r
                0x00008824                puts
 .text          0x00008838       0x20 c:/altera/12.0sp1/nios2eds/bin/gnu/h-i686-mingw32/bin/../lib/gcc/nios2-elf/4.1.2/../../../../nios2-elf/lib/mno-hw-mul\libsmallc.a(lib_a-strlen.o)
                0x00008838                strlen
 .text          0x00008858      0x6a4 c:/altera/12.0sp1/nios2eds/bin/gnu/h-i686-mingw32/bin/../lib/gcc/nios2-elf/4.1.2/../../../../nios2-elf/lib/mno-hw-mul\libsmallc.a(lib_a-vfprintf.o)
                0x000088d8                ___vfprintf_internal_r
                0x00008ed8                __vfprintf_internal
 .text          0x00008efc       0xbc c:/altera/12.0sp1/nios2eds/bin/gnu/h-i686-mingw32/bin/../lib/gcc/nios2-elf/4.1.2/../../../../nios2-elf/lib/mno-hw-mul\libsmallc.a(lib_a-fvwrite_small_dev.o)
                0x00008efc                __sfvwrite_small_dev
 .text          0x00008fb8        0x0 c:/altera/12.0sp1/nios2eds/bin/gnu/h-i686-mingw32/bin/../lib/gcc/nios2-elf/4.1.2/../../../../nios2-elf/lib/mno-hw-mul\libsmallc.a(lib_a-impure.o)
 .text          0x00008fb8       0xe4 c:/altera/12.0sp1/nios2eds/bin/gnu/h-i686-mingw32/bin/../lib/gcc/nios2-elf/4.1.2/../../../../nios2-elf/lib/mno-hw-mul\libsmallc.a(lib_a-putc.o)
                0x00008fb8                putc
                0x00009028                _putc_r
 .text          0x0000909c       0x78 c:/altera/12.0sp1/nios2eds/bin/gnu/h-i686-mingw32/bin/../lib/gcc/nios2-elf/4.1.2/../../../../nios2-elf/lib/mno-hw-mul\libsmallc.a(lib_a-writer.o)
                0x0000909c                _write_r
 .text          0x00009114        0x0 c:/altera/12.0sp1/nios2eds/bin/gnu/h-i686-mingw32/bin/../lib/gcc/nios2-elf/4.1.2/../../../../nios2-elf/lib/mno-hw-mul\libsmallc.a(lib_a-int_errno.o)
 .text          0x00009114       0x38 c:/altera/12.0sp1/nios2eds/bin/gnu/h-i686-mingw32/bin/../lib/gcc/nios2-elf/4.1.2/mno-hw-mul\libgcc.a(lib2-mul.o)
                0x00009114                __mulsi3
 .text          0x0000914c       0xec ../count_binary_bsp/\libhal_bsp.a(alt_load.o)
                0x0000914c                alt_load
 .text          0x00009238       0x5c ../count_binary_bsp/\libhal_bsp.a(alt_main.o)
                0x00009238                alt_main
 .text          0x00009294       0x30 ../count_binary_bsp/\libhal_bsp.a(alt_usleep.o)
                0x00009294                usleep
 .text          0x000092c4      0x184 ../count_binary_bsp/\libhal_bsp.a(alt_write.o)
                0x000092c4                write
 .text          0x00009448       0xb4 ../count_binary_bsp/\libhal_bsp.a(alt_sys_init.o)
                0x00009448                alt_irq_init
                0x0000947c                alt_sys_init
 .text          0x000094fc       0xb0 ../count_binary_bsp/\libhal_bsp.a(altera_avalon_jtag_uart_fd.o)
                0x000094fc                altera_avalon_jtag_uart_read_fd
                0x00009554                altera_avalon_jtag_uart_write_fd
 .text          0x000095ac      0x104 ../count_binary_bsp/\libhal_bsp.a(altera_avalon_jtag_uart_read.o)
                0x000095ac                altera_avalon_jtag_uart_read
 .text          0x000096b0       0xa4 ../count_binary_bsp/\libhal_bsp.a(altera_avalon_jtag_uart_write.o)
                0x000096b0                altera_avalon_jtag_uart_write
 .text          0x00009754      0x100 ../count_binary_bsp/\libhal_bsp.a(altera_avalon_timer_sc.o)
                0x000097c4                alt_avalon_timer_sc_init
 .text          0x00009854      0x15c ../count_binary_bsp/\libhal_bsp.a(alt_busy_sleep.o)
                0x00009854                alt_busy_sleep
 .text          0x000099b0      0x160 ../count_binary_bsp/\libhal_bsp.a(alt_close.o)
                0x000099b0                close
 .text          0x00009b10       0x1c ../count_binary_bsp/\libhal_bsp.a(alt_dcache_flush_all.o)
                0x00009b10                alt_dcache_flush_all
 .text          0x00009b2c       0x2c ../count_binary_bsp/\libhal_bsp.a(alt_dev.o)
 .text          0x00009b58      0x114 ../count_binary_bsp/\libhal_bsp.a(alt_dev_llist_insert.o)
                0x00009b58                alt_dev_llist_insert
 .text          0x00009c6c        0x0 ../count_binary_bsp/\libhal_bsp.a(alt_errno.o)
 .text          0x00009c6c       0x30 ../count_binary_bsp/\libhal_bsp.a(alt_icache_flush_all.o)
                0x00009c6c                alt_icache_flush_all
 .text          0x00009c9c      0x1d4 ../count_binary_bsp/\libhal_bsp.a(alt_iic.o)
                0x00009c9c                alt_ic_isr_register
                0x00009cec                alt_ic_irq_enable
                0x00009d88                alt_ic_irq_disable
                0x00009e28                alt_ic_irq_enabled
 .text          0x00009e70       0xf8 ../count_binary_bsp/\libhal_bsp.a(alt_iic_isr_register.o)
                0x00009e70                alt_iic_isr_register
 .text          0x00009f68      0x150 ../count_binary_bsp/\libhal_bsp.a(alt_io_redirect.o)
                0x0000a040                alt_io_redirect
 .text          0x0000a0b8        0x0 ../count_binary_bsp/\libhal_bsp.a(alt_irq_entry.o)
 .text          0x0000a0b8        0x0 ../count_binary_bsp/\libhal_bsp.a(alt_irq_handler.o)
 .text          0x0000a0b8        0x0 ../count_binary_bsp/\libhal_bsp.a(alt_irq_vars.o)
 .text          0x0000a0b8      0x2e4 ../count_binary_bsp/\libhal_bsp.a(alt_open.o)
                0x0000a1b0                open
 .text          0x0000a39c       0x78 ../count_binary_bsp/\libhal_bsp.a(alt_release_fd.o)
                0x0000a39c                alt_release_fd
 .text          0x0000a414      0x1a4 ../count_binary_bsp/\libhal_bsp.a(alt_tick.o)
                0x0000a414                alt_alarm_stop
                0x0000a4ac                alt_tick
 .text          0x0000a5b8       0x20 ../count_binary_bsp/\libhal_bsp.a(altera_nios2_qsys_irq.o)
                0x0000a5b8                altera_nios2_qsys_irq_init
 .text          0x0000a5d8        0x0 ../count_binary_bsp/\libhal_bsp.a(alt_exception_entry.o)
 .text          0x0000a5d8       0x94 ../count_binary_bsp/\libhal_bsp.a(alt_find_dev.o)
                0x0000a5d8                alt_find_dev
 .text          0x0000a66c      0x120 ../count_binary_bsp/\libhal_bsp.a(alt_find_file.o)
                0x0000a66c                alt_find_file
 .text          0x0000a78c       0xd0 ../count_binary_bsp/\libhal_bsp.a(alt_get_fd.o)
                0x0000a78c                alt_get_fd
 .text          0x0000a85c       0x90 ../count_binary_bsp/\libhal_bsp.a(alt_icache_flush.o)
                0x0000a85c                alt_icache_flush
 .text          0x0000a8ec       0x20 c:/altera/12.0sp1/nios2eds/bin/gnu/h-i686-mingw32/bin/../lib/gcc/nios2-elf/4.1.2/../../../../nios2-elf/lib/mno-hw-mul\libsmallc.a(lib_a-exit.o)
                0x0000a8ec                exit
 .text          0x0000a90c       0x3c c:/altera/12.0sp1/nios2eds/bin/gnu/h-i686-mingw32/bin/../lib/gcc/nios2-elf/4.1.2/../../../../nios2-elf/lib/mno-hw-mul\libsmallc.a(lib_a-memcmp.o)
                0x0000a90c                memcmp
 .text          0x0000a948      0x1c0 c:/altera/12.0sp1/nios2eds/bin/gnu/h-i686-mingw32/bin/../lib/gcc/nios2-elf/4.1.2/../../../../nios2-elf/lib/mno-hw-mul\libsmallc.a(lib_a-__call_atexit.o)
                0x0000a94c                __call_exitprocs
 .text          0x0000ab08       0x60 ../count_binary_bsp/\libhal_bsp.a(alt_exit.o)
                0x0000ab48                _exit
 *(.gnu.warning.*)
 *(.fini)
                0x0000ab68                PROVIDE (__etext, ABSOLUTE (.))
                0x0000ab68                PROVIDE (_etext, ABSOLUTE (.))
                0x0000ab68                PROVIDE (etext, ABSOLUTE (.))
 *(.eh_frame_hdr)
                0x0000ab68                . = ALIGN (0x4)
                0x0000ab68                PROVIDE (__preinit_array_start, ABSOLUTE (.))
 *(.preinit_array)
                0x0000ab68                PROVIDE (__preinit_array_end, ABSOLUTE (.))
                0x0000ab68                PROVIDE (__init_array_start, ABSOLUTE (.))
 *(.init_array)
                0x0000ab68                PROVIDE (__init_array_end, ABSOLUTE (.))
                0x0000ab68                PROVIDE (__fini_array_start, ABSOLUTE (.))
 *(.fini_array)
                0x0000ab68                PROVIDE (__fini_array_end, ABSOLUTE (.))
 *(.eh_frame)
 *(.gcc_except_table)
 *(.dynamic)
                0x0000ab68                PROVIDE (__CTOR_LIST__, ABSOLUTE (.))
 *(.ctors)
 *(SORT(.ctors.*))
 .ctors.65535   0x0000ab68        0x4 c:/altera/12.0sp1/nios2eds/bin/gnu/h-i686-mingw32/bin/../lib/gcc/nios2-elf/4.1.2/../../../../nios2-elf/lib/mno-hw-mul\libsmallc.a(lib_a-__call_atexit.o)
                0x0000ab6c                PROVIDE (__CTOR_END__, ABSOLUTE (.))
                0x0000ab6c                PROVIDE (__DTOR_LIST__, ABSOLUTE (.))
 *(.dtors)
 *(SORT(.dtors.*))
                0x0000ab6c                PROVIDE (__DTOR_END__, ABSOLUTE (.))
 *(.jcr)
                0x0000ab6c                . = ALIGN (0x4)

.rodata         0x0000ab6c      0x110
                0x0000ab6c                PROVIDE (__ram_rodata_start, ABSOLUTE (.))
                0x0000ab6c                . = ALIGN (0x4)
 *(.rodata .rodata.* .gnu.linkonce.r.*)
 .rodata        0x0000ab6c       0xe0 obj/default/count_binary.o
 .rodata.str1.4
                0x0000ac4c        0x4 c:/altera/12.0sp1/nios2eds/bin/gnu/h-i686-mingw32/bin/../lib/gcc/nios2-elf/4.1.2/../../../../nios2-elf/lib/mno-hw-mul\libsmallc.a(lib_a-puts.o)
 .rodata        0x0000ac50       0x10 ../count_binary_bsp/\libhal_bsp.a(alt_main.o)
 .rodata        0x0000ac60       0x10 ../count_binary_bsp/\libhal_bsp.a(alt_sys_init.o)
 .rodata        0x0000ac70        0xc ../count_binary_bsp/\libhal_bsp.a(alt_dev.o)
 *(.rodata1)
                0x0000ac7c                . = ALIGN (0x4)
                0x0000ac7c                PROVIDE (__ram_rodata_end, ABSOLUTE (.))
                0x0000ab6c                PROVIDE (__flash_rodata_start, LOADADDR (.rodata))

.rwdata         0x0000ac7c      0x2e0 load address 0x0000af5c
                0x0000ac7c                PROVIDE (__ram_rwdata_start, ABSOLUTE (.))
                0x0000ac7c                . = ALIGN (0x4)
 *(.got.plt)
 *(.got)
 *(.data1)
 *(.data .data.* .gnu.linkonce.d.*)
 .data          0x0000ac7c        0x0 ../count_binary_bsp//obj/HAL/src/crt0.o
 .data          0x0000ac7c        0x0 obj/default/count_binary.o
 .data          0x0000ac7c        0x0 c:/altera/12.0sp1/nios2eds/bin/gnu/h-i686-mingw32/bin/../lib/gcc/nios2-elf/4.1.2/mno-hw-mul\libgcc.a(lib2-divmod.o)
 .data          0x0000ac7c        0x0 c:/altera/12.0sp1/nios2eds/bin/gnu/h-i686-mingw32/bin/../lib/gcc/nios2-elf/4.1.2/../../../../nios2-elf/lib/mno-hw-mul\libsmallc.a(lib_a-printf.o)
 .data          0x0000ac7c        0x0 c:/altera/12.0sp1/nios2eds/bin/gnu/h-i686-mingw32/bin/../lib/gcc/nios2-elf/4.1.2/../../../../nios2-elf/lib/mno-hw-mul\libsmallc.a(lib_a-putchar.o)
 .data          0x0000ac7c        0x0 c:/altera/12.0sp1/nios2eds/bin/gnu/h-i686-mingw32/bin/../lib/gcc/nios2-elf/4.1.2/../../../../nios2-elf/lib/mno-hw-mul\libsmallc.a(lib_a-puts.o)
 .data          0x0000ac7c        0x0 c:/altera/12.0sp1/nios2eds/bin/gnu/h-i686-mingw32/bin/../lib/gcc/nios2-elf/4.1.2/../../../../nios2-elf/lib/mno-hw-mul\libsmallc.a(lib_a-strlen.o)
 .data          0x0000ac7c        0x0 c:/altera/12.0sp1/nios2eds/bin/gnu/h-i686-mingw32/bin/../lib/gcc/nios2-elf/4.1.2/../../../../nios2-elf/lib/mno-hw-mul\libsmallc.a(lib_a-vfprintf.o)
 .data          0x0000ac7c        0x0 c:/altera/12.0sp1/nios2eds/bin/gnu/h-i686-mingw32/bin/../lib/gcc/nios2-elf/4.1.2/../../../../nios2-elf/lib/mno-hw-mul\libsmallc.a(lib_a-fvwrite_small_dev.o)
 .data          0x0000ac7c       0xe0 c:/altera/12.0sp1/nios2eds/bin/gnu/h-i686-mingw32/bin/../lib/gcc/nios2-elf/4.1.2/../../../../nios2-elf/lib/mno-hw-mul\libsmallc.a(lib_a-impure.o)
 .data          0x0000ad5c        0x0 c:/altera/12.0sp1/nios2eds/bin/gnu/h-i686-mingw32/bin/../lib/gcc/nios2-elf/4.1.2/../../../../nios2-elf/lib/mno-hw-mul\libsmallc.a(lib_a-putc.o)
 .data          0x0000ad5c        0x0 c:/altera/12.0sp1/nios2eds/bin/gnu/h-i686-mingw32/bin/../lib/gcc/nios2-elf/4.1.2/../../../../nios2-elf/lib/mno-hw-mul\libsmallc.a(lib_a-writer.o)
 .data          0x0000ad5c        0x0 c:/altera/12.0sp1/nios2eds/bin/gnu/h-i686-mingw32/bin/../lib/gcc/nios2-elf/4.1.2/../../../../nios2-elf/lib/mno-hw-mul\libsmallc.a(lib_a-int_errno.o)
 .data          0x0000ad5c        0x0 c:/altera/12.0sp1/nios2eds/bin/gnu/h-i686-mingw32/bin/../lib/gcc/nios2-elf/4.1.2/mno-hw-mul\libgcc.a(lib2-mul.o)
 .data          0x0000ad5c        0x0 ../count_binary_bsp/\libhal_bsp.a(alt_load.o)
 .data          0x0000ad5c        0x0 ../count_binary_bsp/\libhal_bsp.a(alt_main.o)
 .data          0x0000ad5c        0x0 ../count_binary_bsp/\libhal_bsp.a(alt_usleep.o)
 .data          0x0000ad5c        0x0 ../count_binary_bsp/\libhal_bsp.a(alt_write.o)
 .data          0x0000ad5c       0x2c ../count_binary_bsp/\libhal_bsp.a(alt_sys_init.o)
 .data          0x0000ad88        0x0 ../count_binary_bsp/\libhal_bsp.a(altera_avalon_jtag_uart_fd.o)
 .data          0x0000ad88        0x0 ../count_binary_bsp/\libhal_bsp.a(altera_avalon_jtag_uart_read.o)
 .data          0x0000ad88        0x0 ../count_binary_bsp/\libhal_bsp.a(altera_avalon_jtag_uart_write.o)
 .data          0x0000ad88        0x0 ../count_binary_bsp/\libhal_bsp.a(altera_avalon_timer_sc.o)
 .data          0x0000ad88        0x0 ../count_binary_bsp/\libhal_bsp.a(alt_busy_sleep.o)
 .data          0x0000ad88        0x0 ../count_binary_bsp/\libhal_bsp.a(alt_close.o)
 .data          0x0000ad88        0x0 ../count_binary_bsp/\libhal_bsp.a(alt_dcache_flush_all.o)
 .data          0x0000ad88      0x1a8 ../count_binary_bsp/\libhal_bsp.a(alt_dev.o)
                0x0000ad88                alt_dev_null
                0x0000adb0                alt_fd_list
 .data          0x0000af30        0x0 ../count_binary_bsp/\libhal_bsp.a(alt_dev_llist_insert.o)
 .data          0x0000af30        0x0 ../count_binary_bsp/\libhal_bsp.a(alt_errno.o)
 .data          0x0000af30        0x0 ../count_binary_bsp/\libhal_bsp.a(alt_icache_flush_all.o)
 .data          0x0000af30        0x0 ../count_binary_bsp/\libhal_bsp.a(alt_iic.o)
 .data          0x0000af30        0x0 ../count_binary_bsp/\libhal_bsp.a(alt_iic_isr_register.o)
 .data          0x0000af30        0x0 ../count_binary_bsp/\libhal_bsp.a(alt_io_redirect.o)
 .data          0x0000af30        0x0 ../count_binary_bsp/\libhal_bsp.a(alt_irq_entry.o)
 .data          0x0000af30        0x0 ../count_binary_bsp/\libhal_bsp.a(alt_irq_handler.o)
 .data          0x0000af30        0x0 ../count_binary_bsp/\libhal_bsp.a(alt_irq_vars.o)
 .data          0x0000af30        0x0 ../count_binary_bsp/\libhal_bsp.a(alt_open.o)
 .data          0x0000af30        0x0 ../count_binary_bsp/\libhal_bsp.a(alt_release_fd.o)
 .data          0x0000af30        0x0 ../count_binary_bsp/\libhal_bsp.a(alt_tick.o)
 .data          0x0000af30        0x0 ../count_binary_bsp/\libhal_bsp.a(altera_nios2_qsys_irq.o)
 .data          0x0000af30        0x0 ../count_binary_bsp/\libhal_bsp.a(alt_exception_entry.o)
 .data          0x0000af30        0x0 ../count_binary_bsp/\libhal_bsp.a(alt_find_dev.o)
 .data          0x0000af30        0x0 ../count_binary_bsp/\libhal_bsp.a(alt_find_file.o)
 .data          0x0000af30        0x0 ../count_binary_bsp/\libhal_bsp.a(alt_get_fd.o)
 .data          0x0000af30        0x0 ../count_binary_bsp/\libhal_bsp.a(alt_icache_flush.o)
 .data          0x0000af30        0x0 c:/altera/12.0sp1/nios2eds/bin/gnu/h-i686-mingw32/bin/../lib/gcc/nios2-elf/4.1.2/../../../../nios2-elf/lib/mno-hw-mul\libsmallc.a(lib_a-exit.o)
 .data          0x0000af30        0x0 c:/altera/12.0sp1/nios2eds/bin/gnu/h-i686-mingw32/bin/../lib/gcc/nios2-elf/4.1.2/../../../../nios2-elf/lib/mno-hw-mul\libsmallc.a(lib_a-memcmp.o)
 .data          0x0000af30        0x0 c:/altera/12.0sp1/nios2eds/bin/gnu/h-i686-mingw32/bin/../lib/gcc/nios2-elf/4.1.2/../../../../nios2-elf/lib/mno-hw-mul\libsmallc.a(lib_a-__call_atexit.o)
 .data          0x0000af30        0x0 ../count_binary_bsp/\libhal_bsp.a(alt_exit.o)
                0x00012f30                _gp = ABSOLUTE ((. + 0x8000))
                0x00012f30                PROVIDE (gp, _gp)
 *(.rwdata .rwdata.*)
 *(.sdata .sdata.* .gnu.linkonce.s.*)
 .sdata         0x0000af30        0x8 c:/altera/12.0sp1/nios2eds/bin/gnu/h-i686-mingw32/bin/../lib/gcc/nios2-elf/4.1.2/../../../../nios2-elf/lib/mno-hw-mul\libsmallc.a(lib_a-impure.o)
                0x0000af30                _impure_ptr
                0x0000af34                _global_impure_ptr
 .sdata         0x0000af38       0x14 ../count_binary_bsp/\libhal_bsp.a(alt_dev.o)
                0x0000af38                alt_fs_list
                0x0000af40                alt_dev_list
                0x0000af48                alt_max_fd
 .sdata         0x0000af4c        0x4 ../count_binary_bsp/\libhal_bsp.a(alt_errno.o)
                0x0000af4c                alt_errno
 .sdata         0x0000af50        0x4 ../count_binary_bsp/\libhal_bsp.a(alt_irq_vars.o)
                0x0000af50                alt_priority_mask
 .sdata         0x0000af54        0x8 ../count_binary_bsp/\libhal_bsp.a(alt_tick.o)
                0x0000af54                alt_alarm_list
 *(.sdata2 .sdata2.* .gnu.linkonce.s2.*)
                0x0000af5c                . = ALIGN (0x4)
                0x0000af5c                _edata = ABSOLUTE (.)
                0x0000af5c                PROVIDE (edata, ABSOLUTE (.))
                0x0000af5c                PROVIDE (__ram_rwdata_end, ABSOLUTE (.))
                0x0000af5c                PROVIDE (__flash_rwdata_start, LOADADDR (.rwdata))

.bss            0x0000b23c      0x124
                0x0000b23c                __bss_start = ABSOLUTE (.)
                0x0000b23c                PROVIDE (__sbss_start, ABSOLUTE (.))
                0x0000b23c                PROVIDE (___sbss_start, ABSOLUTE (.))
 *(.dynsbss)
 *(.sbss .sbss.* .gnu.linkonce.sb.*)
 .sbss          0x0000b23c        0x1 obj/default/count_binary.o
 *fill*         0x0000b23d        0x3 00
 .sbss          0x0000b240        0x4 obj/default/count_binary.o
                0x0000b240                edge_capture
 .sbss          0x0000b244        0x4 c:/altera/12.0sp1/nios2eds/bin/gnu/h-i686-mingw32/bin/../lib/gcc/nios2-elf/4.1.2/../../../../nios2-elf/lib/mno-hw-mul\libsmallc.a(lib_a-int_errno.o)
                0x0000b244                errno
 .sbss          0x0000b248        0xc ../count_binary_bsp/\libhal_bsp.a(alt_main.o)
                0x0000b248                alt_argc
                0x0000b24c                alt_argv
                0x0000b250                alt_envp
 .sbss          0x0000b254        0x4 ../count_binary_bsp/\libhal_bsp.a(alt_irq_vars.o)
                0x0000b254                alt_irq_active
 .sbss          0x0000b258        0x8 ../count_binary_bsp/\libhal_bsp.a(alt_tick.o)
                0x0000b258                _alt_tick_rate
                0x0000b25c                _alt_nticks
 *(.sbss2 .sbss2.* .gnu.linkonce.sb2.*)
 *(.scommon)
                0x0000b260                PROVIDE (__sbss_end, ABSOLUTE (.))
                0x0000b260                PROVIDE (___sbss_end, ABSOLUTE (.))
 *(.dynbss)
 *(.bss .bss.* .gnu.linkonce.b.*)
 .bss           0x0000b260        0x0 ../count_binary_bsp//obj/HAL/src/crt0.o
 .bss           0x0000b260        0x0 obj/default/count_binary.o
 .bss           0x0000b260        0x0 c:/altera/12.0sp1/nios2eds/bin/gnu/h-i686-mingw32/bin/../lib/gcc/nios2-elf/4.1.2/mno-hw-mul\libgcc.a(lib2-divmod.o)
 .bss           0x0000b260        0x0 c:/altera/12.0sp1/nios2eds/bin/gnu/h-i686-mingw32/bin/../lib/gcc/nios2-elf/4.1.2/../../../../nios2-elf/lib/mno-hw-mul\libsmallc.a(lib_a-printf.o)
 .bss           0x0000b260        0x0 c:/altera/12.0sp1/nios2eds/bin/gnu/h-i686-mingw32/bin/../lib/gcc/nios2-elf/4.1.2/../../../../nios2-elf/lib/mno-hw-mul\libsmallc.a(lib_a-putchar.o)
 .bss           0x0000b260        0x0 c:/altera/12.0sp1/nios2eds/bin/gnu/h-i686-mingw32/bin/../lib/gcc/nios2-elf/4.1.2/../../../../nios2-elf/lib/mno-hw-mul\libsmallc.a(lib_a-puts.o)
 .bss           0x0000b260        0x0 c:/altera/12.0sp1/nios2eds/bin/gnu/h-i686-mingw32/bin/../lib/gcc/nios2-elf/4.1.2/../../../../nios2-elf/lib/mno-hw-mul\libsmallc.a(lib_a-strlen.o)
 .bss           0x0000b260        0x0 c:/altera/12.0sp1/nios2eds/bin/gnu/h-i686-mingw32/bin/../lib/gcc/nios2-elf/4.1.2/../../../../nios2-elf/lib/mno-hw-mul\libsmallc.a(lib_a-vfprintf.o)
 .bss           0x0000b260        0x0 c:/altera/12.0sp1/nios2eds/bin/gnu/h-i686-mingw32/bin/../lib/gcc/nios2-elf/4.1.2/../../../../nios2-elf/lib/mno-hw-mul\libsmallc.a(lib_a-fvwrite_small_dev.o)
 .bss           0x0000b260        0x0 c:/altera/12.0sp1/nios2eds/bin/gnu/h-i686-mingw32/bin/../lib/gcc/nios2-elf/4.1.2/../../../../nios2-elf/lib/mno-hw-mul\libsmallc.a(lib_a-impure.o)
 .bss           0x0000b260        0x0 c:/altera/12.0sp1/nios2eds/bin/gnu/h-i686-mingw32/bin/../lib/gcc/nios2-elf/4.1.2/../../../../nios2-elf/lib/mno-hw-mul\libsmallc.a(lib_a-putc.o)
 .bss           0x0000b260        0x0 c:/altera/12.0sp1/nios2eds/bin/gnu/h-i686-mingw32/bin/../lib/gcc/nios2-elf/4.1.2/../../../../nios2-elf/lib/mno-hw-mul\libsmallc.a(lib_a-writer.o)
 .bss           0x0000b260        0x0 c:/altera/12.0sp1/nios2eds/bin/gnu/h-i686-mingw32/bin/../lib/gcc/nios2-elf/4.1.2/../../../../nios2-elf/lib/mno-hw-mul\libsmallc.a(lib_a-int_errno.o)
 .bss           0x0000b260        0x0 c:/altera/12.0sp1/nios2eds/bin/gnu/h-i686-mingw32/bin/../lib/gcc/nios2-elf/4.1.2/mno-hw-mul\libgcc.a(lib2-mul.o)
 .bss           0x0000b260        0x0 ../count_binary_bsp/\libhal_bsp.a(alt_load.o)
 .bss           0x0000b260        0x0 ../count_binary_bsp/\libhal_bsp.a(alt_main.o)
 .bss           0x0000b260        0x0 ../count_binary_bsp/\libhal_bsp.a(alt_usleep.o)
 .bss           0x0000b260        0x0 ../count_binary_bsp/\libhal_bsp.a(alt_write.o)
 .bss           0x0000b260        0x0 ../count_binary_bsp/\libhal_bsp.a(alt_sys_init.o)
 .bss           0x0000b260        0x0 ../count_binary_bsp/\libhal_bsp.a(altera_avalon_jtag_uart_fd.o)
 .bss           0x0000b260        0x0 ../count_binary_bsp/\libhal_bsp.a(altera_avalon_jtag_uart_read.o)
 .bss           0x0000b260        0x0 ../count_binary_bsp/\libhal_bsp.a(altera_avalon_jtag_uart_write.o)
 .bss           0x0000b260        0x0 ../count_binary_bsp/\libhal_bsp.a(altera_avalon_timer_sc.o)
 .bss           0x0000b260        0x0 ../count_binary_bsp/\libhal_bsp.a(alt_busy_sleep.o)
 .bss           0x0000b260        0x0 ../count_binary_bsp/\libhal_bsp.a(alt_close.o)
 .bss           0x0000b260        0x0 ../count_binary_bsp/\libhal_bsp.a(alt_dcache_flush_all.o)
 .bss           0x0000b260        0x0 ../count_binary_bsp/\libhal_bsp.a(alt_dev.o)
 .bss           0x0000b260        0x0 ../count_binary_bsp/\libhal_bsp.a(alt_dev_llist_insert.o)
 .bss           0x0000b260        0x0 ../count_binary_bsp/\libhal_bsp.a(alt_errno.o)
 .bss           0x0000b260        0x0 ../count_binary_bsp/\libhal_bsp.a(alt_icache_flush_all.o)
 .bss           0x0000b260        0x0 ../count_binary_bsp/\libhal_bsp.a(alt_iic.o)
 .bss           0x0000b260        0x0 ../count_binary_bsp/\libhal_bsp.a(alt_iic_isr_register.o)
 .bss           0x0000b260        0x0 ../count_binary_bsp/\libhal_bsp.a(alt_io_redirect.o)
 .bss           0x0000b260        0x0 ../count_binary_bsp/\libhal_bsp.a(alt_irq_entry.o)
 .bss           0x0000b260        0x0 ../count_binary_bsp/\libhal_bsp.a(alt_irq_handler.o)
 .bss           0x0000b260        0x0 ../count_binary_bsp/\libhal_bsp.a(alt_irq_vars.o)
 .bss           0x0000b260        0x0 ../count_binary_bsp/\libhal_bsp.a(alt_open.o)
 .bss           0x0000b260        0x0 ../count_binary_bsp/\libhal_bsp.a(alt_release_fd.o)
 .bss           0x0000b260        0x0 ../count_binary_bsp/\libhal_bsp.a(alt_tick.o)
 .bss           0x0000b260        0x0 ../count_binary_bsp/\libhal_bsp.a(altera_nios2_qsys_irq.o)
 .bss           0x0000b260        0x0 ../count_binary_bsp/\libhal_bsp.a(alt_exception_entry.o)
 .bss           0x0000b260        0x0 ../count_binary_bsp/\libhal_bsp.a(alt_find_dev.o)
 .bss           0x0000b260        0x0 ../count_binary_bsp/\libhal_bsp.a(alt_find_file.o)
 .bss           0x0000b260        0x0 ../count_binary_bsp/\libhal_bsp.a(alt_get_fd.o)
 .bss           0x0000b260        0x0 ../count_binary_bsp/\libhal_bsp.a(alt_icache_flush.o)
 .bss           0x0000b260        0x0 c:/altera/12.0sp1/nios2eds/bin/gnu/h-i686-mingw32/bin/../lib/gcc/nios2-elf/4.1.2/../../../../nios2-elf/lib/mno-hw-mul\libsmallc.a(lib_a-exit.o)
 .bss           0x0000b260        0x0 c:/altera/12.0sp1/nios2eds/bin/gnu/h-i686-mingw32/bin/../lib/gcc/nios2-elf/4.1.2/../../../../nios2-elf/lib/mno-hw-mul\libsmallc.a(lib_a-memcmp.o)
 .bss           0x0000b260        0x0 c:/altera/12.0sp1/nios2eds/bin/gnu/h-i686-mingw32/bin/../lib/gcc/nios2-elf/4.1.2/../../../../nios2-elf/lib/mno-hw-mul\libsmallc.a(lib_a-__call_atexit.o)
 .bss           0x0000b260        0x0 ../count_binary_bsp/\libhal_bsp.a(alt_exit.o)
 *(COMMON)
 COMMON         0x0000b260      0x100 ../count_binary_bsp/\libhal_bsp.a(alt_irq_handler.o)
                0x0000b260                alt_irq
                0x0000b360                . = ALIGN (0x4)
                0x0000b360                __bss_end = ABSOLUTE (.)

.onchip_mem     0x0000b360        0x0
                0x0000b360                PROVIDE (_alt_partition_onchip_mem_start, ABSOLUTE (.))
 *(.onchip_mem. onchip_mem.*)
                0x0000b360                . = ALIGN (0x4)
                0x0000b360                PROVIDE (_alt_partition_onchip_mem_end, ABSOLUTE (.))
                0x0000b360                _end = ABSOLUTE (.)
                0x0000b360                end = ABSOLUTE (.)
                0x0000b360                __alt_stack_base = ABSOLUTE (.)
                0x0000b360                PROVIDE (_alt_partition_onchip_mem_load_addr, LOADADDR (.onchip_mem))

.stab
 *(.stab)

.stabstr
 *(.stabstr)

.stab.excl
 *(.stab.excl)

.stab.exclstr
 *(.stab.exclstr)

.stab.index
 *(.stab.index)

.stab.indexstr
 *(.stab.indexstr)

.comment        0x00000000       0x26
 *(.comment)
 .comment       0x00000000       0x26 obj/default/count_binary.o
                                 0x27 (size before relaxing)
 .comment       0x00000000       0x27 c:/altera/12.0sp1/nios2eds/bin/gnu/h-i686-mingw32/bin/../lib/gcc/nios2-elf/4.1.2/mno-hw-mul\libgcc.a(lib2-divmod.o)
 .comment       0x00000000       0x27 c:/altera/12.0sp1/nios2eds/bin/gnu/h-i686-mingw32/bin/../lib/gcc/nios2-elf/4.1.2/../../../../nios2-elf/lib/mno-hw-mul\libsmallc.a(lib_a-printf.o)
 .comment       0x00000000       0x27 c:/altera/12.0sp1/nios2eds/bin/gnu/h-i686-mingw32/bin/../lib/gcc/nios2-elf/4.1.2/../../../../nios2-elf/lib/mno-hw-mul\libsmallc.a(lib_a-putchar.o)
 .comment       0x00000000       0x27 c:/altera/12.0sp1/nios2eds/bin/gnu/h-i686-mingw32/bin/../lib/gcc/nios2-elf/4.1.2/../../../../nios2-elf/lib/mno-hw-mul\libsmallc.a(lib_a-puts.o)
 .comment       0x00000000       0x27 c:/altera/12.0sp1/nios2eds/bin/gnu/h-i686-mingw32/bin/../lib/gcc/nios2-elf/4.1.2/../../../../nios2-elf/lib/mno-hw-mul\libsmallc.a(lib_a-strlen.o)
 .comment       0x00000000       0x27 c:/altera/12.0sp1/nios2eds/bin/gnu/h-i686-mingw32/bin/../lib/gcc/nios2-elf/4.1.2/../../../../nios2-elf/lib/mno-hw-mul\libsmallc.a(lib_a-vfprintf.o)
 .comment       0x00000000       0x27 c:/altera/12.0sp1/nios2eds/bin/gnu/h-i686-mingw32/bin/../lib/gcc/nios2-elf/4.1.2/../../../../nios2-elf/lib/mno-hw-mul\libsmallc.a(lib_a-fvwrite_small_dev.o)
 .comment       0x00000000       0x27 c:/altera/12.0sp1/nios2eds/bin/gnu/h-i686-mingw32/bin/../lib/gcc/nios2-elf/4.1.2/../../../../nios2-elf/lib/mno-hw-mul\libsmallc.a(lib_a-impure.o)
 .comment       0x00000000       0x27 c:/altera/12.0sp1/nios2eds/bin/gnu/h-i686-mingw32/bin/../lib/gcc/nios2-elf/4.1.2/../../../../nios2-elf/lib/mno-hw-mul\libsmallc.a(lib_a-putc.o)
 .comment       0x00000000       0x27 c:/altera/12.0sp1/nios2eds/bin/gnu/h-i686-mingw32/bin/../lib/gcc/nios2-elf/4.1.2/../../../../nios2-elf/lib/mno-hw-mul\libsmallc.a(lib_a-writer.o)
 .comment       0x00000000       0x27 c:/altera/12.0sp1/nios2eds/bin/gnu/h-i686-mingw32/bin/../lib/gcc/nios2-elf/4.1.2/../../../../nios2-elf/lib/mno-hw-mul\libsmallc.a(lib_a-int_errno.o)
 .comment       0x00000000       0x27 c:/altera/12.0sp1/nios2eds/bin/gnu/h-i686-mingw32/bin/../lib/gcc/nios2-elf/4.1.2/mno-hw-mul\libgcc.a(lib2-mul.o)
 .comment       0x00000000       0x27 ../count_binary_bsp/\libhal_bsp.a(alt_load.o)
 .comment       0x00000000       0x27 ../count_binary_bsp/\libhal_bsp.a(alt_main.o)
 .comment       0x00000000       0x27 ../count_binary_bsp/\libhal_bsp.a(alt_usleep.o)
 .comment       0x00000000       0x27 ../count_binary_bsp/\libhal_bsp.a(alt_write.o)
 .comment       0x00000000       0x27 ../count_binary_bsp/\libhal_bsp.a(alt_sys_init.o)
 .comment       0x00000000       0x27 ../count_binary_bsp/\libhal_bsp.a(altera_avalon_jtag_uart_fd.o)
 .comment       0x00000000       0x27 ../count_binary_bsp/\libhal_bsp.a(altera_avalon_jtag_uart_read.o)
 .comment       0x00000000       0x27 ../count_binary_bsp/\libhal_bsp.a(altera_avalon_jtag_uart_write.o)
 .comment       0x00000000       0x27 ../count_binary_bsp/\libhal_bsp.a(altera_avalon_timer_sc.o)
 .comment       0x00000000       0x27 ../count_binary_bsp/\libhal_bsp.a(alt_busy_sleep.o)
 .comment       0x00000000       0x27 ../count_binary_bsp/\libhal_bsp.a(alt_close.o)
 .comment       0x00000000       0x27 ../count_binary_bsp/\libhal_bsp.a(alt_dcache_flush_all.o)
 .comment       0x00000000       0x27 ../count_binary_bsp/\libhal_bsp.a(alt_dev.o)
 .comment       0x00000000       0x27 ../count_binary_bsp/\libhal_bsp.a(alt_dev_llist_insert.o)
 .comment       0x00000000       0x27 ../count_binary_bsp/\libhal_bsp.a(alt_errno.o)
 .comment       0x00000000       0x27 ../count_binary_bsp/\libhal_bsp.a(alt_icache_flush_all.o)
 .comment       0x00000000       0x27 ../count_binary_bsp/\libhal_bsp.a(alt_iic.o)
 .comment       0x00000000       0x27 ../count_binary_bsp/\libhal_bsp.a(alt_iic_isr_register.o)
 .comment       0x00000000       0x27 ../count_binary_bsp/\libhal_bsp.a(alt_io_redirect.o)
 .comment       0x00000000       0x27 ../count_binary_bsp/\libhal_bsp.a(alt_irq_handler.o)
 .comment       0x00000000       0x27 ../count_binary_bsp/\libhal_bsp.a(alt_irq_vars.o)
 .comment       0x00000000       0x27 ../count_binary_bsp/\libhal_bsp.a(alt_open.o)
 .comment       0x00000000       0x27 ../count_binary_bsp/\libhal_bsp.a(alt_release_fd.o)
 .comment       0x00000000       0x27 ../count_binary_bsp/\libhal_bsp.a(alt_tick.o)
 .comment       0x00000000       0x27 ../count_binary_bsp/\libhal_bsp.a(altera_nios2_qsys_irq.o)
 .comment       0x00000000       0x27 ../count_binary_bsp/\libhal_bsp.a(alt_find_dev.o)
 .comment       0x00000000       0x27 ../count_binary_bsp/\libhal_bsp.a(alt_find_file.o)
 .comment       0x00000000       0x27 ../count_binary_bsp/\libhal_bsp.a(alt_get_fd.o)
 .comment       0x00000000       0x27 ../count_binary_bsp/\libhal_bsp.a(alt_icache_flush.o)
 .comment       0x00000000       0x27 c:/altera/12.0sp1/nios2eds/bin/gnu/h-i686-mingw32/bin/../lib/gcc/nios2-elf/4.1.2/../../../../nios2-elf/lib/mno-hw-mul\libsmallc.a(lib_a-exit.o)
 .comment       0x00000000       0x27 c:/altera/12.0sp1/nios2eds/bin/gnu/h-i686-mingw32/bin/../lib/gcc/nios2-elf/4.1.2/../../../../nios2-elf/lib/mno-hw-mul\libsmallc.a(lib_a-memcmp.o)
 .comment       0x00000000       0x27 c:/altera/12.0sp1/nios2eds/bin/gnu/h-i686-mingw32/bin/../lib/gcc/nios2-elf/4.1.2/../../../../nios2-elf/lib/mno-hw-mul\libsmallc.a(lib_a-__call_atexit.o)
 .comment       0x00000000       0x27 ../count_binary_bsp/\libhal_bsp.a(alt_exit.o)

.debug
 *(.debug)

.line
 *(.line)

.debug_srcinfo
 *(.debug_srcinfo)

.debug_sfnames
 *(.debug_sfnames)

.debug_aranges  0x00000000      0x5d8
 *(.debug_aranges)
 .debug_aranges
                0x00000000       0x28 ../count_binary_bsp//obj/HAL/src/crt0.o
 .debug_aranges
                0x00000028       0x20 obj/default/count_binary.o
 .debug_aranges
                0x00000048       0x20 c:/altera/12.0sp1/nios2eds/bin/gnu/h-i686-mingw32/bin/../lib/gcc/nios2-elf/4.1.2/mno-hw-mul\libgcc.a(lib2-divmod.o)
 .debug_aranges
                0x00000068       0x20 c:/altera/12.0sp1/nios2eds/bin/gnu/h-i686-mingw32/bin/../lib/gcc/nios2-elf/4.1.2/../../../../nios2-elf/lib/mno-hw-mul\libsmallc.a(lib_a-printf.o)
 .debug_aranges
                0x00000088       0x20 c:/altera/12.0sp1/nios2eds/bin/gnu/h-i686-mingw32/bin/../lib/gcc/nios2-elf/4.1.2/../../../../nios2-elf/lib/mno-hw-mul\libsmallc.a(lib_a-putchar.o)
 .debug_aranges
                0x000000a8       0x20 c:/altera/12.0sp1/nios2eds/bin/gnu/h-i686-mingw32/bin/../lib/gcc/nios2-elf/4.1.2/../../../../nios2-elf/lib/mno-hw-mul\libsmallc.a(lib_a-puts.o)
 .debug_aranges
                0x000000c8       0x20 c:/altera/12.0sp1/nios2eds/bin/gnu/h-i686-mingw32/bin/../lib/gcc/nios2-elf/4.1.2/../../../../nios2-elf/lib/mno-hw-mul\libsmallc.a(lib_a-strlen.o)
 .debug_aranges
                0x000000e8       0x20 c:/altera/12.0sp1/nios2eds/bin/gnu/h-i686-mingw32/bin/../lib/gcc/nios2-elf/4.1.2/../../../../nios2-elf/lib/mno-hw-mul\libsmallc.a(lib_a-vfprintf.o)
 .debug_aranges
                0x00000108       0x20 c:/altera/12.0sp1/nios2eds/bin/gnu/h-i686-mingw32/bin/../lib/gcc/nios2-elf/4.1.2/../../../../nios2-elf/lib/mno-hw-mul\libsmallc.a(lib_a-fvwrite_small_dev.o)
 .debug_aranges
                0x00000128       0x20 c:/altera/12.0sp1/nios2eds/bin/gnu/h-i686-mingw32/bin/../lib/gcc/nios2-elf/4.1.2/../../../../nios2-elf/lib/mno-hw-mul\libsmallc.a(lib_a-putc.o)
 .debug_aranges
                0x00000148       0x20 c:/altera/12.0sp1/nios2eds/bin/gnu/h-i686-mingw32/bin/../lib/gcc/nios2-elf/4.1.2/../../../../nios2-elf/lib/mno-hw-mul\libsmallc.a(lib_a-writer.o)
 .debug_aranges
                0x00000168       0x20 c:/altera/12.0sp1/nios2eds/bin/gnu/h-i686-mingw32/bin/../lib/gcc/nios2-elf/4.1.2/mno-hw-mul\libgcc.a(lib2-mul.o)
 .debug_aranges
                0x00000188       0x20 ../count_binary_bsp/\libhal_bsp.a(alt_load.o)
 .debug_aranges
                0x000001a8       0x20 ../count_binary_bsp/\libhal_bsp.a(alt_main.o)
 .debug_aranges
                0x000001c8       0x20 ../count_binary_bsp/\libhal_bsp.a(alt_usleep.o)
 .debug_aranges
                0x000001e8       0x20 ../count_binary_bsp/\libhal_bsp.a(alt_write.o)
 .debug_aranges
                0x00000208       0x20 ../count_binary_bsp/\libhal_bsp.a(alt_sys_init.o)
 .debug_aranges
                0x00000228       0x20 ../count_binary_bsp/\libhal_bsp.a(altera_avalon_jtag_uart_fd.o)
 .debug_aranges
                0x00000248       0x20 ../count_binary_bsp/\libhal_bsp.a(altera_avalon_jtag_uart_read.o)
 .debug_aranges
                0x00000268       0x20 ../count_binary_bsp/\libhal_bsp.a(altera_avalon_jtag_uart_write.o)
 .debug_aranges
                0x00000288       0x20 ../count_binary_bsp/\libhal_bsp.a(altera_avalon_timer_sc.o)
 .debug_aranges
                0x000002a8       0x20 ../count_binary_bsp/\libhal_bsp.a(alt_busy_sleep.o)
 .debug_aranges
                0x000002c8       0x20 ../count_binary_bsp/\libhal_bsp.a(alt_close.o)
 .debug_aranges
                0x000002e8       0x20 ../count_binary_bsp/\libhal_bsp.a(alt_dcache_flush_all.o)
 .debug_aranges
                0x00000308       0x20 ../count_binary_bsp/\libhal_bsp.a(alt_dev.o)
 .debug_aranges
                0x00000328       0x20 ../count_binary_bsp/\libhal_bsp.a(alt_dev_llist_insert.o)
 .debug_aranges
                0x00000348       0x20 ../count_binary_bsp/\libhal_bsp.a(alt_icache_flush_all.o)
 .debug_aranges
                0x00000368       0x20 ../count_binary_bsp/\libhal_bsp.a(alt_iic.o)
 .debug_aranges
                0x00000388       0x20 ../count_binary_bsp/\libhal_bsp.a(alt_iic_isr_register.o)
 .debug_aranges
                0x000003a8       0x20 ../count_binary_bsp/\libhal_bsp.a(alt_io_redirect.o)
 .debug_aranges
                0x000003c8       0x30 ../count_binary_bsp/\libhal_bsp.a(alt_irq_entry.o)
 .debug_aranges
                0x000003f8       0x28 ../count_binary_bsp/\libhal_bsp.a(alt_irq_handler.o)
 .debug_aranges
                0x00000420       0x20 ../count_binary_bsp/\libhal_bsp.a(alt_open.o)
 .debug_aranges
                0x00000440       0x20 ../count_binary_bsp/\libhal_bsp.a(alt_release_fd.o)
 .debug_aranges
                0x00000460       0x20 ../count_binary_bsp/\libhal_bsp.a(alt_tick.o)
 .debug_aranges
                0x00000480       0x20 ../count_binary_bsp/\libhal_bsp.a(altera_nios2_qsys_irq.o)
 .debug_aranges
                0x000004a0       0x38 ../count_binary_bsp/\libhal_bsp.a(alt_exception_entry.o)
 .debug_aranges
                0x000004d8       0x20 ../count_binary_bsp/\libhal_bsp.a(alt_find_dev.o)
 .debug_aranges
                0x000004f8       0x20 ../count_binary_bsp/\libhal_bsp.a(alt_find_file.o)
 .debug_aranges
                0x00000518       0x20 ../count_binary_bsp/\libhal_bsp.a(alt_get_fd.o)
 .debug_aranges
                0x00000538       0x20 ../count_binary_bsp/\libhal_bsp.a(alt_icache_flush.o)
 .debug_aranges
                0x00000558       0x20 c:/altera/12.0sp1/nios2eds/bin/gnu/h-i686-mingw32/bin/../lib/gcc/nios2-elf/4.1.2/../../../../nios2-elf/lib/mno-hw-mul\libsmallc.a(lib_a-exit.o)
 .debug_aranges
                0x00000578       0x20 c:/altera/12.0sp1/nios2eds/bin/gnu/h-i686-mingw32/bin/../lib/gcc/nios2-elf/4.1.2/../../../../nios2-elf/lib/mno-hw-mul\libsmallc.a(lib_a-memcmp.o)
 .debug_aranges
                0x00000598       0x20 c:/altera/12.0sp1/nios2eds/bin/gnu/h-i686-mingw32/bin/../lib/gcc/nios2-elf/4.1.2/../../../../nios2-elf/lib/mno-hw-mul\libsmallc.a(lib_a-__call_atexit.o)
 .debug_aranges
                0x000005b8       0x20 ../count_binary_bsp/\libhal_bsp.a(alt_exit.o)

.debug_pubnames
                0x00000000      0x851
 *(.debug_pubnames)
 .debug_pubnames
                0x00000000       0x2c obj/default/count_binary.o
 .debug_pubnames
                0x0000002c       0x48 c:/altera/12.0sp1/nios2eds/bin/gnu/h-i686-mingw32/bin/../lib/gcc/nios2-elf/4.1.2/mno-hw-mul\libgcc.a(lib2-divmod.o)
 .debug_pubnames
                0x00000074       0x2b c:/altera/12.0sp1/nios2eds/bin/gnu/h-i686-mingw32/bin/../lib/gcc/nios2-elf/4.1.2/../../../../nios2-elf/lib/mno-hw-mul\libsmallc.a(lib_a-printf.o)
 .debug_pubnames
                0x0000009f       0x2d c:/altera/12.0sp1/nios2eds/bin/gnu/h-i686-mingw32/bin/../lib/gcc/nios2-elf/4.1.2/../../../../nios2-elf/lib/mno-hw-mul\libsmallc.a(lib_a-putchar.o)
 .debug_pubnames
                0x000000cc       0x27 c:/altera/12.0sp1/nios2eds/bin/gnu/h-i686-mingw32/bin/../lib/gcc/nios2-elf/4.1.2/../../../../nios2-elf/lib/mno-hw-mul\libsmallc.a(lib_a-puts.o)
 .debug_pubnames
                0x000000f3       0x1d c:/altera/12.0sp1/nios2eds/bin/gnu/h-i686-mingw32/bin/../lib/gcc/nios2-elf/4.1.2/../../../../nios2-elf/lib/mno-hw-mul\libsmallc.a(lib_a-strlen.o)
 .debug_pubnames
                0x00000110       0x45 c:/altera/12.0sp1/nios2eds/bin/gnu/h-i686-mingw32/bin/../lib/gcc/nios2-elf/4.1.2/../../../../nios2-elf/lib/mno-hw-mul\libsmallc.a(lib_a-vfprintf.o)
 .debug_pubnames
                0x00000155       0x2b c:/altera/12.0sp1/nios2eds/bin/gnu/h-i686-mingw32/bin/../lib/gcc/nios2-elf/4.1.2/../../../../nios2-elf/lib/mno-hw-mul\libsmallc.a(lib_a-fvwrite_small_dev.o)
 .debug_pubnames
                0x00000180       0x39 c:/altera/12.0sp1/nios2eds/bin/gnu/h-i686-mingw32/bin/../lib/gcc/nios2-elf/4.1.2/../../../../nios2-elf/lib/mno-hw-mul\libsmallc.a(lib_a-impure.o)
 .debug_pubnames
                0x000001b9       0x27 c:/altera/12.0sp1/nios2eds/bin/gnu/h-i686-mingw32/bin/../lib/gcc/nios2-elf/4.1.2/../../../../nios2-elf/lib/mno-hw-mul\libsmallc.a(lib_a-putc.o)
 .debug_pubnames
                0x000001e0       0x1f c:/altera/12.0sp1/nios2eds/bin/gnu/h-i686-mingw32/bin/../lib/gcc/nios2-elf/4.1.2/../../../../nios2-elf/lib/mno-hw-mul\libsmallc.a(lib_a-writer.o)
 .debug_pubnames
                0x000001ff       0x1c c:/altera/12.0sp1/nios2eds/bin/gnu/h-i686-mingw32/bin/../lib/gcc/nios2-elf/4.1.2/../../../../nios2-elf/lib/mno-hw-mul\libsmallc.a(lib_a-int_errno.o)
 .debug_pubnames
                0x0000021b       0x1f c:/altera/12.0sp1/nios2eds/bin/gnu/h-i686-mingw32/bin/../lib/gcc/nios2-elf/4.1.2/mno-hw-mul\libgcc.a(lib2-mul.o)
 .debug_pubnames
                0x0000023a       0x1f ../count_binary_bsp/\libhal_bsp.a(alt_load.o)
 .debug_pubnames
                0x00000259       0x46 ../count_binary_bsp/\libhal_bsp.a(alt_main.o)
 .debug_pubnames
                0x0000029f       0x1d ../count_binary_bsp/\libhal_bsp.a(alt_usleep.o)
 .debug_pubnames
                0x000002bc       0x1c ../count_binary_bsp/\libhal_bsp.a(alt_write.o)
 .debug_pubnames
                0x000002d8       0x34 ../count_binary_bsp/\libhal_bsp.a(alt_sys_init.o)
 .debug_pubnames
                0x0000030c       0x5b ../count_binary_bsp/\libhal_bsp.a(altera_avalon_jtag_uart_fd.o)
 .debug_pubnames
                0x00000367       0x33 ../count_binary_bsp/\libhal_bsp.a(altera_avalon_jtag_uart_read.o)
 .debug_pubnames
                0x0000039a       0x34 ../count_binary_bsp/\libhal_bsp.a(altera_avalon_jtag_uart_write.o)
 .debug_pubnames
                0x000003ce       0x2f ../count_binary_bsp/\libhal_bsp.a(altera_avalon_timer_sc.o)
 .debug_pubnames
                0x000003fd       0x25 ../count_binary_bsp/\libhal_bsp.a(alt_busy_sleep.o)
 .debug_pubnames
                0x00000422       0x1c ../count_binary_bsp/\libhal_bsp.a(alt_close.o)
 .debug_pubnames
                0x0000043e       0x2b ../count_binary_bsp/\libhal_bsp.a(alt_dcache_flush_all.o)
 .debug_pubnames
                0x00000469       0x63 ../count_binary_bsp/\libhal_bsp.a(alt_dev.o)
 .debug_pubnames
                0x000004cc       0x2b ../count_binary_bsp/\libhal_bsp.a(alt_dev_llist_insert.o)
 .debug_pubnames
                0x000004f7       0x20 ../count_binary_bsp/\libhal_bsp.a(alt_errno.o)
 .debug_pubnames
                0x00000517       0x2b ../count_binary_bsp/\libhal_bsp.a(alt_icache_flush_all.o)
 .debug_pubnames
                0x00000542       0x6e ../count_binary_bsp/\libhal_bsp.a(alt_iic.o)
 .debug_pubnames
                0x000005b0       0x2b ../count_binary_bsp/\libhal_bsp.a(alt_iic_isr_register.o)
 .debug_pubnames
                0x000005db       0x26 ../count_binary_bsp/\libhal_bsp.a(alt_io_redirect.o)
 .debug_pubnames
                0x00000601       0x32 ../count_binary_bsp/\libhal_bsp.a(alt_irq_handler.o)
 .debug_pubnames
                0x00000633       0x3b ../count_binary_bsp/\libhal_bsp.a(alt_irq_vars.o)
 .debug_pubnames
                0x0000066e       0x1b ../count_binary_bsp/\libhal_bsp.a(alt_open.o)
 .debug_pubnames
                0x00000689       0x25 ../count_binary_bsp/\libhal_bsp.a(alt_release_fd.o)
 .debug_pubnames
                0x000006ae       0x68 ../count_binary_bsp/\libhal_bsp.a(alt_tick.o)
 .debug_pubnames
                0x00000716       0x31 ../count_binary_bsp/\libhal_bsp.a(altera_nios2_qsys_irq.o)
 .debug_pubnames
                0x00000747       0x23 ../count_binary_bsp/\libhal_bsp.a(alt_find_dev.o)
 .debug_pubnames
                0x0000076a       0x24 ../count_binary_bsp/\libhal_bsp.a(alt_find_file.o)
 .debug_pubnames
                0x0000078e       0x21 ../count_binary_bsp/\libhal_bsp.a(alt_get_fd.o)
 .debug_pubnames
                0x000007af       0x27 ../count_binary_bsp/\libhal_bsp.a(alt_icache_flush.o)
 .debug_pubnames
                0x000007d6       0x1b c:/altera/12.0sp1/nios2eds/bin/gnu/h-i686-mingw32/bin/../lib/gcc/nios2-elf/4.1.2/../../../../nios2-elf/lib/mno-hw-mul\libsmallc.a(lib_a-exit.o)
 .debug_pubnames
                0x000007f1       0x1d c:/altera/12.0sp1/nios2eds/bin/gnu/h-i686-mingw32/bin/../lib/gcc/nios2-elf/4.1.2/../../../../nios2-elf/lib/mno-hw-mul\libsmallc.a(lib_a-memcmp.o)
 .debug_pubnames
                0x0000080e       0x27 c:/altera/12.0sp1/nios2eds/bin/gnu/h-i686-mingw32/bin/../lib/gcc/nios2-elf/4.1.2/../../../../nios2-elf/lib/mno-hw-mul\libsmallc.a(lib_a-__call_atexit.o)
 .debug_pubnames
                0x00000835       0x1c ../count_binary_bsp/\libhal_bsp.a(alt_exit.o)

.debug_info     0x00000000     0xb851
 *(.debug_info .gnu.linkonce.wi.*)
 .debug_info    0x00000000       0x7c ../count_binary_bsp//obj/HAL/src/crt0.o
 .debug_info    0x0000007c      0xd7e obj/default/count_binary.o
 .debug_info    0x00000dfa      0x21c c:/altera/12.0sp1/nios2eds/bin/gnu/h-i686-mingw32/bin/../lib/gcc/nios2-elf/4.1.2/mno-hw-mul\libgcc.a(lib2-divmod.o)
 .debug_info    0x00001016      0x6c8 c:/altera/12.0sp1/nios2eds/bin/gnu/h-i686-mingw32/bin/../lib/gcc/nios2-elf/4.1.2/../../../../nios2-elf/lib/mno-hw-mul\libsmallc.a(lib_a-printf.o)
 .debug_info    0x000016de      0x66b c:/altera/12.0sp1/nios2eds/bin/gnu/h-i686-mingw32/bin/../lib/gcc/nios2-elf/4.1.2/../../../../nios2-elf/lib/mno-hw-mul\libsmallc.a(lib_a-putchar.o)
 .debug_info    0x00001d49      0x685 c:/altera/12.0sp1/nios2eds/bin/gnu/h-i686-mingw32/bin/../lib/gcc/nios2-elf/4.1.2/../../../../nios2-elf/lib/mno-hw-mul\libsmallc.a(lib_a-puts.o)
 .debug_info    0x000023ce       0xc2 c:/altera/12.0sp1/nios2eds/bin/gnu/h-i686-mingw32/bin/../lib/gcc/nios2-elf/4.1.2/../../../../nios2-elf/lib/mno-hw-mul\libsmallc.a(lib_a-strlen.o)
 .debug_info    0x00002490      0x94c c:/altera/12.0sp1/nios2eds/bin/gnu/h-i686-mingw32/bin/../lib/gcc/nios2-elf/4.1.2/../../../../nios2-elf/lib/mno-hw-mul\libsmallc.a(lib_a-vfprintf.o)
 .debug_info    0x00002ddc      0x68e c:/altera/12.0sp1/nios2eds/bin/gnu/h-i686-mingw32/bin/../lib/gcc/nios2-elf/4.1.2/../../../../nios2-elf/lib/mno-hw-mul\libsmallc.a(lib_a-fvwrite_small_dev.o)
 .debug_info    0x0000346a      0x636 c:/altera/12.0sp1/nios2eds/bin/gnu/h-i686-mingw32/bin/../lib/gcc/nios2-elf/4.1.2/../../../../nios2-elf/lib/mno-hw-mul\libsmallc.a(lib_a-impure.o)
 .debug_info    0x00003aa0      0x6b8 c:/altera/12.0sp1/nios2eds/bin/gnu/h-i686-mingw32/bin/../lib/gcc/nios2-elf/4.1.2/../../../../nios2-elf/lib/mno-hw-mul\libsmallc.a(lib_a-putc.o)
 .debug_info    0x00004158      0x68c c:/altera/12.0sp1/nios2eds/bin/gnu/h-i686-mingw32/bin/../lib/gcc/nios2-elf/4.1.2/../../../../nios2-elf/lib/mno-hw-mul\libsmallc.a(lib_a-writer.o)
 .debug_info    0x000047e4       0x8c c:/altera/12.0sp1/nios2eds/bin/gnu/h-i686-mingw32/bin/../lib/gcc/nios2-elf/4.1.2/../../../../nios2-elf/lib/mno-hw-mul\libsmallc.a(lib_a-int_errno.o)
 .debug_info    0x00004870       0xf3 c:/altera/12.0sp1/nios2eds/bin/gnu/h-i686-mingw32/bin/../lib/gcc/nios2-elf/4.1.2/mno-hw-mul\libgcc.a(lib2-mul.o)
 .debug_info    0x00004963      0x28e ../count_binary_bsp/\libhal_bsp.a(alt_load.o)
 .debug_info    0x00004bf1      0x226 ../count_binary_bsp/\libhal_bsp.a(alt_main.o)
 .debug_info    0x00004e17      0x169 ../count_binary_bsp/\libhal_bsp.a(alt_usleep.o)
 .debug_info    0x00004f80      0x694 ../count_binary_bsp/\libhal_bsp.a(alt_write.o)
 .debug_info    0x00005614      0x5c2 ../count_binary_bsp/\libhal_bsp.a(alt_sys_init.o)
 .debug_info    0x00005bd6      0x5ba ../count_binary_bsp/\libhal_bsp.a(altera_avalon_jtag_uart_fd.o)
 .debug_info    0x00006190      0x30a ../count_binary_bsp/\libhal_bsp.a(altera_avalon_jtag_uart_read.o)
 .debug_info    0x0000649a      0x2e7 ../count_binary_bsp/\libhal_bsp.a(altera_avalon_jtag_uart_write.o)
 .debug_info    0x00006781      0x38c ../count_binary_bsp/\libhal_bsp.a(altera_avalon_timer_sc.o)
 .debug_info    0x00006b0d      0x1ac ../count_binary_bsp/\libhal_bsp.a(alt_busy_sleep.o)
 .debug_info    0x00006cb9      0x468 ../count_binary_bsp/\libhal_bsp.a(alt_close.o)
 .debug_info    0x00007121      0x15d ../count_binary_bsp/\libhal_bsp.a(alt_dcache_flush_all.o)
 .debug_info    0x0000727e      0x680 ../count_binary_bsp/\libhal_bsp.a(alt_dev.o)
 .debug_info    0x000078fe      0x2b8 ../count_binary_bsp/\libhal_bsp.a(alt_dev_llist_insert.o)
 .debug_info    0x00007bb6      0x165 ../count_binary_bsp/\libhal_bsp.a(alt_errno.o)
 .debug_info    0x00007d1b      0x15d ../count_binary_bsp/\libhal_bsp.a(alt_icache_flush_all.o)
 .debug_info    0x00007e78      0x494 ../count_binary_bsp/\libhal_bsp.a(alt_iic.o)
 .debug_info    0x0000830c      0x315 ../count_binary_bsp/\libhal_bsp.a(alt_iic_isr_register.o)
 .debug_info    0x00008621      0x696 ../count_binary_bsp/\libhal_bsp.a(alt_io_redirect.o)
 .debug_info    0x00008cb7       0x85 ../count_binary_bsp/\libhal_bsp.a(alt_irq_entry.o)
 .debug_info    0x00008d3c      0x276 ../count_binary_bsp/\libhal_bsp.a(alt_irq_handler.o)
 .debug_info    0x00008fb2      0x168 ../count_binary_bsp/\libhal_bsp.a(alt_irq_vars.o)
 .debug_info    0x0000911a      0x526 ../count_binary_bsp/\libhal_bsp.a(alt_open.o)
 .debug_info    0x00009640      0x3f3 ../count_binary_bsp/\libhal_bsp.a(alt_release_fd.o)
 .debug_info    0x00009a33      0x3ff ../count_binary_bsp/\libhal_bsp.a(alt_tick.o)
 .debug_info    0x00009e32      0x164 ../count_binary_bsp/\libhal_bsp.a(altera_nios2_qsys_irq.o)
 .debug_info    0x00009f96       0x8b ../count_binary_bsp/\libhal_bsp.a(alt_exception_entry.o)
 .debug_info    0x0000a021      0x419 ../count_binary_bsp/\libhal_bsp.a(alt_find_dev.o)
 .debug_info    0x0000a43a      0x420 ../count_binary_bsp/\libhal_bsp.a(alt_find_file.o)
 .debug_info    0x0000a85a      0x461 ../count_binary_bsp/\libhal_bsp.a(alt_get_fd.o)
 .debug_info    0x0000acbb      0x1a5 ../count_binary_bsp/\libhal_bsp.a(alt_icache_flush.o)
 .debug_info    0x0000ae60       0x9f c:/altera/12.0sp1/nios2eds/bin/gnu/h-i686-mingw32/bin/../lib/gcc/nios2-elf/4.1.2/../../../../nios2-elf/lib/mno-hw-mul\libsmallc.a(lib_a-exit.o)
 .debug_info    0x0000aeff       0xef c:/altera/12.0sp1/nios2eds/bin/gnu/h-i686-mingw32/bin/../lib/gcc/nios2-elf/4.1.2/../../../../nios2-elf/lib/mno-hw-mul\libsmallc.a(lib_a-memcmp.o)
 .debug_info    0x0000afee      0x6d5 c:/altera/12.0sp1/nios2eds/bin/gnu/h-i686-mingw32/bin/../lib/gcc/nios2-elf/4.1.2/../../../../nios2-elf/lib/mno-hw-mul\libsmallc.a(lib_a-__call_atexit.o)
 .debug_info    0x0000b6c3      0x18e ../count_binary_bsp/\libhal_bsp.a(alt_exit.o)

.debug_abbrev   0x00000000     0x2995
 *(.debug_abbrev)
 .debug_abbrev  0x00000000       0x12 ../count_binary_bsp//obj/HAL/src/crt0.o
 .debug_abbrev  0x00000012      0x1ca obj/default/count_binary.o
 .debug_abbrev  0x000001dc       0xe0 c:/altera/12.0sp1/nios2eds/bin/gnu/h-i686-mingw32/bin/../lib/gcc/nios2-elf/4.1.2/mno-hw-mul\libgcc.a(lib2-divmod.o)
 .debug_abbrev  0x000002bc      0x179 c:/altera/12.0sp1/nios2eds/bin/gnu/h-i686-mingw32/bin/../lib/gcc/nios2-elf/4.1.2/../../../../nios2-elf/lib/mno-hw-mul\libsmallc.a(lib_a-printf.o)
 .debug_abbrev  0x00000435      0x158 c:/altera/12.0sp1/nios2eds/bin/gnu/h-i686-mingw32/bin/../lib/gcc/nios2-elf/4.1.2/../../../../nios2-elf/lib/mno-hw-mul\libsmallc.a(lib_a-putchar.o)
 .debug_abbrev  0x0000058d      0x180 c:/altera/12.0sp1/nios2eds/bin/gnu/h-i686-mingw32/bin/../lib/gcc/nios2-elf/4.1.2/../../../../nios2-elf/lib/mno-hw-mul\libsmallc.a(lib_a-puts.o)
 .debug_abbrev  0x0000070d       0x7a c:/altera/12.0sp1/nios2eds/bin/gnu/h-i686-mingw32/bin/../lib/gcc/nios2-elf/4.1.2/../../../../nios2-elf/lib/mno-hw-mul\libsmallc.a(lib_a-strlen.o)
 .debug_abbrev  0x00000787      0x247 c:/altera/12.0sp1/nios2eds/bin/gnu/h-i686-mingw32/bin/../lib/gcc/nios2-elf/4.1.2/../../../../nios2-elf/lib/mno-hw-mul\libsmallc.a(lib_a-vfprintf.o)
 .debug_abbrev  0x000009ce      0x179 c:/altera/12.0sp1/nios2eds/bin/gnu/h-i686-mingw32/bin/../lib/gcc/nios2-elf/4.1.2/../../../../nios2-elf/lib/mno-hw-mul\libsmallc.a(lib_a-fvwrite_small_dev.o)
 .debug_abbrev  0x00000b47      0x13f c:/altera/12.0sp1/nios2eds/bin/gnu/h-i686-mingw32/bin/../lib/gcc/nios2-elf/4.1.2/../../../../nios2-elf/lib/mno-hw-mul\libsmallc.a(lib_a-impure.o)
 .debug_abbrev  0x00000c86      0x167 c:/altera/12.0sp1/nios2eds/bin/gnu/h-i686-mingw32/bin/../lib/gcc/nios2-elf/4.1.2/../../../../nios2-elf/lib/mno-hw-mul\libsmallc.a(lib_a-putc.o)
 .debug_abbrev  0x00000ded      0x16c c:/altera/12.0sp1/nios2eds/bin/gnu/h-i686-mingw32/bin/../lib/gcc/nios2-elf/4.1.2/../../../../nios2-elf/lib/mno-hw-mul\libsmallc.a(lib_a-writer.o)
 .debug_abbrev  0x00000f59       0x3b c:/altera/12.0sp1/nios2eds/bin/gnu/h-i686-mingw32/bin/../lib/gcc/nios2-elf/4.1.2/../../../../nios2-elf/lib/mno-hw-mul\libsmallc.a(lib_a-int_errno.o)
 .debug_abbrev  0x00000f94       0x7b c:/altera/12.0sp1/nios2eds/bin/gnu/h-i686-mingw32/bin/../lib/gcc/nios2-elf/4.1.2/mno-hw-mul\libgcc.a(lib2-mul.o)
 .debug_abbrev  0x0000100f       0x88 ../count_binary_bsp/\libhal_bsp.a(alt_load.o)
 .debug_abbrev  0x00001097       0xb7 ../count_binary_bsp/\libhal_bsp.a(alt_main.o)
 .debug_abbrev  0x0000114e       0x5d ../count_binary_bsp/\libhal_bsp.a(alt_usleep.o)
 .debug_abbrev  0x000011ab      0x100 ../count_binary_bsp/\libhal_bsp.a(alt_write.o)
 .debug_abbrev  0x000012ab      0x121 ../count_binary_bsp/\libhal_bsp.a(alt_sys_init.o)
 .debug_abbrev  0x000013cc       0xcb ../count_binary_bsp/\libhal_bsp.a(altera_avalon_jtag_uart_fd.o)
 .debug_abbrev  0x00001497       0xb6 ../count_binary_bsp/\libhal_bsp.a(altera_avalon_jtag_uart_read.o)
 .debug_abbrev  0x0000154d       0xb4 ../count_binary_bsp/\libhal_bsp.a(altera_avalon_jtag_uart_write.o)
 .debug_abbrev  0x00001601      0x137 ../count_binary_bsp/\libhal_bsp.a(altera_avalon_timer_sc.o)
 .debug_abbrev  0x00001738       0x6c ../count_binary_bsp/\libhal_bsp.a(alt_busy_sleep.o)
 .debug_abbrev  0x000017a4       0xfb ../count_binary_bsp/\libhal_bsp.a(alt_close.o)
 .debug_abbrev  0x0000189f       0x3f ../count_binary_bsp/\libhal_bsp.a(alt_dcache_flush_all.o)
 .debug_abbrev  0x000018de       0xc7 ../count_binary_bsp/\libhal_bsp.a(alt_dev.o)
 .debug_abbrev  0x000019a5       0xf6 ../count_binary_bsp/\libhal_bsp.a(alt_dev_llist_insert.o)
 .debug_abbrev  0x00001a9b       0x5e ../count_binary_bsp/\libhal_bsp.a(alt_errno.o)
 .debug_abbrev  0x00001af9       0x3f ../count_binary_bsp/\libhal_bsp.a(alt_icache_flush_all.o)
 .debug_abbrev  0x00001b38      0x134 ../count_binary_bsp/\libhal_bsp.a(alt_iic.o)
 .debug_abbrev  0x00001c6c      0x14e ../count_binary_bsp/\libhal_bsp.a(alt_iic_isr_register.o)
 .debug_abbrev  0x00001dba       0xf0 ../count_binary_bsp/\libhal_bsp.a(alt_io_redirect.o)
 .debug_abbrev  0x00001eaa       0x12 ../count_binary_bsp/\libhal_bsp.a(alt_irq_entry.o)
 .debug_abbrev  0x00001ebc      0x10c ../count_binary_bsp/\libhal_bsp.a(alt_irq_handler.o)
 .debug_abbrev  0x00001fc8       0x44 ../count_binary_bsp/\libhal_bsp.a(alt_irq_vars.o)
 .debug_abbrev  0x0000200c      0x112 ../count_binary_bsp/\libhal_bsp.a(alt_open.o)
 .debug_abbrev  0x0000211e       0xc1 ../count_binary_bsp/\libhal_bsp.a(alt_release_fd.o)
 .debug_abbrev  0x000021df      0x150 ../count_binary_bsp/\libhal_bsp.a(alt_tick.o)
 .debug_abbrev  0x0000232f       0x3f ../count_binary_bsp/\libhal_bsp.a(altera_nios2_qsys_irq.o)
 .debug_abbrev  0x0000236e       0x12 ../count_binary_bsp/\libhal_bsp.a(alt_exception_entry.o)
 .debug_abbrev  0x00002380       0xcf ../count_binary_bsp/\libhal_bsp.a(alt_find_dev.o)
 .debug_abbrev  0x0000244f       0xcf ../count_binary_bsp/\libhal_bsp.a(alt_find_file.o)
 .debug_abbrev  0x0000251e       0xfb ../count_binary_bsp/\libhal_bsp.a(alt_get_fd.o)
 .debug_abbrev  0x00002619       0x7a ../count_binary_bsp/\libhal_bsp.a(alt_icache_flush.o)
 .debug_abbrev  0x00002693       0x4e c:/altera/12.0sp1/nios2eds/bin/gnu/h-i686-mingw32/bin/../lib/gcc/nios2-elf/4.1.2/../../../../nios2-elf/lib/mno-hw-mul\libsmallc.a(lib_a-exit.o)
 .debug_abbrev  0x000026e1       0x7c c:/altera/12.0sp1/nios2eds/bin/gnu/h-i686-mingw32/bin/../lib/gcc/nios2-elf/4.1.2/../../../../nios2-elf/lib/mno-hw-mul\libsmallc.a(lib_a-memcmp.o)
 .debug_abbrev  0x0000275d      0x1c6 c:/altera/12.0sp1/nios2eds/bin/gnu/h-i686-mingw32/bin/../lib/gcc/nios2-elf/4.1.2/../../../../nios2-elf/lib/mno-hw-mul\libsmallc.a(lib_a-__call_atexit.o)
 .debug_abbrev  0x00002923       0x72 ../count_binary_bsp/\libhal_bsp.a(alt_exit.o)

.debug_line     0x00000000     0x71ec
 *(.debug_line)
 .debug_line    0x00000000       0x6c ../count_binary_bsp//obj/HAL/src/crt0.o
 .debug_line    0x0000006c      0x445 obj/default/count_binary.o
 .debug_line    0x000004b1      0x24f c:/altera/12.0sp1/nios2eds/bin/gnu/h-i686-mingw32/bin/../lib/gcc/nios2-elf/4.1.2/mno-hw-mul\libgcc.a(lib2-divmod.o)
 .debug_line    0x00000700      0x2be c:/altera/12.0sp1/nios2eds/bin/gnu/h-i686-mingw32/bin/../lib/gcc/nios2-elf/4.1.2/../../../../nios2-elf/lib/mno-hw-mul\libsmallc.a(lib_a-printf.o)
 .debug_line    0x000009be      0x267 c:/altera/12.0sp1/nios2eds/bin/gnu/h-i686-mingw32/bin/../lib/gcc/nios2-elf/4.1.2/../../../../nios2-elf/lib/mno-hw-mul\libsmallc.a(lib_a-putchar.o)
 .debug_line    0x00000c25      0x2b2 c:/altera/12.0sp1/nios2eds/bin/gnu/h-i686-mingw32/bin/../lib/gcc/nios2-elf/4.1.2/../../../../nios2-elf/lib/mno-hw-mul\libsmallc.a(lib_a-puts.o)
 .debug_line    0x00000ed7      0x250 c:/altera/12.0sp1/nios2eds/bin/gnu/h-i686-mingw32/bin/../lib/gcc/nios2-elf/4.1.2/../../../../nios2-elf/lib/mno-hw-mul\libsmallc.a(lib_a-strlen.o)
 .debug_line    0x00001127      0x5f3 c:/altera/12.0sp1/nios2eds/bin/gnu/h-i686-mingw32/bin/../lib/gcc/nios2-elf/4.1.2/../../../../nios2-elf/lib/mno-hw-mul\libsmallc.a(lib_a-vfprintf.o)
 .debug_line    0x0000171a      0x2a9 c:/altera/12.0sp1/nios2eds/bin/gnu/h-i686-mingw32/bin/../lib/gcc/nios2-elf/4.1.2/../../../../nios2-elf/lib/mno-hw-mul\libsmallc.a(lib_a-fvwrite_small_dev.o)
 .debug_line    0x000019c3      0x230 c:/altera/12.0sp1/nios2eds/bin/gnu/h-i686-mingw32/bin/../lib/gcc/nios2-elf/4.1.2/../../../../nios2-elf/lib/mno-hw-mul\libsmallc.a(lib_a-impure.o)
 .debug_line    0x00001bf3      0x2d2 c:/altera/12.0sp1/nios2eds/bin/gnu/h-i686-mingw32/bin/../lib/gcc/nios2-elf/4.1.2/../../../../nios2-elf/lib/mno-hw-mul\libsmallc.a(lib_a-putc.o)
 .debug_line    0x00001ec5      0x29d c:/altera/12.0sp1/nios2eds/bin/gnu/h-i686-mingw32/bin/../lib/gcc/nios2-elf/4.1.2/../../../../nios2-elf/lib/mno-hw-mul\libsmallc.a(lib_a-writer.o)
 .debug_line    0x00002162      0x1e2 c:/altera/12.0sp1/nios2eds/bin/gnu/h-i686-mingw32/bin/../lib/gcc/nios2-elf/4.1.2/../../../../nios2-elf/lib/mno-hw-mul\libsmallc.a(lib_a-int_errno.o)
 .debug_line    0x00002344      0x11a c:/altera/12.0sp1/nios2eds/bin/gnu/h-i686-mingw32/bin/../lib/gcc/nios2-elf/4.1.2/mno-hw-mul\libgcc.a(lib2-mul.o)
 .debug_line    0x0000245e      0x217 ../count_binary_bsp/\libhal_bsp.a(alt_load.o)
 .debug_line    0x00002675      0x2ba ../count_binary_bsp/\libhal_bsp.a(alt_main.o)
 .debug_line    0x0000292f      0x202 ../count_binary_bsp/\libhal_bsp.a(alt_usleep.o)
 .debug_line    0x00002b31      0x2c9 ../count_binary_bsp/\libhal_bsp.a(alt_write.o)
 .debug_line    0x00002dfa      0x2c7 ../count_binary_bsp/\libhal_bsp.a(alt_sys_init.o)
 .debug_line    0x000030c1      0x1d7 ../count_binary_bsp/\libhal_bsp.a(altera_avalon_jtag_uart_fd.o)
 .debug_line    0x00003298      0x343 ../count_binary_bsp/\libhal_bsp.a(altera_avalon_jtag_uart_read.o)
 .debug_line    0x000035db      0x304 ../count_binary_bsp/\libhal_bsp.a(altera_avalon_jtag_uart_write.o)
 .debug_line    0x000038df      0x2b3 ../count_binary_bsp/\libhal_bsp.a(altera_avalon_timer_sc.o)
 .debug_line    0x00003b92      0x25c ../count_binary_bsp/\libhal_bsp.a(alt_busy_sleep.o)
 .debug_line    0x00003dee      0x299 ../count_binary_bsp/\libhal_bsp.a(alt_close.o)
 .debug_line    0x00004087      0x1b5 ../count_binary_bsp/\libhal_bsp.a(alt_dcache_flush_all.o)
 .debug_line    0x0000423c      0x254 ../count_binary_bsp/\libhal_bsp.a(alt_dev.o)
 .debug_line    0x00004490      0x25a ../count_binary_bsp/\libhal_bsp.a(alt_dev_llist_insert.o)
 .debug_line    0x000046ea      0x1aa ../count_binary_bsp/\libhal_bsp.a(alt_errno.o)
 .debug_line    0x00004894      0x1bd ../count_binary_bsp/\libhal_bsp.a(alt_icache_flush_all.o)
 .debug_line    0x00004a51      0x2c8 ../count_binary_bsp/\libhal_bsp.a(alt_iic.o)
 .debug_line    0x00004d19      0x249 ../count_binary_bsp/\libhal_bsp.a(alt_iic_isr_register.o)
 .debug_line    0x00004f62      0x2b4 ../count_binary_bsp/\libhal_bsp.a(alt_io_redirect.o)
 .debug_line    0x00005216       0x6b ../count_binary_bsp/\libhal_bsp.a(alt_irq_entry.o)
 .debug_line    0x00005281      0x248 ../count_binary_bsp/\libhal_bsp.a(alt_irq_handler.o)
 .debug_line    0x000054c9       0x72 ../count_binary_bsp/\libhal_bsp.a(alt_irq_vars.o)
 .debug_line    0x0000553b      0x2ff ../count_binary_bsp/\libhal_bsp.a(alt_open.o)
 .debug_line    0x0000583a       0xed ../count_binary_bsp/\libhal_bsp.a(alt_release_fd.o)
 .debug_line    0x00005927      0x2dc ../count_binary_bsp/\libhal_bsp.a(alt_tick.o)
 .debug_line    0x00005c03      0x1ce ../count_binary_bsp/\libhal_bsp.a(altera_nios2_qsys_irq.o)
 .debug_line    0x00005dd1       0xab ../count_binary_bsp/\libhal_bsp.a(alt_exception_entry.o)
 .debug_line    0x00005e7c      0x26b ../count_binary_bsp/\libhal_bsp.a(alt_find_dev.o)
 .debug_line    0x000060e7      0x27c ../count_binary_bsp/\libhal_bsp.a(alt_find_file.o)
 .debug_line    0x00006363      0x297 ../count_binary_bsp/\libhal_bsp.a(alt_get_fd.o)
 .debug_line    0x000065fa      0x1f9 ../count_binary_bsp/\libhal_bsp.a(alt_icache_flush.o)
 .debug_line    0x000067f3      0x223 c:/altera/12.0sp1/nios2eds/bin/gnu/h-i686-mingw32/bin/../lib/gcc/nios2-elf/4.1.2/../../../../nios2-elf/lib/mno-hw-mul\libsmallc.a(lib_a-exit.o)
 .debug_line    0x00006a16      0x270 c:/altera/12.0sp1/nios2eds/bin/gnu/h-i686-mingw32/bin/../lib/gcc/nios2-elf/4.1.2/../../../../nios2-elf/lib/mno-hw-mul\libsmallc.a(lib_a-memcmp.o)
 .debug_line    0x00006c86      0x360 c:/altera/12.0sp1/nios2eds/bin/gnu/h-i686-mingw32/bin/../lib/gcc/nios2-elf/4.1.2/../../../../nios2-elf/lib/mno-hw-mul\libsmallc.a(lib_a-__call_atexit.o)
 .debug_line    0x00006fe6      0x206 ../count_binary_bsp/\libhal_bsp.a(alt_exit.o)

.debug_frame    0x00000000      0xa8c
 *(.debug_frame)
 .debug_frame   0x00000000       0xf0 obj/default/count_binary.o
 .debug_frame   0x000000f0       0x70 c:/altera/12.0sp1/nios2eds/bin/gnu/h-i686-mingw32/bin/../lib/gcc/nios2-elf/4.1.2/mno-hw-mul\libgcc.a(lib2-divmod.o)
 .debug_frame   0x00000160       0x40 c:/altera/12.0sp1/nios2eds/bin/gnu/h-i686-mingw32/bin/../lib/gcc/nios2-elf/4.1.2/../../../../nios2-elf/lib/mno-hw-mul\libsmallc.a(lib_a-printf.o)
 .debug_frame   0x000001a0       0x30 c:/altera/12.0sp1/nios2eds/bin/gnu/h-i686-mingw32/bin/../lib/gcc/nios2-elf/4.1.2/../../../../nios2-elf/lib/mno-hw-mul\libsmallc.a(lib_a-putchar.o)
 .debug_frame   0x000001d0       0x3c c:/altera/12.0sp1/nios2eds/bin/gnu/h-i686-mingw32/bin/../lib/gcc/nios2-elf/4.1.2/../../../../nios2-elf/lib/mno-hw-mul\libsmallc.a(lib_a-puts.o)
 .debug_frame   0x0000020c       0x20 c:/altera/12.0sp1/nios2eds/bin/gnu/h-i686-mingw32/bin/../lib/gcc/nios2-elf/4.1.2/../../../../nios2-elf/lib/mno-hw-mul\libsmallc.a(lib_a-strlen.o)
 .debug_frame   0x0000022c       0x64 c:/altera/12.0sp1/nios2eds/bin/gnu/h-i686-mingw32/bin/../lib/gcc/nios2-elf/4.1.2/../../../../nios2-elf/lib/mno-hw-mul\libsmallc.a(lib_a-vfprintf.o)
 .debug_frame   0x00000290       0x30 c:/altera/12.0sp1/nios2eds/bin/gnu/h-i686-mingw32/bin/../lib/gcc/nios2-elf/4.1.2/../../../../nios2-elf/lib/mno-hw-mul\libsmallc.a(lib_a-fvwrite_small_dev.o)
 .debug_frame   0x000002c0       0x48 c:/altera/12.0sp1/nios2eds/bin/gnu/h-i686-mingw32/bin/../lib/gcc/nios2-elf/4.1.2/../../../../nios2-elf/lib/mno-hw-mul\libsmallc.a(lib_a-putc.o)
 .debug_frame   0x00000308       0x2c c:/altera/12.0sp1/nios2eds/bin/gnu/h-i686-mingw32/bin/../lib/gcc/nios2-elf/4.1.2/../../../../nios2-elf/lib/mno-hw-mul\libsmallc.a(lib_a-writer.o)
 .debug_frame   0x00000334       0x20 c:/altera/12.0sp1/nios2eds/bin/gnu/h-i686-mingw32/bin/../lib/gcc/nios2-elf/4.1.2/mno-hw-mul\libgcc.a(lib2-mul.o)
 .debug_frame   0x00000354       0x48 ../count_binary_bsp/\libhal_bsp.a(alt_load.o)
 .debug_frame   0x0000039c       0x2c ../count_binary_bsp/\libhal_bsp.a(alt_main.o)
 .debug_frame   0x000003c8       0x2c ../count_binary_bsp/\libhal_bsp.a(alt_usleep.o)
 .debug_frame   0x000003f4       0x48 ../count_binary_bsp/\libhal_bsp.a(alt_write.o)
 .debug_frame   0x0000043c       0x64 ../count_binary_bsp/\libhal_bsp.a(alt_sys_init.o)
 .debug_frame   0x000004a0       0x48 ../count_binary_bsp/\libhal_bsp.a(altera_avalon_jtag_uart_fd.o)
 .debug_frame   0x000004e8       0x2c ../count_binary_bsp/\libhal_bsp.a(altera_avalon_jtag_uart_read.o)
 .debug_frame   0x00000514       0x2c ../count_binary_bsp/\libhal_bsp.a(altera_avalon_jtag_uart_write.o)
 .debug_frame   0x00000540       0x48 ../count_binary_bsp/\libhal_bsp.a(altera_avalon_timer_sc.o)
 .debug_frame   0x00000588       0x2c ../count_binary_bsp/\libhal_bsp.a(alt_busy_sleep.o)
 .debug_frame   0x000005b4       0x48 ../count_binary_bsp/\libhal_bsp.a(alt_close.o)
 .debug_frame   0x000005fc       0x2c ../count_binary_bsp/\libhal_bsp.a(alt_dcache_flush_all.o)
 .debug_frame   0x00000628       0x2c ../count_binary_bsp/\libhal_bsp.a(alt_dev.o)
 .debug_frame   0x00000654       0x48 ../count_binary_bsp/\libhal_bsp.a(alt_dev_llist_insert.o)
 .debug_frame   0x0000069c       0x2c ../count_binary_bsp/\libhal_bsp.a(alt_icache_flush_all.o)
 .debug_frame   0x000006c8       0x80 ../count_binary_bsp/\libhal_bsp.a(alt_iic.o)
 .debug_frame   0x00000748       0x2c ../count_binary_bsp/\libhal_bsp.a(alt_iic_isr_register.o)
 .debug_frame   0x00000774       0x4c ../count_binary_bsp/\libhal_bsp.a(alt_io_redirect.o)
 .debug_frame   0x000007c0       0x2c ../count_binary_bsp/\libhal_bsp.a(alt_irq_handler.o)
 .debug_frame   0x000007ec       0x68 ../count_binary_bsp/\libhal_bsp.a(alt_open.o)
 .debug_frame   0x00000854       0x30 ../count_binary_bsp/\libhal_bsp.a(alt_release_fd.o)
 .debug_frame   0x00000884       0x48 ../count_binary_bsp/\libhal_bsp.a(alt_tick.o)
 .debug_frame   0x000008cc       0x2c ../count_binary_bsp/\libhal_bsp.a(altera_nios2_qsys_irq.o)
 .debug_frame   0x000008f8       0x2c ../count_binary_bsp/\libhal_bsp.a(alt_find_dev.o)
 .debug_frame   0x00000924       0x2c ../count_binary_bsp/\libhal_bsp.a(alt_find_file.o)
 .debug_frame   0x00000950       0x30 ../count_binary_bsp/\libhal_bsp.a(alt_get_fd.o)
 .debug_frame   0x00000980       0x2c ../count_binary_bsp/\libhal_bsp.a(alt_icache_flush.o)
 .debug_frame   0x000009ac       0x2c c:/altera/12.0sp1/nios2eds/bin/gnu/h-i686-mingw32/bin/../lib/gcc/nios2-elf/4.1.2/../../../../nios2-elf/lib/mno-hw-mul\libsmallc.a(lib_a-exit.o)
 .debug_frame   0x000009d8       0x20 c:/altera/12.0sp1/nios2eds/bin/gnu/h-i686-mingw32/bin/../lib/gcc/nios2-elf/4.1.2/../../../../nios2-elf/lib/mno-hw-mul\libsmallc.a(lib_a-memcmp.o)
 .debug_frame   0x000009f8       0x4c c:/altera/12.0sp1/nios2eds/bin/gnu/h-i686-mingw32/bin/../lib/gcc/nios2-elf/4.1.2/../../../../nios2-elf/lib/mno-hw-mul\libsmallc.a(lib_a-__call_atexit.o)
 .debug_frame   0x00000a44       0x48 ../count_binary_bsp/\libhal_bsp.a(alt_exit.o)

.debug_str      0x00000000      0xdeb
 *(.debug_str)
 .debug_str     0x00000000       0x20 obj/default/count_binary.o
 .debug_str     0x00000020      0x167 c:/altera/12.0sp1/nios2eds/bin/gnu/h-i686-mingw32/bin/../lib/gcc/nios2-elf/4.1.2/mno-hw-mul\libgcc.a(lib2-divmod.o)
                                0x1b4 (size before relaxing)
 .debug_str     0x00000187      0x3aa c:/altera/12.0sp1/nios2eds/bin/gnu/h-i686-mingw32/bin/../lib/gcc/nios2-elf/4.1.2/../../../../nios2-elf/lib/mno-hw-mul\libsmallc.a(lib_a-printf.o)
                                0x466 (size before relaxing)
 .debug_str     0x00000531       0x51 c:/altera/12.0sp1/nios2eds/bin/gnu/h-i686-mingw32/bin/../lib/gcc/nios2-elf/4.1.2/../../../../nios2-elf/lib/mno-hw-mul\libsmallc.a(lib_a-putchar.o)
                                0x452 (size before relaxing)
 .debug_str     0x00000582       0x48 c:/altera/12.0sp1/nios2eds/bin/gnu/h-i686-mingw32/bin/../lib/gcc/nios2-elf/4.1.2/../../../../nios2-elf/lib/mno-hw-mul\libsmallc.a(lib_a-puts.o)
                                0x450 (size before relaxing)
 .debug_str     0x000005ca       0xe2 c:/altera/12.0sp1/nios2eds/bin/gnu/h-i686-mingw32/bin/../lib/gcc/nios2-elf/4.1.2/../../../../nios2-elf/lib/mno-hw-mul\libsmallc.a(lib_a-strlen.o)
                                0x184 (size before relaxing)
 .debug_str     0x000006ac      0x11b c:/altera/12.0sp1/nios2eds/bin/gnu/h-i686-mingw32/bin/../lib/gcc/nios2-elf/4.1.2/../../../../nios2-elf/lib/mno-hw-mul\libsmallc.a(lib_a-vfprintf.o)
                                0x562 (size before relaxing)
 .debug_str     0x000007c7       0x70 c:/altera/12.0sp1/nios2eds/bin/gnu/h-i686-mingw32/bin/../lib/gcc/nios2-elf/4.1.2/../../../../nios2-elf/lib/mno-hw-mul\libsmallc.a(lib_a-fvwrite_small_dev.o)
                                0x46a (size before relaxing)
 .debug_str     0x00000837       0xf8 c:/altera/12.0sp1/nios2eds/bin/gnu/h-i686-mingw32/bin/../lib/gcc/nios2-elf/4.1.2/../../../../nios2-elf/lib/mno-hw-mul\libsmallc.a(lib_a-impure.o)
                                0x45d (size before relaxing)
 .debug_str     0x0000092f       0x4f c:/altera/12.0sp1/nios2eds/bin/gnu/h-i686-mingw32/bin/../lib/gcc/nios2-elf/4.1.2/../../../../nios2-elf/lib/mno-hw-mul\libsmallc.a(lib_a-putc.o)
                                0x455 (size before relaxing)
 .debug_str     0x0000097e       0x4f c:/altera/12.0sp1/nios2eds/bin/gnu/h-i686-mingw32/bin/../lib/gcc/nios2-elf/4.1.2/../../../../nios2-elf/lib/mno-hw-mul\libsmallc.a(lib_a-writer.o)
                                0x451 (size before relaxing)
 .debug_str     0x000009cd       0x40 c:/altera/12.0sp1/nios2eds/bin/gnu/h-i686-mingw32/bin/../lib/gcc/nios2-elf/4.1.2/../../../../nios2-elf/lib/mno-hw-mul\libsmallc.a(lib_a-int_errno.o)
                                0x177 (size before relaxing)
 .debug_str     0x00000a0d       0x37 c:/altera/12.0sp1/nios2eds/bin/gnu/h-i686-mingw32/bin/../lib/gcc/nios2-elf/4.1.2/mno-hw-mul\libgcc.a(lib2-mul.o)
                                0x175 (size before relaxing)
 .debug_str     0x00000a44       0x12 ../count_binary_bsp/\libhal_bsp.a(alt_load.o)
 .debug_str     0x00000a56       0x12 ../count_binary_bsp/\libhal_bsp.a(alt_main.o)
 .debug_str     0x00000a68       0x12 ../count_binary_bsp/\libhal_bsp.a(alt_usleep.o)
 .debug_str     0x00000a7a       0x12 ../count_binary_bsp/\libhal_bsp.a(alt_write.o)
 .debug_str     0x00000a8c       0x12 ../count_binary_bsp/\libhal_bsp.a(alt_sys_init.o)
 .debug_str     0x00000a9e       0x12 ../count_binary_bsp/\libhal_bsp.a(altera_avalon_jtag_uart_read.o)
 .debug_str     0x00000ab0       0x12 ../count_binary_bsp/\libhal_bsp.a(altera_avalon_jtag_uart_write.o)
 .debug_str     0x00000ac2       0x12 ../count_binary_bsp/\libhal_bsp.a(altera_avalon_timer_sc.o)
 .debug_str     0x00000ad4       0x12 ../count_binary_bsp/\libhal_bsp.a(alt_busy_sleep.o)
 .debug_str     0x00000ae6       0x12 ../count_binary_bsp/\libhal_bsp.a(alt_close.o)
 .debug_str     0x00000af8       0x12 ../count_binary_bsp/\libhal_bsp.a(alt_dcache_flush_all.o)
 .debug_str     0x00000b0a       0x12 ../count_binary_bsp/\libhal_bsp.a(alt_dev.o)
 .debug_str     0x00000b1c       0x12 ../count_binary_bsp/\libhal_bsp.a(alt_dev_llist_insert.o)
 .debug_str     0x00000b2e       0x12 ../count_binary_bsp/\libhal_bsp.a(alt_errno.o)
 .debug_str     0x00000b40       0x12 ../count_binary_bsp/\libhal_bsp.a(alt_icache_flush_all.o)
 .debug_str     0x00000b52       0x18 ../count_binary_bsp/\libhal_bsp.a(alt_iic.o)
 .debug_str     0x00000b6a       0x1a ../count_binary_bsp/\libhal_bsp.a(alt_iic_isr_register.o)
 .debug_str     0x00000b84       0x12 ../count_binary_bsp/\libhal_bsp.a(alt_io_redirect.o)
 .debug_str     0x00000b96       0x12 ../count_binary_bsp/\libhal_bsp.a(alt_irq_handler.o)
 .debug_str     0x00000ba8       0x12 ../count_binary_bsp/\libhal_bsp.a(alt_open.o)
 .debug_str     0x00000bba       0x1a ../count_binary_bsp/\libhal_bsp.a(alt_tick.o)
 .debug_str     0x00000bd4       0x12 ../count_binary_bsp/\libhal_bsp.a(altera_nios2_qsys_irq.o)
 .debug_str     0x00000be6       0x12 ../count_binary_bsp/\libhal_bsp.a(alt_find_dev.o)
 .debug_str     0x00000bf8       0x12 ../count_binary_bsp/\libhal_bsp.a(alt_find_file.o)
 .debug_str     0x00000c0a       0x12 ../count_binary_bsp/\libhal_bsp.a(alt_get_fd.o)
 .debug_str     0x00000c1c       0x12 ../count_binary_bsp/\libhal_bsp.a(alt_icache_flush.o)
 .debug_str     0x00000c2e       0xde c:/altera/12.0sp1/nios2eds/bin/gnu/h-i686-mingw32/bin/../lib/gcc/nios2-elf/4.1.2/../../../../nios2-elf/lib/mno-hw-mul\libsmallc.a(lib_a-exit.o)
                                0x178 (size before relaxing)
 .debug_str     0x00000d0c       0x45 c:/altera/12.0sp1/nios2eds/bin/gnu/h-i686-mingw32/bin/../lib/gcc/nios2-elf/4.1.2/../../../../nios2-elf/lib/mno-hw-mul\libsmallc.a(lib_a-memcmp.o)
                                0x17e (size before relaxing)
 .debug_str     0x00000d51       0x7e c:/altera/12.0sp1/nios2eds/bin/gnu/h-i686-mingw32/bin/../lib/gcc/nios2-elf/4.1.2/../../../../nios2-elf/lib/mno-hw-mul\libsmallc.a(lib_a-__call_atexit.o)
                                0x491 (size before relaxing)
 .debug_str     0x00000dcf       0x1c ../count_binary_bsp/\libhal_bsp.a(alt_exit.o)

.debug_loc      0x00000000     0x184f
 *(.debug_loc)
 .debug_loc     0x00000000      0x158 obj/default/count_binary.o
 .debug_loc     0x00000158      0x1d2 c:/altera/12.0sp1/nios2eds/bin/gnu/h-i686-mingw32/bin/../lib/gcc/nios2-elf/4.1.2/mno-hw-mul\libgcc.a(lib2-divmod.o)
 .debug_loc     0x0000032a       0x8d c:/altera/12.0sp1/nios2eds/bin/gnu/h-i686-mingw32/bin/../lib/gcc/nios2-elf/4.1.2/../../../../nios2-elf/lib/mno-hw-mul\libsmallc.a(lib_a-printf.o)
 .debug_loc     0x000003b7       0x44 c:/altera/12.0sp1/nios2eds/bin/gnu/h-i686-mingw32/bin/../lib/gcc/nios2-elf/4.1.2/../../../../nios2-elf/lib/mno-hw-mul\libsmallc.a(lib_a-putchar.o)
 .debug_loc     0x000003fb       0xa2 c:/altera/12.0sp1/nios2eds/bin/gnu/h-i686-mingw32/bin/../lib/gcc/nios2-elf/4.1.2/../../../../nios2-elf/lib/mno-hw-mul\libsmallc.a(lib_a-puts.o)
 .debug_loc     0x0000049d       0x1e c:/altera/12.0sp1/nios2eds/bin/gnu/h-i686-mingw32/bin/../lib/gcc/nios2-elf/4.1.2/../../../../nios2-elf/lib/mno-hw-mul\libsmallc.a(lib_a-strlen.o)
 .debug_loc     0x000004bb      0x6a6 c:/altera/12.0sp1/nios2eds/bin/gnu/h-i686-mingw32/bin/../lib/gcc/nios2-elf/4.1.2/../../../../nios2-elf/lib/mno-hw-mul\libsmallc.a(lib_a-vfprintf.o)
 .debug_loc     0x00000b61      0x162 c:/altera/12.0sp1/nios2eds/bin/gnu/h-i686-mingw32/bin/../lib/gcc/nios2-elf/4.1.2/../../../../nios2-elf/lib/mno-hw-mul\libsmallc.a(lib_a-fvwrite_small_dev.o)
 .debug_loc     0x00000cc3       0xd4 c:/altera/12.0sp1/nios2eds/bin/gnu/h-i686-mingw32/bin/../lib/gcc/nios2-elf/4.1.2/../../../../nios2-elf/lib/mno-hw-mul\libsmallc.a(lib_a-putc.o)
 .debug_loc     0x00000d97       0x97 c:/altera/12.0sp1/nios2eds/bin/gnu/h-i686-mingw32/bin/../lib/gcc/nios2-elf/4.1.2/../../../../nios2-elf/lib/mno-hw-mul\libsmallc.a(lib_a-writer.o)
 .debug_loc     0x00000e2e       0x4f c:/altera/12.0sp1/nios2eds/bin/gnu/h-i686-mingw32/bin/../lib/gcc/nios2-elf/4.1.2/mno-hw-mul\libgcc.a(lib2-mul.o)
 .debug_loc     0x00000e7d       0x56 ../count_binary_bsp/\libhal_bsp.a(alt_load.o)
 .debug_loc     0x00000ed3       0x2b ../count_binary_bsp/\libhal_bsp.a(alt_main.o)
 .debug_loc     0x00000efe       0x2b ../count_binary_bsp/\libhal_bsp.a(alt_usleep.o)
 .debug_loc     0x00000f29       0x56 ../count_binary_bsp/\libhal_bsp.a(alt_write.o)
 .debug_loc     0x00000f7f       0x81 ../count_binary_bsp/\libhal_bsp.a(alt_sys_init.o)
 .debug_loc     0x00001000       0x56 ../count_binary_bsp/\libhal_bsp.a(altera_avalon_jtag_uart_fd.o)
 .debug_loc     0x00001056       0x2b ../count_binary_bsp/\libhal_bsp.a(altera_avalon_jtag_uart_read.o)
 .debug_loc     0x00001081       0x2b ../count_binary_bsp/\libhal_bsp.a(altera_avalon_jtag_uart_write.o)
 .debug_loc     0x000010ac       0x56 ../count_binary_bsp/\libhal_bsp.a(altera_avalon_timer_sc.o)
 .debug_loc     0x00001102       0x2b ../count_binary_bsp/\libhal_bsp.a(alt_busy_sleep.o)
 .debug_loc     0x0000112d       0x56 ../count_binary_bsp/\libhal_bsp.a(alt_close.o)
 .debug_loc     0x00001183       0x2b ../count_binary_bsp/\libhal_bsp.a(alt_dcache_flush_all.o)
 .debug_loc     0x000011ae       0x2b ../count_binary_bsp/\libhal_bsp.a(alt_dev.o)
 .debug_loc     0x000011d9       0x56 ../count_binary_bsp/\libhal_bsp.a(alt_dev_llist_insert.o)
 .debug_loc     0x0000122f       0x2b ../count_binary_bsp/\libhal_bsp.a(alt_icache_flush_all.o)
 .debug_loc     0x0000125a       0xac ../count_binary_bsp/\libhal_bsp.a(alt_iic.o)
 .debug_loc     0x00001306       0x2b ../count_binary_bsp/\libhal_bsp.a(alt_iic_isr_register.o)
 .debug_loc     0x00001331       0x56 ../count_binary_bsp/\libhal_bsp.a(alt_io_redirect.o)
 .debug_loc     0x00001387       0x2b ../count_binary_bsp/\libhal_bsp.a(alt_irq_handler.o)
 .debug_loc     0x000013b2       0x81 ../count_binary_bsp/\libhal_bsp.a(alt_open.o)
 .debug_loc     0x00001433       0x2b ../count_binary_bsp/\libhal_bsp.a(alt_release_fd.o)
 .debug_loc     0x0000145e       0x56 ../count_binary_bsp/\libhal_bsp.a(alt_tick.o)
 .debug_loc     0x000014b4       0x2b ../count_binary_bsp/\libhal_bsp.a(altera_nios2_qsys_irq.o)
 .debug_loc     0x000014df       0x2b ../count_binary_bsp/\libhal_bsp.a(alt_find_dev.o)
 .debug_loc     0x0000150a       0x2b ../count_binary_bsp/\libhal_bsp.a(alt_find_file.o)
 .debug_loc     0x00001535       0x2b ../count_binary_bsp/\libhal_bsp.a(alt_get_fd.o)
 .debug_loc     0x00001560       0x2b ../count_binary_bsp/\libhal_bsp.a(alt_icache_flush.o)
 .debug_loc     0x0000158b       0x3d c:/altera/12.0sp1/nios2eds/bin/gnu/h-i686-mingw32/bin/../lib/gcc/nios2-elf/4.1.2/../../../../nios2-elf/lib/mno-hw-mul\libsmallc.a(lib_a-exit.o)
 .debug_loc     0x000015c8       0x70 c:/altera/12.0sp1/nios2eds/bin/gnu/h-i686-mingw32/bin/../lib/gcc/nios2-elf/4.1.2/../../../../nios2-elf/lib/mno-hw-mul\libsmallc.a(lib_a-memcmp.o)
 .debug_loc     0x00001638      0x1c1 c:/altera/12.0sp1/nios2eds/bin/gnu/h-i686-mingw32/bin/../lib/gcc/nios2-elf/4.1.2/../../../../nios2-elf/lib/mno-hw-mul\libsmallc.a(lib_a-__call_atexit.o)
 .debug_loc     0x000017f9       0x56 ../count_binary_bsp/\libhal_bsp.a(alt_exit.o)

.debug_macinfo
 *(.debug_macinfo)

.debug_weaknames
 *(.debug_weaknames)

.debug_funcnames
 *(.debug_funcnames)

.debug_typenames
 *(.debug_typenames)

.debug_varnames
 *(.debug_varnames)

.debug_alt_sim_info
                0x00000000       0x50
 *(.debug_alt_sim_info)
 .debug_alt_sim_info
                0x00000000       0x20 ../count_binary_bsp//obj/HAL/src/crt0.o
 .debug_alt_sim_info
                0x00000020       0x30 ../count_binary_bsp/\libhal_bsp.a(alt_busy_sleep.o)
                0x0000d000                __alt_data_end = 0xd000
                0x0000d000                PROVIDE (__alt_stack_pointer, __alt_data_end)
                0x0000b360                PROVIDE (__alt_stack_limit, __alt_stack_base)
                0x0000b360                PROVIDE (__alt_heap_start, end)
                0x0000d000                PROVIDE (__alt_heap_limit, 0xd000)
OUTPUT(count_binary.elf elf32-littlenios2)

.debug_ranges   0x00000000      0x138
 .debug_ranges  0x00000000       0x20 ../count_binary_bsp//obj/HAL/src/crt0.o
 .debug_ranges  0x00000020       0xa8 c:/altera/12.0sp1/nios2eds/bin/gnu/h-i686-mingw32/bin/../lib/gcc/nios2-elf/4.1.2/../../../../nios2-elf/lib/mno-hw-mul\libsmallc.a(lib_a-vfprintf.o)
 .debug_ranges  0x000000c8       0x28 ../count_binary_bsp/\libhal_bsp.a(alt_irq_entry.o)
 .debug_ranges  0x000000f0       0x30 ../count_binary_bsp/\libhal_bsp.a(alt_exception_entry.o)
 .debug_ranges  0x00000120       0x18 c:/altera/12.0sp1/nios2eds/bin/gnu/h-i686-mingw32/bin/../lib/gcc/nios2-elf/4.1.2/../../../../nios2-elf/lib/mno-hw-mul\libsmallc.a(lib_a-__call_atexit.o)
