Archive member included because of file (symbol)

c:/altera/12.0sp2/nios2eds/bin/gnu/h-i686-mingw32/bin/../lib/gcc/nios2-elf/4.1.2/../../../../nios2-elf/lib\libc.a(lib_a-memcpy.o)
                              obj/default//C/Users/Jashwanth/Desktop/academics/BTP/media/media_HAL.o (memcpy)
BSP/\libhal_bsp.a(alt_load.o)
                              BSP//obj/HAL/src/crt0.o (alt_load)
BSP/\libhal_bsp.a(alt_main.o)
                              BSP//obj/HAL/src/crt0.o (alt_main)
BSP/\libhal_bsp.a(alt_printf.o)
                              obj/default//C/Users/Jashwanth/Desktop/academics/BTP/media/media_HAL.o (alt_printf)
BSP/\libhal_bsp.a(alt_putchar.o)
                              BSP/\libhal_bsp.a(alt_printf.o) (alt_putchar)
BSP/\libhal_bsp.a(alt_sys_init.o)
                              BSP/\libhal_bsp.a(alt_main.o) (alt_irq_init)
BSP/\libhal_bsp.a(altera_avalon_jtag_uart_fd.o)
                              BSP/\libhal_bsp.a(alt_sys_init.o) (altera_avalon_jtag_uart_ioctl_fd)
BSP/\libhal_bsp.a(altera_avalon_jtag_uart_init.o)
                              BSP/\libhal_bsp.a(altera_avalon_jtag_uart_fd.o) (altera_avalon_jtag_uart_close)
BSP/\libhal_bsp.a(altera_avalon_jtag_uart_ioctl.o)
                              BSP/\libhal_bsp.a(altera_avalon_jtag_uart_fd.o) (altera_avalon_jtag_uart_ioctl)
BSP/\libhal_bsp.a(altera_avalon_jtag_uart_read.o)
                              BSP/\libhal_bsp.a(altera_avalon_jtag_uart_fd.o) (altera_avalon_jtag_uart_read)
BSP/\libhal_bsp.a(altera_avalon_jtag_uart_write.o)
                              BSP/\libhal_bsp.a(altera_avalon_jtag_uart_fd.o) (altera_avalon_jtag_uart_write)
BSP/\libhal_bsp.a(altera_avalon_timer_sc.o)
                              BSP/\libhal_bsp.a(alt_sys_init.o) (alt_avalon_timer_sc_init)
BSP/\libhal_bsp.a(altera_up_avalon_parallel_port.o)
                              obj/default//C/Users/Jashwanth/Desktop/academics/BTP/media/media_HAL.o (alt_up_parallel_port_open_dev)
BSP/\libhal_bsp.a(altera_up_avalon_ps2.o)
                              obj/default//C/Users/Jashwanth/Desktop/academics/BTP/media/media_HAL.o (alt_up_ps2_open_dev)
BSP/\libhal_bsp.a(altera_up_avalon_rs232.o)
                              BSP/\libhal_bsp.a(alt_sys_init.o) (alt_up_rs232_read_fd)
BSP/\libhal_bsp.a(altera_up_avalon_video_character_buffer_with_dma.o)
                              BSP/\libhal_bsp.a(alt_sys_init.o) (alt_up_char_buffer_init)
BSP/\libhal_bsp.a(altera_up_avalon_video_pixel_buffer_dma.o)
                              obj/default//C/Users/Jashwanth/Desktop/academics/BTP/media/media_HAL.o (alt_up_pixel_buffer_dma_draw_line)
BSP/\libhal_bsp.a(alt_alarm_start.o)
                              BSP/\libhal_bsp.a(altera_avalon_jtag_uart_init.o) (alt_alarm_start)
BSP/\libhal_bsp.a(alt_close.o)
                              BSP/\libhal_bsp.a(alt_main.o) (close)
BSP/\libhal_bsp.a(alt_dcache_flush_all.o)
                              BSP/\libhal_bsp.a(alt_load.o) (alt_dcache_flush_all)
BSP/\libhal_bsp.a(alt_dev.o)  BSP/\libhal_bsp.a(alt_sys_init.o) (alt_dev_list)
BSP/\libhal_bsp.a(alt_dev_llist_insert.o)
                              BSP/\libhal_bsp.a(alt_sys_init.o) (alt_dev_llist_insert)
BSP/\libhal_bsp.a(alt_errno.o)
                              BSP/\libhal_bsp.a(alt_close.o) (alt_errno)
BSP/\libhal_bsp.a(alt_find_dev.o)
                              BSP/\libhal_bsp.a(altera_up_avalon_parallel_port.o) (alt_find_dev)
BSP/\libhal_bsp.a(alt_icache_flush_all.o)
                              BSP/\libhal_bsp.a(alt_load.o) (alt_icache_flush_all)
BSP/\libhal_bsp.a(alt_io_redirect.o)
                              BSP/\libhal_bsp.a(alt_main.o) (alt_io_redirect)
BSP/\libhal_bsp.a(alt_irq_register.o)
                              BSP/\libhal_bsp.a(altera_avalon_jtag_uart_init.o) (alt_irq_register)
BSP/\libhal_bsp.a(alt_irq_vars.o)
                              BSP/\libhal_bsp.a(alt_irq_register.o) (alt_irq_active)
BSP/\libhal_bsp.a(alt_open.o)
                              BSP/\libhal_bsp.a(alt_io_redirect.o) (open)
BSP/\libhal_bsp.a(alt_release_fd.o)
                              BSP/\libhal_bsp.a(alt_close.o) (alt_release_fd)
BSP/\libhal_bsp.a(alt_tick.o)
                              BSP/\libhal_bsp.a(altera_avalon_timer_sc.o) (alt_tick)
BSP/\libhal_bsp.a(altera_nios2_qsys_irq.o)
                              BSP/\libhal_bsp.a(alt_sys_init.o) (altera_nios2_qsys_irq_init)
BSP/\libhal_bsp.a(alt_find_file.o)
                              BSP/\libhal_bsp.a(alt_open.o) (alt_find_file)
BSP/\libhal_bsp.a(alt_get_fd.o)
                              BSP/\libhal_bsp.a(alt_open.o) (alt_get_fd)
BSP/\libhal_bsp.a(alt_icache_flush.o)
                              BSP/\libhal_bsp.a(alt_icache_flush_all.o) (alt_icache_flush)
BSP/\libhal_bsp.a(alt_irq_entry.o)
                              BSP/\libhal_bsp.a(alt_irq_register.o) (alt_irq_entry)
BSP/\libhal_bsp.a(alt_irq_handler.o)
[...]
Memory Configuration

Name             Origin             Length             Attributes
reset            0x00000000         0x00000020
SDRAM            0x00000020         0x007fffe0
*default*        0x00000000         0xffffffff

Linker script and memory map

LOAD BSP//obj/HAL/src/crt0.o
LOAD obj/default//C/Users/Jashwanth/Desktop/academics/BTP/media/media_HAL.o
LOAD c:/altera/12.0sp2/nios2eds/bin/gnu/h-i686-mingw32/bin/../lib/gcc/nios2-elf/4.1.2/../../../../nios2-elf/lib\libstdc++.a
LOAD c:/altera/12.0sp2/nios2eds/bin/gnu/h-i686-mingw32/bin/../lib/gcc/nios2-elf/4.1.2/../../../../nios2-elf/lib\libm.a
LOAD c:/altera/12.0sp2/nios2eds/bin/gnu/h-i686-mingw32/bin/../lib/gcc/nios2-elf/4.1.2\libgcc.a
START GROUP
LOAD c:/altera/12.0sp2/nios2eds/bin/gnu/h-i686-mingw32/bin/../lib/gcc/nios2-elf/4.1.2/../../../../nios2-elf/lib\libc.a
LOAD c:/altera/12.0sp2/nios2eds/bin/gnu/h-i686-mingw32/bin/../lib/gcc/nios2-elf/4.1.2\libgcc.a
LOAD BSP/\libhal_bsp.a
END GROUP
LOAD c:/altera/12.0sp2/nios2eds/bin/gnu/h-i686-mingw32/bin/../lib/gcc/nios2-elf/4.1.2\libgcc.a
                0x00000000                __alt_mem_SDRAM = 0x0

.entry          0x00000000       0x20
 *(.entry)
 .entry         0x00000000       0x20 BSP//obj/HAL/src/crt0.o
                0x00000000                __reset

.exceptions     0x00000020      0x148
                0x00000020                PROVIDE (__ram_exceptions_start, ABSOLUTE (.))
                0x00000020                . = ALIGN (0x20)
 *(.irq)
 *(.exceptions.entry.label)
 .exceptions.entry.label
                0x00000020        0x0 BSP/\libhal_bsp.a(alt_irq_entry.o)
                0x00000020                alt_irq_entry
 .exceptions.entry.label
                0x00000020        0x0 BSP/\libhal_bsp.a(alt_exception_entry.o)
                0x00000020                alt_exception
 *(.exceptions.entry.user)
 *(.exceptions.entry)
 .exceptions.entry
                0x00000020       0x54 BSP/\libhal_bsp.a(alt_exception_entry.o)
 *(.exceptions.irqtest.user)
 *(.exceptions.irqtest)
 .exceptions.irqtest
                0x00000074       0x10 BSP/\libhal_bsp.a(alt_irq_entry.o)
 *(.exceptions.irqhandler.user)
 *(.exceptions.irqhandler)
 .exceptions.irqhandler
                0x00000084        0x4 BSP/\libhal_bsp.a(alt_irq_entry.o)
 *(.exceptions.irqreturn.user)
 *(.exceptions.irqreturn)
 .exceptions.irqreturn
                0x00000088        0x4 BSP/\libhal_bsp.a(alt_irq_entry.o)
 *(.exceptions.notirq.label)
 .exceptions.notirq.label
                0x0000008c        0x0 BSP/\libhal_bsp.a(alt_irq_entry.o)
 *(.exceptions.notirq.user)
 *(.exceptions.notirq)
 .exceptions.notirq
                0x0000008c        0x8 BSP/\libhal_bsp.a(alt_exception_entry.o)
 *(.exceptions.soft.user)
 *(.exceptions.soft)
 *(.exceptions.unknown.user)
 *(.exceptions.unknown)
 .exceptions.unknown
                0x00000094        0x4 BSP/\libhal_bsp.a(alt_exception_entry.o)
 *(.exceptions.exit.label)
 .exceptions.exit.label
                0x00000098        0x0 BSP/\libhal_bsp.a(alt_irq_entry.o)
 .exceptions.exit.label
                0x00000098        0x0 BSP/\libhal_bsp.a(alt_exception_entry.o)
 *(.exceptions.exit.user)
 *(.exceptions.exit)
 .exceptions.exit
                0x00000098       0x54 BSP/\libhal_bsp.a(alt_exception_entry.o)
 *(.exceptions)
 .exceptions    0x000000ec       0x7c BSP/\libhal_bsp.a(alt_irq_handler.o)
                0x000000ec                alt_irq_handler
                0x00000168                PROVIDE (__ram_exceptions_end, ABSOLUTE (.))
                0x00000020                PROVIDE (__flash_exceptions_start, LOADADDR (.exceptions))

.text           0x00000168     0x5070
                0x00000168                PROVIDE (stext, ABSOLUTE (.))
 *(.interp)
 *(.hash)
 *(.dynsym)
 *(.dynstr)
 *(.gnu.version)
 *(.gnu.version_d)
 *(.gnu.version_r)
 *(.rel.init)
 *(.rela.init)
 *(.rel.text .rel.text.* .rel.gnu.linkonce.t.*)
 *(.rela.text .rela.text.* .rela.gnu.linkonce.t.*)
 *(.rel.fini)
 *(.rela.fini)
 *(.rel.rodata .rel.rodata.* .rel.gnu.linkonce.r.*)
 *(.rela.rodata .rela.rodata.* .rela.gnu.linkonce.r.*)
 *(.rel.data .rel.data.* .rel.gnu.linkonce.d.*)
 *(.rela.data .rela.data.* .rela.gnu.linkonce.d.*)
 *(.rel.tdata .rel.tdata.* .rel.gnu.linkonce.td.*)
 *(.rela.tdata .rela.tdata.* .rela.gnu.linkonce.td.*)
 *(.rel.tbss .rel.tbss.* .rel.gnu.linkonce.tb.*)
 *(.rela.tbss .rela.tbss.* .rela.gnu.linkonce.tb.*)
 *(.rel.ctors)
 *(.rela.ctors)
 *(.rel.dtors)
 *(.rela.dtors)
 *(.rel.got)
 *(.rela.got)
 *(.rel.sdata .rel.sdata.* .rel.gnu.linkonce.s.*)
 *(.rela.sdata .rela.sdata.* .rela.gnu.linkonce.s.*)
 *(.rel.sbss .rel.sbss.* .rel.gnu.linkonce.sb.*)
 *(.rela.sbss .rela.sbss.* .rela.gnu.linkonce.sb.*)
 *(.rel.sdata2 .rel.sdata2.* .rel.gnu.linkonce.s2.*)
 *(.rela.sdata2 .rela.sdata2.* .rela.gnu.linkonce.s2.*)
 *(.rel.sbss2 .rel.sbss2.* .rel.gnu.linkonce.sb2.*)
 *(.rela.sbss2 .rela.sbss2.* .rela.gnu.linkonce.sb2.*)
 *(.rel.bss .rel.bss.* .rel.gnu.linkonce.b.*)
 *(.rela.bss .rela.bss.* .rela.gnu.linkonce.b.*)
 *(.rel.plt)
 *(.rela.plt)
 *(.rel.dyn)
 *(.init)
 *(.plt)
 *(.text .stub .text.* .gnu.linkonce.t.*)
 .text          0x00000168       0x3c BSP//obj/HAL/src/crt0.o
                0x00000168                _start
 .text          0x000001a4      0x41c obj/default//C/Users/Jashwanth/Desktop/academics/BTP/media/media_HAL.o
                0x000001a4                VGA_line
                0x0000020c                VGA_box
                0x00000258                HEX_PS2
                0x00000318                main
 .text          0x000005c0       0xa0 c:/altera/12.0sp2/nios2eds/bin/gnu/h-i686-mingw32/bin/../lib/gcc/nios2-elf/4.1.2/../../../../nios2-elf/lib\libc.a(lib_a-memcpy.o)
                0x000005c0                memcpy
 .text          0x00000660       0xc4 BSP/\libhal_bsp.a(alt_load.o)
                0x00000660                alt_load
 .text          0x00000724       0x50 BSP/\libhal_bsp.a(alt_main.o)
                0x00000724                alt_main
 .text          0x00000774      0x1dc BSP/\libhal_bsp.a(alt_printf.o)
                0x00000774                alt_printf
 .text          0x00000950       0x28 BSP/\libhal_bsp.a(alt_putchar.o)
                0x00000950                alt_putchar
 .text          0x00000978      0x2a0 BSP/\libhal_bsp.a(alt_sys_init.o)
                0x00000978                alt_irq_init
                0x00000998                alt_sys_init
 .text          0x00000c18       0x98 BSP/\libhal_bsp.a(altera_avalon_jtag_uart_fd.o)
                0x00000c18                altera_avalon_jtag_uart_ioctl_fd
                0x00000c38                altera_avalon_jtag_uart_close_fd
                0x00000c60                altera_avalon_jtag_uart_write_fd
                0x00000c88                altera_avalon_jtag_uart_read_fd
 .text          0x00000cb0      0x238 BSP/\libhal_bsp.a(altera_avalon_jtag_uart_init.o)
                0x00000cb0                altera_avalon_jtag_uart_close
                0x00000d3c                altera_avalon_jtag_uart_init
 .text          0x00000ee8       0x74 BSP/\libhal_bsp.a(altera_avalon_jtag_uart_ioctl.o)
                0x00000ee8                altera_avalon_jtag_uart_ioctl
 .text          0x00000f5c      0x168 BSP/\libhal_bsp.a(altera_avalon_jtag_uart_read.o)
                0x00000f5c                altera_avalon_jtag_uart_read
 .text          0x000010c4      0x17c BSP/\libhal_bsp.a(altera_avalon_jtag_uart_write.o)
                0x000010c4                altera_avalon_jtag_uart_write
 .text          0x00001240       0x80 BSP/\libhal_bsp.a(altera_avalon_timer_sc.o)
                0x00001240                alt_avalon_timer_sc_init
 .text          0x000012c0       0x20 BSP/\libhal_bsp.a(altera_up_avalon_parallel_port.o)
                0x000012c0                alt_up_parallel_port_open_dev
 .text          0x000012e0      0x388 BSP/\libhal_bsp.a(altera_up_avalon_ps2.o)
                0x000012e0                read_RI_bit
                0x000012ec                read_RE_bit
                0x000012f4                read_CE_bit
                0x00001300                read_num_bytes_available
                0x00001308                read_data_valid
                0x00001314                read_data_byte
                0x0000131c                alt_up_ps2_open_dev
                0x0000133c                alt_up_ps2_clear_fifo
                0x0000136c                alt_up_ps2_read_data_byte
                0x000013c4                alt_up_ps2_read_data_byte_timeout
                0x00001444                alt_up_ps2_read_fd
                0x0000146c                alt_up_ps2_wait_for_ack
                0x000014c8                alt_up_ps2_write_data_byte
                0x00001508                alt_up_ps2_write_fd
                0x00001578                alt_up_ps2_write_data_byte_with_ack
                0x000015ac                alt_up_ps2_init
                0x00001634                alt_up_ps2_disable_read_interrupt
                0x00001650                alt_up_ps2_enable_read_interrupt
 .text          0x00001668      0x1d4 BSP/\libhal_bsp.a(altera_up_avalon_rs232.o)
                0x00001668                alt_up_rs232_check_parity
                0x00001674                alt_up_rs232_open_dev
                0x00001694                alt_up_rs232_read_data
                0x000016e0                alt_up_rs232_read_fd
                0x00001760                alt_up_rs232_get_available_space_in_write_FIFO
                0x00001770                alt_up_rs232_write_data
                0x00001788                alt_up_rs232_write_fd
                0x000017f8                alt_up_rs232_disable_read_interrupt
                0x00001814                alt_up_rs232_enable_read_interrupt
                0x0000182c                alt_up_rs232_get_used_space_in_read_FIFO
 .text          0x0000183c      0x178 BSP/\libhal_bsp.a(altera_up_avalon_video_character_buffer_with_dma.o)
                0x0000183c                alt_up_char_buffer_string
                0x000018c4                alt_up_char_buffer_draw
                0x0000191c                alt_up_char_buffer_clear
                0x00001944                alt_up_char_buffer_open_dev
                0x00001964                alt_up_char_buffer_init
 .text          0x000019b4      0xa50 BSP/\libhal_bsp.a(altera_up_avalon_video_pixel_buffer_dma.o)
                0x000019b4                helper_plot_pixel
                0x00001a10                alt_up_pixel_buffer_dma_draw_line
                0x00001bfc                alt_up_pixel_buffer_dma_draw_vline
                0x00001d90                alt_up_pixel_buffer_dma_draw_hline
                0x00001f04                alt_up_pixel_buffer_dma_draw_rectangle
                0x00001fd4                alt_up_pixel_buffer_dma_draw_box
                0x00002218                alt_up_pixel_buffer_dma_clear_screen
                0x000022cc                alt_up_pixel_buffer_dma_swap_buffers
                0x000022f0                alt_up_pixel_buffer_dma_draw
                0x000023ac                alt_up_pixel_buffer_dma_check_swap_buffers_status
                0x000023bc                alt_up_pixel_buffer_dma_change_back_buffer_address
                0x000023e4                alt_up_pixel_buffer_dma_open_dev
 .text          0x00002404       0x94 BSP/\libhal_bsp.a(alt_alarm_start.o)
                0x00002404                alt_alarm_start
 .text          0x00002498       0xdc BSP/\libhal_bsp.a(alt_close.o)
                0x00002498                close
 .text          0x00002574        0x4 BSP/\libhal_bsp.a(alt_dcache_flush_all.o)
                0x00002574                alt_dcache_flush_all
 .text          0x00002578        0x8 BSP/\libhal_bsp.a(alt_dev.o)
 .text          0x00002580       0x70 BSP/\libhal_bsp.a(alt_dev_llist_insert.o)
                0x00002580                alt_dev_llist_insert
 .text          0x000025f0        0x0 BSP/\libhal_bsp.a(alt_errno.o)
 .text          0x000025f0       0x70 BSP/\libhal_bsp.a(alt_find_dev.o)
                0x000025f0                alt_find_dev
 .text          0x00002660       0x20 BSP/\libhal_bsp.a(alt_icache_flush_all.o)
                0x00002660                alt_icache_flush_all
 .text          0x00002680       0xfc BSP/\libhal_bsp.a(alt_io_redirect.o)
                0x000026e4                alt_io_redirect
 .text          0x0000277c       0xbc BSP/\libhal_bsp.a(alt_irq_register.o)
                0x0000277c                alt_irq_register
 .text          0x00002838        0x0 BSP/\libhal_bsp.a(alt_irq_vars.o)
 .text          0x00002838      0x17c BSP/\libhal_bsp.a(alt_open.o)
                0x00002838                open
 .text          0x000029b4       0x24 BSP/\libhal_bsp.a(alt_release_fd.o)
                0x000029b4                alt_release_fd
 .text          0x000029d8       0xe0 BSP/\libhal_bsp.a(alt_tick.o)
                0x000029d8                alt_alarm_stop
                0x00002a0c                alt_tick
 .text          0x00002ab8        0x8 BSP/\libhal_bsp.a(altera_nios2_qsys_irq.o)
                0x00002ab8                altera_nios2_qsys_irq_init
 .text          0x00002ac0       0xbc BSP/\libhal_bsp.a(alt_find_file.o)
                0x00002ac0                alt_find_file
 .text          0x00002b7c       0x6c BSP/\libhal_bsp.a(alt_get_fd.o)
                0x00002b7c                alt_get_fd
 .text          0x00002be8       0x3c BSP/\libhal_bsp.a(alt_icache_flush.o)
                0x00002be8                alt_icache_flush
 .text          0x00002c24        0x0 BSP/\libhal_bsp.a(alt_irq_entry.o)
 .text          0x00002c24        0x0 BSP/\libhal_bsp.a(alt_irq_handler.o)
 .text          0x00002c24        0x0 BSP/\libhal_bsp.a(alt_exception_entry.o)
 .text          0x00002c24       0x38 c:/altera/12.0sp2/nios2eds/bin/gnu/h-i686-mingw32/bin/../lib/gcc/nios2-elf/4.1.2/../../../../nios2-elf/lib\libc.a(lib_a-exit.o)
                0x00002c24                exit
 .text          0x00002c5c        0x0 c:/altera/12.0sp2/nios2eds/bin/gnu/h-i686-mingw32/bin/../lib/gcc/nios2-elf/4.1.2/../../../../nios2-elf/lib\libc.a(lib_a-impure.o)
 .text          0x00002c5c        0x0 c:/altera/12.0sp2/nios2eds/bin/gnu/h-i686-mingw32/bin/../lib/gcc/nios2-elf/4.1.2/../../../../nios2-elf/lib\libc.a(lib_a-int_errno.o)
 .text          0x00002c5c       0x74 c:/altera/12.0sp2/nios2eds/bin/gnu/h-i686-mingw32/bin/../lib/gcc/nios2-elf/4.1.2/../../../../nios2-elf/lib\libc.a(lib_a-memcmp.o)
                0x00002c5c                memcmp
 .text          0x00002cd0      0x1ec c:/altera/12.0sp2/nios2eds/bin/gnu/h-i686-mingw32/bin/../lib/gcc/nios2-elf/4.1.2/../../../../nios2-elf/lib\libc.a(lib_a-putc.o)
                0x00002cd0                putc
                0x00002dd4                _putc_r
 .text          0x00002ebc       0xbc c:/altera/12.0sp2/nios2eds/bin/gnu/h-i686-mingw32/bin/../lib/gcc/nios2-elf/4.1.2/../../../../nios2-elf/lib\libc.a(lib_a-strcmp.o)
                0x00002ebc                strcmp
 .text          0x00002f78       0x74 c:/altera/12.0sp2/nios2eds/bin/gnu/h-i686-mingw32/bin/../lib/gcc/nios2-elf/4.1.2/../../../../nios2-elf/lib\libc.a(lib_a-strlen.o)
                0x00002f78                strlen
 .text          0x00002fec      0x14c c:/altera/12.0sp2/nios2eds/bin/gnu/h-i686-mingw32/bin/../lib/gcc/nios2-elf/4.1.2/../../../../nios2-elf/lib\libc.a(lib_a-wbuf.o)
                0x00002fec                __swbuf_r
                0x0000311c                __swbuf
 .text          0x00003138      0x13c c:/altera/12.0sp2/nios2eds/bin/gnu/h-i686-mingw32/bin/../lib/gcc/nios2-elf/4.1.2/../../../../nios2-elf/lib\libc.a(lib_a-wsetup.o)
                0x00003138                __swsetup_r
 .text          0x00003274      0x1b4 c:/altera/12.0sp2/nios2eds/bin/gnu/h-i686-mingw32/bin/../lib/gcc/nios2-elf/4.1.2/../../../../nios2-elf/lib\libc.a(lib_a-__call_atexit.o)
                0x00003278                __call_exitprocs
 .text          0x00003428      0x230 c:/altera/12.0sp2/nios2eds/bin/gnu/h-i686-mingw32/bin/../lib/gcc/nios2-elf/4.1.2/../../../../nios2-elf/lib\libc.a(lib_a-fflush.o)
                0x00003428                _fflush_r
                0x00003624                fflush
 .text          0x00003658      0x2c0 c:/altera/12.0sp2/nios2eds/bin/gnu/h-i686-mingw32/bin/../lib/gcc/nios2-elf/4.1.2/../../../../nios2-elf/lib\libc.a(lib_a-findfp.o)
                0x000036b0                __sfp_lock_acquire
                0x000036b4                __sfp_lock_release
                0x000036b8                __sinit_lock_acquire
                0x000036bc                __sinit_lock_release
                0x000036c0                __sinit
                0x00003774                __fp_unlock_all
                0x0000378c                __fp_lock_all
                0x000037a4                _cleanup_r
                0x000037b0                _cleanup
                0x000037c0                __sfmoreglue
                0x00003828                __sfp
 .text          0x00003918      0x440 c:/altera/12.0sp2/nios2eds/bin/gnu/h-i686-mingw32/bin/../lib/gcc/nios2-elf/4.1.2/../../../../nios2-elf/lib\libc.a(lib_a-freer.o)
                0x00003918                _malloc_trim_r
                0x00003a44                _free_r
 .text          0x00003d58      0x180 c:/altera/12.0sp2/nios2eds/bin/gnu/h-i686-mingw32/bin/../lib/gcc/nios2-elf/4.1.2/../../../../nios2-elf/lib\libc.a(lib_a-fwalk.o)
                0x00003d58                _fwalk_reent
                0x00003e20                _fwalk
 .text          0x00003ed8      0x194 c:/altera/12.0sp2/nios2eds/bin/gnu/h-i686-mingw32/bin/../lib/gcc/nios2-elf/4.1.2/../../../../nios2-elf/lib\libc.a(lib_a-makebuf.o)
                0x00003ed8                __smakebuf_r
 .text          0x0000406c      0x740 c:/altera/12.0sp2/nios2eds/bin/gnu/h-i686-mingw32/bin/../lib/gcc/nios2-elf/4.1.2/../../../../nios2-elf/lib\libc.a(lib_a-mallocr.o)
                0x0000406c                _malloc_r
 .text          0x000047ac       0x98 c:/altera/12.0sp2/nios2eds/bin/gnu/h-i686-mingw32/bin/../lib/gcc/nios2-elf/4.1.2/../../../../nios2-elf/lib\libc.a(lib_a-memset.o)
                0x000047ac                memset
 .text          0x00004844       0x70 c:/altera/12.0sp2/nios2eds/bin/gnu/h-i686-mingw32/bin/../lib/gcc/nios2-elf/4.1.2/../../../../nios2-elf/lib\libc.a(lib_a-sbrkr.o)
                0x00004844                _sbrk_r
 .text          0x000048b4      0x14c c:/altera/12.0sp2/nios2eds/bin/gnu/h-i686-mingw32/bin/../lib/gcc/nios2-elf/4.1.2/../../../../nios2-elf/lib\libc.a(lib_a-stdio.o)
                0x000048b4                __sclose
                0x000048bc                __sseek
                0x00004924                __swrite
                0x000049a0                __sread
 .text          0x00004a00       0x78 c:/altera/12.0sp2/nios2eds/bin/gnu/h-i686-mingw32/bin/../lib/gcc/nios2-elf/4.1.2/../../../../nios2-elf/lib\libc.a(lib_a-writer.o)
                0x00004a00                _write_r
 .text          0x00004a78       0x70 c:/altera/12.0sp2/nios2eds/bin/gnu/h-i686-mingw32/bin/../lib/gcc/nios2-elf/4.1.2/../../../../nios2-elf/lib\libc.a(lib_a-closer.o)
                0x00004a78                _close_r
 .text          0x00004ae8      0x124 c:/altera/12.0sp2/nios2eds/bin/gnu/h-i686-mingw32/bin/../lib/gcc/nios2-elf/4.1.2/../../../../nios2-elf/lib\libc.a(lib_a-fclose.o)
                0x00004ae8                _fclose_r
                0x00004bf8                fclose
 .text          0x00004c0c       0x74 c:/altera/12.0sp2/nios2eds/bin/gnu/h-i686-mingw32/bin/../lib/gcc/nios2-elf/4.1.2/../../../../nios2-elf/lib\libc.a(lib_a-fstatr.o)
                0x00004c0c                _fstat_r
 .text          0x00004c80       0x70 c:/altera/12.0sp2/nios2eds/bin/gnu/h-i686-mingw32/bin/../lib/gcc/nios2-elf/4.1.2/../../../../nios2-elf/lib\libc.a(lib_a-isattyr.o)
                0x00004c80                _isatty_r
 .text          0x00004cf0       0x78 c:/altera/12.0sp2/nios2eds/bin/gnu/h-i686-mingw32/bin/../lib/gcc/nios2-elf/4.1.2/../../../../nios2-elf/lib\libc.a(lib_a-lseekr.o)
                0x00004cf0                _lseek_r
 .text          0x00004d68       0x78 c:/altera/12.0sp2/nios2eds/bin/gnu/h-i686-mingw32/bin/../lib/gcc/nios2-elf/4.1.2/../../../../nios2-elf/lib\libc.a(lib_a-readr.o)
                0x00004d68                _read_r
 .text          0x00004de0       0x14 BSP/\libhal_bsp.a(alt_exit.o)
                0x00004de0                _exit
 .text          0x00004df4       0x80 BSP/\libhal_bsp.a(alt_fstat.o)
                0x00004df4                fstat
 .text          0x00004e74       0x84 BSP/\libhal_bsp.a(alt_isatty.o)
                0x00004e74                isatty
 .text          0x00004ef8       0x98 BSP/\libhal_bsp.a(alt_lseek.o)
                0x00004ef8                lseek
 .text          0x00004f90        0x8 BSP/\libhal_bsp.a(alt_malloc_lock.o)
                0x00004f90                __malloc_lock
                0x00004f94                __malloc_unlock
 .text          0x00004f98       0xf8 BSP/\libhal_bsp.a(alt_read.o)
                0x00004f98                read
 .text          0x00005090       0x50 BSP/\libhal_bsp.a(alt_sbrk.o)
                0x00005090                sbrk
 .text          0x000050e0       0xf4 BSP/\libhal_bsp.a(alt_write.o)
                0x000050e0                write
 *(.gnu.warning.*)
 *(.fini)
                0x000051d4                PROVIDE (__etext, ABSOLUTE (.))
                0x000051d4                PROVIDE (_etext, ABSOLUTE (.))
                0x000051d4                PROVIDE (etext, ABSOLUTE (.))
 *(.eh_frame_hdr)
                0x000051d4                . = ALIGN (0x4)
                0x000051d4                PROVIDE (__preinit_array_start, ABSOLUTE (.))
 *(.preinit_array)
                0x000051d4                PROVIDE (__preinit_array_end, ABSOLUTE (.))
                0x000051d4                PROVIDE (__init_array_start, ABSOLUTE (.))
 *(.init_array)
                0x000051d4                PROVIDE (__init_array_end, ABSOLUTE (.))
                0x000051d4                PROVIDE (__fini_array_start, ABSOLUTE (.))
 *(.fini_array)
                0x000051d4                PROVIDE (__fini_array_end, ABSOLUTE (.))
 *(.eh_frame)
 *(.gcc_except_table)
 *(.dynamic)
                0x000051d4                PROVIDE (__CTOR_LIST__, ABSOLUTE (.))
 *(.ctors)
 *(SORT(.ctors.*))
 .ctors.65535   0x000051d4        0x4 c:/altera/12.0sp2/nios2eds/bin/gnu/h-i686-mingw32/bin/../lib/gcc/nios2-elf/4.1.2/../../../../nios2-elf/lib\libc.a(lib_a-__call_atexit.o)
                0x000051d8                PROVIDE (__CTOR_END__, ABSOLUTE (.))
                0x000051d8                PROVIDE (__DTOR_LIST__, ABSOLUTE (.))
 *(.dtors)
 *(SORT(.dtors.*))
                0x000051d8                PROVIDE (__DTOR_END__, ABSOLUTE (.))
 *(.jcr)
                0x000051d8                . = ALIGN (0x4)

.rodata         0x000051d8      0x240
                0x000051d8                PROVIDE (__ram_rodata_start, ABSOLUTE (.))
                0x000051d8                . = ALIGN (0x4)
 *(.rodata .rodata.* .gnu.linkonce.r.*)
 .rodata.str1.4
                0x000051d8      0x139 obj/default//C/Users/Jashwanth/Desktop/academics/BTP/media/media_HAL.o
                                0x13c (size before relaxing)
 .rodata        0x00005311       0x10 obj/default//C/Users/Jashwanth/Desktop/academics/BTP/media/media_HAL.o
 *fill*         0x00005321        0x3 00
 .rodata.str1.4
                0x00005324        0xf BSP/\libhal_bsp.a(alt_main.o)
                                 0x10 (size before relaxing)
 *fill*         0x00005333        0x1 00
 .rodata.str1.4
                0x00005334       0xd2 BSP/\libhal_bsp.a(alt_sys_init.o)
                                0x11c (size before relaxing)
 .rodata.str1.4
                0x00000000       0xd2 BSP/\libhal_bsp.a(altera_up_avalon_video_character_buffer_with_dma.o)
                                 0x1c (size before relaxing)
 *fill*         0x00005406        0x2 00
 .rodata.str1.4
                0x00005408        0xa BSP/\libhal_bsp.a(alt_dev.o)
                                  0xc (size before relaxing)
 *fill*         0x00005412        0x2 00
 .rodata.str1.4
                0x00005414        0x4 c:/altera/12.0sp2/nios2eds/bin/gnu/h-i686-mingw32/bin/../lib/gcc/nios2-elf/4.1.2/../../../../nios2-elf/lib\libc.a(lib_a-impure.o)
 *(.rodata1)
                0x00005418                . = ALIGN (0x4)
                0x00005418                PROVIDE (__ram_rodata_end, ABSOLUTE (.))
                0x000051d8                PROVIDE (__flash_rodata_start, LOADADDR (.rodata))

.rwdata         0x00005418     0x1cdc load address 0x000070f4
                0x00005418                PROVIDE (__ram_rwdata_start, ABSOLUTE (.))
                0x00005418                . = ALIGN (0x4)
 *(.got.plt)
 *(.got)
 *(.data1)
 *(.data .data.* .gnu.linkonce.d.*)
 .data          0x00005418        0x0 BSP//obj/HAL/src/crt0.o
 .data          0x00005418        0x0 obj/default//C/Users/Jashwanth/Desktop/academics/BTP/media/media_HAL.o
 .data          0x00005418        0x0 c:/altera/12.0sp2/nios2eds/bin/gnu/h-i686-mingw32/bin/../lib/gcc/nios2-elf/4.1.2/../../../../nios2-elf/lib\libc.a(lib_a-memcpy.o)
 .data          0x00005418        0x0 BSP/\libhal_bsp.a(alt_load.o)
 .data          0x00005418        0x0 BSP/\libhal_bsp.a(alt_main.o)
 .data          0x00005418        0x0 BSP/\libhal_bsp.a(alt_printf.o)
 .data          0x00005418        0x0 BSP/\libhal_bsp.a(alt_putchar.o)
 .data          0x00005418     0x12f4 BSP/\libhal_bsp.a(alt_sys_init.o)
 .data          0x0000670c        0x0 BSP/\libhal_bsp.a(altera_avalon_jtag_uart_fd.o)
 .data          0x0000670c        0x0 BSP/\libhal_bsp.a(altera_avalon_jtag_uart_init.o)
 .data          0x0000670c        0x0 BSP/\libhal_bsp.a(altera_avalon_jtag_uart_ioctl.o)
 .data          0x0000670c        0x0 BSP/\libhal_bsp.a(altera_avalon_jtag_uart_read.o)
 .data          0x0000670c        0x0 BSP/\libhal_bsp.a(altera_avalon_jtag_uart_write.o)
 .data          0x0000670c        0x0 BSP/\libhal_bsp.a(altera_avalon_timer_sc.o)
 .data          0x0000670c        0x0 BSP/\libhal_bsp.a(altera_up_avalon_parallel_port.o)
 .data          0x0000670c        0x0 BSP/\libhal_bsp.a(altera_up_avalon_ps2.o)
 .data          0x0000670c        0x0 BSP/\libhal_bsp.a(altera_up_avalon_rs232.o)
 .data          0x0000670c        0x0 BSP/\libhal_bsp.a(altera_up_avalon_video_character_buffer_with_dma.o)
 .data          0x0000670c        0x0 BSP/\libhal_bsp.a(altera_up_avalon_video_pixel_buffer_dma.o)
 .data          0x0000670c        0x0 BSP/\libhal_bsp.a(alt_alarm_start.o)
 .data          0x0000670c        0x0 BSP/\libhal_bsp.a(alt_close.o)
 .data          0x0000670c        0x0 BSP/\libhal_bsp.a(alt_dcache_flush_all.o)
 .data          0x0000670c      0x1a8 BSP/\libhal_bsp.a(alt_dev.o)
                0x0000670c                alt_dev_null
                0x00006734                alt_fd_list
 .data          0x000068b4        0x0 BSP/\libhal_bsp.a(alt_dev_llist_insert.o)
 .data          0x000068b4        0x0 BSP/\libhal_bsp.a(alt_errno.o)
 .data          0x000068b4        0x0 BSP/\libhal_bsp.a(alt_find_dev.o)
 .data          0x000068b4        0x0 BSP/\libhal_bsp.a(alt_icache_flush_all.o)
 .data          0x000068b4        0x0 BSP/\libhal_bsp.a(alt_io_redirect.o)
 .data          0x000068b4        0x0 BSP/\libhal_bsp.a(alt_irq_register.o)
 .data          0x000068b4        0x0 BSP/\libhal_bsp.a(alt_irq_vars.o)
 .data          0x000068b4        0x0 BSP/\libhal_bsp.a(alt_open.o)
 .data          0x000068b4        0x0 BSP/\libhal_bsp.a(alt_release_fd.o)
 .data          0x000068b4        0x0 BSP/\libhal_bsp.a(alt_tick.o)
 .data          0x000068b4        0x0 BSP/\libhal_bsp.a(altera_nios2_qsys_irq.o)
 .data          0x000068b4        0x0 BSP/\libhal_bsp.a(alt_find_file.o)
 .data          0x000068b4        0x0 BSP/\libhal_bsp.a(alt_get_fd.o)
 .data          0x000068b4        0x0 BSP/\libhal_bsp.a(alt_icache_flush.o)
 .data          0x000068b4        0x0 BSP/\libhal_bsp.a(alt_irq_entry.o)
 .data          0x000068b4        0x0 BSP/\libhal_bsp.a(alt_irq_handler.o)
 .data          0x000068b4        0x0 BSP/\libhal_bsp.a(alt_exception_entry.o)
 .data          0x000068b4        0x0 c:/altera/12.0sp2/nios2eds/bin/gnu/h-i686-mingw32/bin/../lib/gcc/nios2-elf/4.1.2/../../../../nios2-elf/lib\libc.a(lib_a-exit.o)
 .data          0x000068b4      0x400 c:/altera/12.0sp2/nios2eds/bin/gnu/h-i686-mingw32/bin/../lib/gcc/nios2-elf/4.1.2/../../../../nios2-elf/lib\libc.a(lib_a-impure.o)
 .data          0x00006cb4        0x0 c:/altera/12.0sp2/nios2eds/bin/gnu/h-i686-mingw32/bin/../lib/gcc/nios2-elf/4.1.2/../../../../nios2-elf/lib\libc.a(lib_a-int_errno.o)
 .data          0x00006cb4        0x0 c:/altera/12.0sp2/nios2eds/bin/gnu/h-i686-mingw32/bin/../lib/gcc/nios2-elf/4.1.2/../../../../nios2-elf/lib\libc.a(lib_a-memcmp.o)
 .data          0x00006cb4        0x0 c:/altera/12.0sp2/nios2eds/bin/gnu/h-i686-mingw32/bin/../lib/gcc/nios2-elf/4.1.2/../../../../nios2-elf/lib\libc.a(lib_a-putc.o)
 .data          0x00006cb4        0x0 c:/altera/12.0sp2/nios2eds/bin/gnu/h-i686-mingw32/bin/../lib/gcc/nios2-elf/4.1.2/../../../../nios2-elf/lib\libc.a(lib_a-strcmp.o)
 .data          0x00006cb4        0x0 c:/altera/12.0sp2/nios2eds/bin/gnu/h-i686-mingw32/bin/../lib/gcc/nios2-elf/4.1.2/../../../../nios2-elf/lib\libc.a(lib_a-strlen.o)
 .data          0x00006cb4        0x0 c:/altera/12.0sp2/nios2eds/bin/gnu/h-i686-mingw32/bin/../lib/gcc/nios2-elf/4.1.2/../../../../nios2-elf/lib\libc.a(lib_a-wbuf.o)
 .data          0x00006cb4        0x0 c:/altera/12.0sp2/nios2eds/bin/gnu/h-i686-mingw32/bin/../lib/gcc/nios2-elf/4.1.2/../../../../nios2-elf/lib\libc.a(lib_a-wsetup.o)
 .data          0x00006cb4        0x0 c:/altera/12.0sp2/nios2eds/bin/gnu/h-i686-mingw32/bin/../lib/gcc/nios2-elf/4.1.2/../../../../nios2-elf/lib\libc.a(lib_a-__call_atexit.o)
 .data          0x00006cb4        0x0 c:/altera/12.0sp2/nios2eds/bin/gnu/h-i686-mingw32/bin/../lib/gcc/nios2-elf/4.1.2/../../../../nios2-elf/lib\libc.a(lib_a-fflush.o)
 .data          0x00006cb4        0x0 c:/altera/12.0sp2/nios2eds/bin/gnu/h-i686-mingw32/bin/../lib/gcc/nios2-elf/4.1.2/../../../../nios2-elf/lib\libc.a(lib_a-findfp.o)
 .data          0x00006cb4        0x0 c:/altera/12.0sp2/nios2eds/bin/gnu/h-i686-mingw32/bin/../lib/gcc/nios2-elf/4.1.2/../../../../nios2-elf/lib\libc.a(lib_a-freer.o)
 .data          0x00006cb4        0x0 c:/altera/12.0sp2/nios2eds/bin/gnu/h-i686-mingw32/bin/../lib/gcc/nios2-elf/4.1.2/../../../../nios2-elf/lib\libc.a(lib_a-fwalk.o)
 .data          0x00006cb4        0x0 c:/altera/12.0sp2/nios2eds/bin/gnu/h-i686-mingw32/bin/../lib/gcc/nios2-elf/4.1.2/../../../../nios2-elf/lib\libc.a(lib_a-makebuf.o)
 .data          0x00006cb4      0x408 c:/altera/12.0sp2/nios2eds/bin/gnu/h-i686-mingw32/bin/../lib/gcc/nios2-elf/4.1.2/../../../../nios2-elf/lib\libc.a(lib_a-mallocr.o)
                0x00006cb4                __malloc_av_
 .data          0x000070bc        0x0 c:/altera/12.0sp2/nios2eds/bin/gnu/h-i686-mingw32/bin/../lib/gcc/nios2-elf/4.1.2/../../../../nios2-elf/lib\libc.a(lib_a-memset.o)
 .data          0x000070bc        0x0 c:/altera/12.0sp2/nios2eds/bin/gnu/h-i686-mingw32/bin/../lib/gcc/nios2-elf/4.1.2/../../../../nios2-elf/lib\libc.a(lib_a-sbrkr.o)
 .data          0x000070bc        0x0 c:/altera/12.0sp2/nios2eds/bin/gnu/h-i686-mingw32/bin/../lib/gcc/nios2-elf/4.1.2/../../../../nios2-elf/lib\libc.a(lib_a-stdio.o)
 .data          0x000070bc        0x0 c:/altera/12.0sp2/nios2eds/bin/gnu/h-i686-mingw32/bin/../lib/gcc/nios2-elf/4.1.2/../../../../nios2-elf/lib\libc.a(lib_a-writer.o)
 .data          0x000070bc        0x0 c:/altera/12.0sp2/nios2eds/bin/gnu/h-i686-mingw32/bin/../lib/gcc/nios2-elf/4.1.2/../../../../nios2-elf/lib\libc.a(lib_a-closer.o)
 .data          0x000070bc        0x0 c:/altera/12.0sp2/nios2eds/bin/gnu/h-i686-mingw32/bin/../lib/gcc/nios2-elf/4.1.2/../../../../nios2-elf/lib\libc.a(lib_a-fclose.o)
 .data          0x000070bc        0x0 c:/altera/12.0sp2/nios2eds/bin/gnu/h-i686-mingw32/bin/../lib/gcc/nios2-elf/4.1.2/../../../../nios2-elf/lib\libc.a(lib_a-fstatr.o)
 .data          0x000070bc        0x0 c:/altera/12.0sp2/nios2eds/bin/gnu/h-i686-mingw32/bin/../lib/gcc/nios2-elf/4.1.2/../../../../nios2-elf/lib\libc.a(lib_a-isattyr.o)
 .data          0x000070bc        0x0 c:/altera/12.0sp2/nios2eds/bin/gnu/h-i686-mingw32/bin/../lib/gcc/nios2-elf/4.1.2/../../../../nios2-elf/lib\libc.a(lib_a-lseekr.o)
 .data          0x000070bc        0x0 c:/altera/12.0sp2/nios2eds/bin/gnu/h-i686-mingw32/bin/../lib/gcc/nios2-elf/4.1.2/../../../../nios2-elf/lib\libc.a(lib_a-readr.o)
 .data          0x000070bc        0x0 BSP/\libhal_bsp.a(alt_exit.o)
 .data          0x000070bc        0x0 BSP/\libhal_bsp.a(alt_fstat.o)
 .data          0x000070bc        0x0 BSP/\libhal_bsp.a(alt_isatty.o)
 .data          0x000070bc        0x0 BSP/\libhal_bsp.a(alt_lseek.o)
 .data          0x000070bc        0x0 BSP/\libhal_bsp.a(alt_malloc_lock.o)
 .data          0x000070bc        0x0 BSP/\libhal_bsp.a(alt_read.o)
 .data          0x000070bc        0x0 BSP/\libhal_bsp.a(alt_sbrk.o)
 .data          0x000070bc        0x0 BSP/\libhal_bsp.a(alt_write.o)
                0x0000f0bc                _gp = ABSOLUTE ((. + 0x8000))
                0x0000f0bc                PROVIDE (gp, _gp)
 *(.rwdata .rwdata.*)
 *(.sdata .sdata.* .gnu.linkonce.s.*)
 .sdata         0x000070bc       0x14 BSP/\libhal_bsp.a(alt_dev.o)
                0x000070bc                alt_fs_list
                0x000070c4                alt_dev_list
                0x000070cc                alt_max_fd
 .sdata         0x000070d0        0x4 BSP/\libhal_bsp.a(alt_errno.o)
                0x000070d0                alt_errno
 .sdata         0x000070d4        0x4 BSP/\libhal_bsp.a(alt_irq_vars.o)
                0x000070d4                alt_priority_mask
 .sdata         0x000070d8        0x8 BSP/\libhal_bsp.a(alt_tick.o)
                0x000070d8                alt_alarm_list
 .sdata         0x000070e0        0x8 c:/altera/12.0sp2/nios2eds/bin/gnu/h-i686-mingw32/bin/../lib/gcc/nios2-elf/4.1.2/../../../../nios2-elf/lib\libc.a(lib_a-impure.o)
                0x000070e0                _impure_ptr
                0x000070e4                _global_impure_ptr
 .sdata         0x000070e8        0x8 c:/altera/12.0sp2/nios2eds/bin/gnu/h-i686-mingw32/bin/../lib/gcc/nios2-elf/4.1.2/../../../../nios2-elf/lib\libc.a(lib_a-mallocr.o)
                0x000070e8                __malloc_trim_threshold
                0x000070ec                __malloc_sbrk_base
 .sdata         0x000070f0        0x4 BSP/\libhal_bsp.a(alt_sbrk.o)
 *(.sdata2 .sdata2.* .gnu.linkonce.s2.*)
                0x000070f4                . = ALIGN (0x4)
                0x000070f4                _edata = ABSOLUTE (.)
                0x000070f4                PROVIDE (edata, ABSOLUTE (.))
                0x000070f4                PROVIDE (__ram_rwdata_end, ABSOLUTE (.))
                0x000070f4                PROVIDE (__flash_rwdata_start, LOADADDR (.rwdata))

.bss            0x00008dd0      0x150
                0x00008dd0                __bss_start = ABSOLUTE (.)
                0x00008dd0                PROVIDE (__sbss_start, ABSOLUTE (.))
                0x00008dd0                PROVIDE (___sbss_start, ABSOLUTE (.))
 *(.dynsbss)
 *(.sbss .sbss.* .gnu.linkonce.sb.*)
 .sbss          0x00008dd0        0xc BSP/\libhal_bsp.a(alt_main.o)
                0x00008dd0                alt_argc
                0x00008dd4                alt_argv
                0x00008dd8                alt_envp
 .sbss          0x00008ddc        0x4 BSP/\libhal_bsp.a(alt_irq_vars.o)
                0x00008ddc                alt_irq_active
 .sbss          0x00008de0        0x8 BSP/\libhal_bsp.a(alt_tick.o)
                0x00008de0                _alt_tick_rate
                0x00008de4                _alt_nticks
 .sbss          0x00008de8        0x4 c:/altera/12.0sp2/nios2eds/bin/gnu/h-i686-mingw32/bin/../lib/gcc/nios2-elf/4.1.2/../../../../nios2-elf/lib\libc.a(lib_a-int_errno.o)
                0x00008de8                errno
 .sbss          0x00008dec        0xc c:/altera/12.0sp2/nios2eds/bin/gnu/h-i686-mingw32/bin/../lib/gcc/nios2-elf/4.1.2/../../../../nios2-elf/lib\libc.a(lib_a-mallocr.o)
                0x00008dec                __malloc_top_pad
                0x00008df0                __malloc_max_sbrked_mem
                0x00008df4                __malloc_max_total_mem
 *(.sbss2 .sbss2.* .gnu.linkonce.sb2.*)
 *(.scommon)
                0x00008df8                PROVIDE (__sbss_end, ABSOLUTE (.))
                0x00008df8                PROVIDE (___sbss_end, ABSOLUTE (.))
 *(.dynbss)
 *(.bss .bss.* .gnu.linkonce.b.*)
 .bss           0x00008df8        0x0 BSP//obj/HAL/src/crt0.o
 .bss           0x00008df8        0x0 obj/default//C/Users/Jashwanth/Desktop/academics/BTP/media/media_HAL.o
 .bss           0x00008df8        0x0 c:/altera/12.0sp2/nios2eds/bin/gnu/h-i686-mingw32/bin/../lib/gcc/nios2-elf/4.1.2/../../../../nios2-elf/lib\libc.a(lib_a-memcpy.o)
 .bss           0x00008df8        0x0 BSP/\libhal_bsp.a(alt_load.o)
 .bss           0x00008df8        0x0 BSP/\libhal_bsp.a(alt_main.o)
 .bss           0x00008df8        0x0 BSP/\libhal_bsp.a(alt_printf.o)
 .bss           0x00008df8        0x0 BSP/\libhal_bsp.a(alt_putchar.o)
 .bss           0x00008df8        0x0 BSP/\libhal_bsp.a(alt_sys_init.o)
 .bss           0x00008df8        0x0 BSP/\libhal_bsp.a(altera_avalon_jtag_uart_fd.o)
 .bss           0x00008df8        0x0 BSP/\libhal_bsp.a(altera_avalon_jtag_uart_init.o)
 .bss           0x00008df8        0x0 BSP/\libhal_bsp.a(altera_avalon_jtag_uart_ioctl.o)
 .bss           0x00008df8        0x0 BSP/\libhal_bsp.a(altera_avalon_jtag_uart_read.o)
 .bss           0x00008df8        0x0 BSP/\libhal_bsp.a(altera_avalon_jtag_uart_write.o)
 .bss           0x00008df8        0x0 BSP/\libhal_bsp.a(altera_avalon_timer_sc.o)
 .bss           0x00008df8        0x0 BSP/\libhal_bsp.a(altera_up_avalon_parallel_port.o)
 .bss           0x00008df8        0x0 BSP/\libhal_bsp.a(altera_up_avalon_ps2.o)
 .bss           0x00008df8        0x0 BSP/\libhal_bsp.a(altera_up_avalon_rs232.o)
 .bss           0x00008df8        0x0 BSP/\libhal_bsp.a(altera_up_avalon_video_character_buffer_with_dma.o)
 .bss           0x00008df8        0x0 BSP/\libhal_bsp.a(altera_up_avalon_video_pixel_buffer_dma.o)
 .bss           0x00008df8        0x0 BSP/\libhal_bsp.a(alt_alarm_start.o)
 .bss           0x00008df8        0x0 BSP/\libhal_bsp.a(alt_close.o)
 .bss           0x00008df8        0x0 BSP/\libhal_bsp.a(alt_dcache_flush_all.o)
 .bss           0x00008df8        0x0 BSP/\libhal_bsp.a(alt_dev.o)
 .bss           0x00008df8        0x0 BSP/\libhal_bsp.a(alt_dev_llist_insert.o)
 .bss           0x00008df8        0x0 BSP/\libhal_bsp.a(alt_errno.o)
 .bss           0x00008df8        0x0 BSP/\libhal_bsp.a(alt_find_dev.o)
 .bss           0x00008df8        0x0 BSP/\libhal_bsp.a(alt_icache_flush_all.o)
 .bss           0x00008df8        0x0 BSP/\libhal_bsp.a(alt_io_redirect.o)
 .bss           0x00008df8        0x0 BSP/\libhal_bsp.a(alt_irq_register.o)
 .bss           0x00008df8        0x0 BSP/\libhal_bsp.a(alt_irq_vars.o)
 .bss           0x00008df8        0x0 BSP/\libhal_bsp.a(alt_open.o)
 .bss           0x00008df8        0x0 BSP/\libhal_bsp.a(alt_release_fd.o)
 .bss           0x00008df8        0x0 BSP/\libhal_bsp.a(alt_tick.o)
 .bss           0x00008df8        0x0 BSP/\libhal_bsp.a(altera_nios2_qsys_irq.o)
 .bss           0x00008df8        0x0 BSP/\libhal_bsp.a(alt_find_file.o)
 .bss           0x00008df8        0x0 BSP/\libhal_bsp.a(alt_get_fd.o)
 .bss           0x00008df8        0x0 BSP/\libhal_bsp.a(alt_icache_flush.o)
 .bss           0x00008df8        0x0 BSP/\libhal_bsp.a(alt_irq_entry.o)
 .bss           0x00008df8        0x0 BSP/\libhal_bsp.a(alt_irq_handler.o)
 .bss           0x00008df8        0x0 BSP/\libhal_bsp.a(alt_exception_entry.o)
 .bss           0x00008df8        0x0 c:/altera/12.0sp2/nios2eds/bin/gnu/h-i686-mingw32/bin/../lib/gcc/nios2-elf/4.1.2/../../../../nios2-elf/lib\libc.a(lib_a-exit.o)
 .bss           0x00008df8        0x0 c:/altera/12.0sp2/nios2eds/bin/gnu/h-i686-mingw32/bin/../lib/gcc/nios2-elf/4.1.2/../../../../nios2-elf/lib\libc.a(lib_a-impure.o)
 .bss           0x00008df8        0x0 c:/altera/12.0sp2/nios2eds/bin/gnu/h-i686-mingw32/bin/../lib/gcc/nios2-elf/4.1.2/../../../../nios2-elf/lib\libc.a(lib_a-int_errno.o)
 .bss           0x00008df8        0x0 c:/altera/12.0sp2/nios2eds/bin/gnu/h-i686-mingw32/bin/../lib/gcc/nios2-elf/4.1.2/../../../../nios2-elf/lib\libc.a(lib_a-memcmp.o)
 .bss           0x00008df8        0x0 c:/altera/12.0sp2/nios2eds/bin/gnu/h-i686-mingw32/bin/../lib/gcc/nios2-elf/4.1.2/../../../../nios2-elf/lib\libc.a(lib_a-putc.o)
 .bss           0x00008df8        0x0 c:/altera/12.0sp2/nios2eds/bin/gnu/h-i686-mingw32/bin/../lib/gcc/nios2-elf/4.1.2/../../../../nios2-elf/lib\libc.a(lib_a-strcmp.o)
 .bss           0x00008df8        0x0 c:/altera/12.0sp2/nios2eds/bin/gnu/h-i686-mingw32/bin/../lib/gcc/nios2-elf/4.1.2/../../../../nios2-elf/lib\libc.a(lib_a-strlen.o)
 .bss           0x00008df8        0x0 c:/altera/12.0sp2/nios2eds/bin/gnu/h-i686-mingw32/bin/../lib/gcc/nios2-elf/4.1.2/../../../../nios2-elf/lib\libc.a(lib_a-wbuf.o)
 .bss           0x00008df8        0x0 c:/altera/12.0sp2/nios2eds/bin/gnu/h-i686-mingw32/bin/../lib/gcc/nios2-elf/4.1.2/../../../../nios2-elf/lib\libc.a(lib_a-wsetup.o)
 .bss           0x00008df8        0x0 c:/altera/12.0sp2/nios2eds/bin/gnu/h-i686-mingw32/bin/../lib/gcc/nios2-elf/4.1.2/../../../../nios2-elf/lib\libc.a(lib_a-__call_atexit.o)
 .bss           0x00008df8        0x0 c:/altera/12.0sp2/nios2eds/bin/gnu/h-i686-mingw32/bin/../lib/gcc/nios2-elf/4.1.2/../../../../nios2-elf/lib\libc.a(lib_a-fflush.o)
 .bss           0x00008df8        0x0 c:/altera/12.0sp2/nios2eds/bin/gnu/h-i686-mingw32/bin/../lib/gcc/nios2-elf/4.1.2/../../../../nios2-elf/lib\libc.a(lib_a-findfp.o)
 .bss           0x00008df8        0x0 c:/altera/12.0sp2/nios2eds/bin/gnu/h-i686-mingw32/bin/../lib/gcc/nios2-elf/4.1.2/../../../../nios2-elf/lib\libc.a(lib_a-freer.o)
 .bss           0x00008df8        0x0 c:/altera/12.0sp2/nios2eds/bin/gnu/h-i686-mingw32/bin/../lib/gcc/nios2-elf/4.1.2/../../../../nios2-elf/lib\libc.a(lib_a-fwalk.o)
 .bss           0x00008df8        0x0 c:/altera/12.0sp2/nios2eds/bin/gnu/h-i686-mingw32/bin/../lib/gcc/nios2-elf/4.1.2/../../../../nios2-elf/lib\libc.a(lib_a-makebuf.o)
 .bss           0x00008df8       0x28 c:/altera/12.0sp2/nios2eds/bin/gnu/h-i686-mingw32/bin/../lib/gcc/nios2-elf/4.1.2/../../../../nios2-elf/lib\libc.a(lib_a-mallocr.o)
                0x00008df8                __malloc_current_mallinfo
 .bss           0x00008e20        0x0 c:/altera/12.0sp2/nios2eds/bin/gnu/h-i686-mingw32/bin/../lib/gcc/nios2-elf/4.1.2/../../../../nios2-elf/lib\libc.a(lib_a-memset.o)
 .bss           0x00008e20        0x0 c:/altera/12.0sp2/nios2eds/bin/gnu/h-i686-mingw32/bin/../lib/gcc/nios2-elf/4.1.2/../../../../nios2-elf/lib\libc.a(lib_a-sbrkr.o)
 .bss           0x00008e20        0x0 c:/altera/12.0sp2/nios2eds/bin/gnu/h-i686-mingw32/bin/../lib/gcc/nios2-elf/4.1.2/../../../../nios2-elf/lib\libc.a(lib_a-stdio.o)
 .bss           0x00008e20        0x0 c:/altera/12.0sp2/nios2eds/bin/gnu/h-i686-mingw32/bin/../lib/gcc/nios2-elf/4.1.2/../../../../nios2-elf/lib\libc.a(lib_a-writer.o)
 .bss           0x00008e20        0x0 c:/altera/12.0sp2/nios2eds/bin/gnu/h-i686-mingw32/bin/../lib/gcc/nios2-elf/4.1.2/../../../../nios2-elf/lib\libc.a(lib_a-closer.o)
 .bss           0x00008e20        0x0 c:/altera/12.0sp2/nios2eds/bin/gnu/h-i686-mingw32/bin/../lib/gcc/nios2-elf/4.1.2/../../../../nios2-elf/lib\libc.a(lib_a-fclose.o)
 .bss           0x00008e20        0x0 c:/altera/12.0sp2/nios2eds/bin/gnu/h-i686-mingw32/bin/../lib/gcc/nios2-elf/4.1.2/../../../../nios2-elf/lib\libc.a(lib_a-fstatr.o)
 .bss           0x00008e20        0x0 c:/altera/12.0sp2/nios2eds/bin/gnu/h-i686-mingw32/bin/../lib/gcc/nios2-elf/4.1.2/../../../../nios2-elf/lib\libc.a(lib_a-isattyr.o)
 .bss           0x00008e20        0x0 c:/altera/12.0sp2/nios2eds/bin/gnu/h-i686-mingw32/bin/../lib/gcc/nios2-elf/4.1.2/../../../../nios2-elf/lib\libc.a(lib_a-lseekr.o)
 .bss           0x00008e20        0x0 c:/altera/12.0sp2/nios2eds/bin/gnu/h-i686-mingw32/bin/../lib/gcc/nios2-elf/4.1.2/../../../../nios2-elf/lib\libc.a(lib_a-readr.o)
 .bss           0x00008e20        0x0 BSP/\libhal_bsp.a(alt_exit.o)
 .bss           0x00008e20        0x0 BSP/\libhal_bsp.a(alt_fstat.o)
 .bss           0x00008e20        0x0 BSP/\libhal_bsp.a(alt_isatty.o)
 .bss           0x00008e20        0x0 BSP/\libhal_bsp.a(alt_lseek.o)
 .bss           0x00008e20        0x0 BSP/\libhal_bsp.a(alt_malloc_lock.o)
 .bss           0x00008e20        0x0 BSP/\libhal_bsp.a(alt_read.o)
 .bss           0x00008e20        0x0 BSP/\libhal_bsp.a(alt_sbrk.o)
 .bss           0x00008e20        0x0 BSP/\libhal_bsp.a(alt_write.o)
 *(COMMON)
 COMMON         0x00008e20      0x100 BSP/\libhal_bsp.a(alt_irq_handler.o)
                0x00008e20                alt_irq
                0x00008f20                . = ALIGN (0x4)
                0x00008f20                __bss_end = ABSOLUTE (.)

.SDRAM          0x00008f20        0x0
                0x00008f20                PROVIDE (_alt_partition_SDRAM_start, ABSOLUTE (.))
 *(.SDRAM. SDRAM.*)
                0x00008f20                . = ALIGN (0x4)
                0x00008f20                PROVIDE (_alt_partition_SDRAM_end, ABSOLUTE (.))
                0x00008f20                _end = ABSOLUTE (.)
                0x00008f20                end = ABSOLUTE (.)
                0x00008f20                __alt_stack_base = ABSOLUTE (.)
                0x00008f20                PROVIDE (_alt_partition_SDRAM_load_addr, LOADADDR (.SDRAM))

.stab
 *(.stab)

.stabstr
 *(.stabstr)

.stab.excl
 *(.stab.excl)

.stab.exclstr
 *(.stab.exclstr)

.stab.index
 *(.stab.index)

.stab.indexstr
 *(.stab.indexstr)

.comment        0x00000000       0x26
 *(.comment)
 .comment       0x00000000       0x26 obj/default//C/Users/Jashwanth/Desktop/academics/BTP/media/media_HAL.o
                                 0x27 (size before relaxing)
 .comment       0x00000000       0x27 c:/altera/12.0sp2/nios2eds/bin/gnu/h-i686-mingw32/bin/../lib/gcc/nios2-elf/4.1.2/../../../../nios2-elf/lib\libc.a(lib_a-memcpy.o)
 .comment       0x00000000       0x27 BSP/\libhal_bsp.a(alt_load.o)
 .comment       0x00000000       0x27 BSP/\libhal_bsp.a(alt_main.o)
 .comment       0x00000000       0x27 BSP/\libhal_bsp.a(alt_printf.o)
 .comment       0x00000000       0x27 BSP/\libhal_bsp.a(alt_putchar.o)
 .comment       0x00000000       0x27 BSP/\libhal_bsp.a(alt_sys_init.o)
 .comment       0x00000000       0x27 BSP/\libhal_bsp.a(altera_avalon_jtag_uart_fd.o)
 .comment       0x00000000       0x27 BSP/\libhal_bsp.a(altera_avalon_jtag_uart_init.o)
 .comment       0x00000000       0x27 BSP/\libhal_bsp.a(altera_avalon_jtag_uart_ioctl.o)
 .comment       0x00000000       0x27 BSP/\libhal_bsp.a(altera_avalon_jtag_uart_read.o)
 .comment       0x00000000       0x27 BSP/\libhal_bsp.a(altera_avalon_jtag_uart_write.o)
 .comment       0x00000000       0x27 BSP/\libhal_bsp.a(altera_avalon_timer_sc.o)
 .comment       0x00000000       0x27 BSP/\libhal_bsp.a(altera_up_avalon_parallel_port.o)
 .comment       0x00000000       0x27 BSP/\libhal_bsp.a(altera_up_avalon_ps2.o)
 .comment       0x00000000       0x27 BSP/\libhal_bsp.a(altera_up_avalon_rs232.o)
 .comment       0x00000000       0x27 BSP/\libhal_bsp.a(altera_up_avalon_video_character_buffer_with_dma.o)
 .comment       0x00000000       0x27 BSP/\libhal_bsp.a(altera_up_avalon_video_pixel_buffer_dma.o)
 .comment       0x00000000       0x27 BSP/\libhal_bsp.a(alt_alarm_start.o)
 .comment       0x00000000       0x27 BSP/\libhal_bsp.a(alt_close.o)
 .comment       0x00000000       0x27 BSP/\libhal_bsp.a(alt_dcache_flush_all.o)
 .comment       0x00000000       0x27 BSP/\libhal_bsp.a(alt_dev.o)
 .comment       0x00000000       0x27 BSP/\libhal_bsp.a(alt_dev_llist_insert.o)
 .comment       0x00000000       0x27 BSP/\libhal_bsp.a(alt_errno.o)
 .comment       0x00000000       0x27 BSP/\libhal_bsp.a(alt_find_dev.o)
 .comment       0x00000000       0x27 BSP/\libhal_bsp.a(alt_icache_flush_all.o)
 .comment       0x00000000       0x27 BSP/\libhal_bsp.a(alt_io_redirect.o)
 .comment       0x00000000       0x27 BSP/\libhal_bsp.a(alt_irq_register.o)
 .comment       0x00000000       0x27 BSP/\libhal_bsp.a(alt_irq_vars.o)
 .comment       0x00000000       0x27 BSP/\libhal_bsp.a(alt_open.o)
 .comment       0x00000000       0x27 BSP/\libhal_bsp.a(alt_release_fd.o)
 .comment       0x00000000       0x27 BSP/\libhal_bsp.a(alt_tick.o)
 .comment       0x00000000       0x27 BSP/\libhal_bsp.a(altera_nios2_qsys_irq.o)
 .comment       0x00000000       0x27 BSP/\libhal_bsp.a(alt_find_file.o)
 .comment       0x00000000       0x27 BSP/\libhal_bsp.a(alt_get_fd.o)
 .comment       0x00000000       0x27 BSP/\libhal_bsp.a(alt_icache_flush.o)
 .comment       0x00000000       0x27 BSP/\libhal_bsp.a(alt_irq_handler.o)
 .comment       0x00000000       0x27 c:/altera/12.0sp2/nios2eds/bin/gnu/h-i686-mingw32/bin/../lib/gcc/nios2-elf/4.1.2/../../../../nios2-elf/lib\libc.a(lib_a-exit.o)
 .comment       0x00000000       0x27 c:/altera/12.0sp2/nios2eds/bin/gnu/h-i686-mingw32/bin/../lib/gcc/nios2-elf/4.1.2/../../../../nios2-elf/lib\libc.a(lib_a-impure.o)
 .comment       0x00000000       0x27 c:/altera/12.0sp2/nios2eds/bin/gnu/h-i686-mingw32/bin/../lib/gcc/nios2-elf/4.1.2/../../../../nios2-elf/lib\libc.a(lib_a-int_errno.o)
 .comment       0x00000000       0x27 c:/altera/12.0sp2/nios2eds/bin/gnu/h-i686-mingw32/bin/../lib/gcc/nios2-elf/4.1.2/../../../../nios2-elf/lib\libc.a(lib_a-memcmp.o)
 .comment       0x00000000       0x27 c:/altera/12.0sp2/nios2eds/bin/gnu/h-i686-mingw32/bin/../lib/gcc/nios2-elf/4.1.2/../../../../nios2-elf/lib\libc.a(lib_a-putc.o)
 .comment       0x00000000       0x27 c:/altera/12.0sp2/nios2eds/bin/gnu/h-i686-mingw32/bin/../lib/gcc/nios2-elf/4.1.2/../../../../nios2-elf/lib\libc.a(lib_a-strcmp.o)
 .comment       0x00000000       0x27 c:/altera/12.0sp2/nios2eds/bin/gnu/h-i686-mingw32/bin/../lib/gcc/nios2-elf/4.1.2/../../../../nios2-elf/lib\libc.a(lib_a-strlen.o)
 .comment       0x00000000       0x27 c:/altera/12.0sp2/nios2eds/bin/gnu/h-i686-mingw32/bin/../lib/gcc/nios2-elf/4.1.2/../../../../nios2-elf/lib\libc.a(lib_a-wbuf.o)
 .comment       0x00000000       0x27 c:/altera/12.0sp2/nios2eds/bin/gnu/h-i686-mingw32/bin/../lib/gcc/nios2-elf/4.1.2/../../../../nios2-elf/lib\libc.a(lib_a-wsetup.o)
 .comment       0x00000000       0x27 c:/altera/12.0sp2/nios2eds/bin/gnu/h-i686-mingw32/bin/../lib/gcc/nios2-elf/4.1.2/../../../../nios2-elf/lib\libc.a(lib_a-__call_atexit.o)
 .comment       0x00000000       0x27 c:/altera/12.0sp2/nios2eds/bin/gnu/h-i686-mingw32/bin/../lib/gcc/nios2-elf/4.1.2/../../../../nios2-elf/lib\libc.a(lib_a-fflush.o)
 .comment       0x00000000       0x27 c:/altera/12.0sp2/nios2eds/bin/gnu/h-i686-mingw32/bin/../lib/gcc/nios2-elf/4.1.2/../../../../nios2-elf/lib\libc.a(lib_a-findfp.o)
 .comment       0x00000000       0x27 c:/altera/12.0sp2/nios2eds/bin/gnu/h-i686-mingw32/bin/../lib/gcc/nios2-elf/4.1.2/../../../../nios2-elf/lib\libc.a(lib_a-freer.o)
 .comment       0x00000000       0x27 c:/altera/12.0sp2/nios2eds/bin/gnu/h-i686-mingw32/bin/../lib/gcc/nios2-elf/4.1.2/../../../../nios2-elf/lib\libc.a(lib_a-fwalk.o)
 .comment       0x00000000       0x27 c:/altera/12.0sp2/nios2eds/bin/gnu/h-i686-mingw32/bin/../lib/gcc/nios2-elf/4.1.2/../../../../nios2-elf/lib\libc.a(lib_a-makebuf.o)
 .comment       0x00000000       0x27 c:/altera/12.0sp2/nios2eds/bin/gnu/h-i686-mingw32/bin/../lib/gcc/nios2-elf/4.1.2/../../../../nios2-elf/lib\libc.a(lib_a-mallocr.o)
 .comment       0x00000000       0x27 c:/altera/12.0sp2/nios2eds/bin/gnu/h-i686-mingw32/bin/../lib/gcc/nios2-elf/4.1.2/../../../../nios2-elf/lib\libc.a(lib_a-memset.o)
 .comment       0x00000000       0x27 c:/altera/12.0sp2/nios2eds/bin/gnu/h-i686-mingw32/bin/../lib/gcc/nios2-elf/4.1.2/../../../../nios2-elf/lib\libc.a(lib_a-sbrkr.o)
 .comment       0x00000000       0x27 c:/altera/12.0sp2/nios2eds/bin/gnu/h-i686-mingw32/bin/../lib/gcc/nios2-elf/4.1.2/../../../../nios2-elf/lib\libc.a(lib_a-stdio.o)
 .comment       0x00000000       0x27 c:/altera/12.0sp2/nios2eds/bin/gnu/h-i686-mingw32/bin/../lib/gcc/nios2-elf/4.1.2/../../../../nios2-elf/lib\libc.a(lib_a-writer.o)
 .comment       0x00000000       0x27 c:/altera/12.0sp2/nios2eds/bin/gnu/h-i686-mingw32/bin/../lib/gcc/nios2-elf/4.1.2/../../../../nios2-elf/lib\libc.a(lib_a-closer.o)
 .comment       0x00000000       0x27 c:/altera/12.0sp2/nios2eds/bin/gnu/h-i686-mingw32/bin/../lib/gcc/nios2-elf/4.1.2/../../../../nios2-elf/lib\libc.a(lib_a-fclose.o)
 .comment       0x00000000       0x27 c:/altera/12.0sp2/nios2eds/bin/gnu/h-i686-mingw32/bin/../lib/gcc/nios2-elf/4.1.2/../../../../nios2-elf/lib\libc.a(lib_a-fstatr.o)
 .comment       0x00000000       0x27 c:/altera/12.0sp2/nios2eds/bin/gnu/h-i686-mingw32/bin/../lib/gcc/nios2-elf/4.1.2/../../../../nios2-elf/lib\libc.a(lib_a-isattyr.o)
 .comment       0x00000000       0x27 c:/altera/12.0sp2/nios2eds/bin/gnu/h-i686-mingw32/bin/../lib/gcc/nios2-elf/4.1.2/../../../../nios2-elf/lib\libc.a(lib_a-lseekr.o)
 .comment       0x00000000       0x27 c:/altera/12.0sp2/nios2eds/bin/gnu/h-i686-mingw32/bin/../lib/gcc/nios2-elf/4.1.2/../../../../nios2-elf/lib\libc.a(lib_a-readr.o)
 .comment       0x00000000       0x27 BSP/\libhal_bsp.a(alt_exit.o)
 .comment       0x00000000       0x27 BSP/\libhal_bsp.a(alt_fstat.o)
 .comment       0x00000000       0x27 BSP/\libhal_bsp.a(alt_isatty.o)
 .comment       0x00000000       0x27 BSP/\libhal_bsp.a(alt_lseek.o)
 .comment       0x00000000       0x27 BSP/\libhal_bsp.a(alt_malloc_lock.o)
 .comment       0x00000000       0x27 BSP/\libhal_bsp.a(alt_read.o)
 .comment       0x00000000       0x27 BSP/\libhal_bsp.a(alt_sbrk.o)
 .comment       0x00000000       0x27 BSP/\libhal_bsp.a(alt_write.o)

.debug
 *(.debug)

.line
 *(.line)

.debug_srcinfo
 *(.debug_srcinfo)

.debug_sfnames
 *(.debug_sfnames)

.debug_aranges  0x00000000      0x8f8
 *(.debug_aranges)
 .debug_aranges
                0x00000000       0x28 BSP//obj/HAL/src/crt0.o
 .debug_aranges
                0x00000028       0x20 obj/default//C/Users/Jashwanth/Desktop/academics/BTP/media/media_HAL.o
 .debug_aranges
                0x00000048       0x20 c:/altera/12.0sp2/nios2eds/bin/gnu/h-i686-mingw32/bin/../lib/gcc/nios2-elf/4.1.2/../../../../nios2-elf/lib\libc.a(lib_a-memcpy.o)
 .debug_aranges
                0x00000068       0x20 BSP/\libhal_bsp.a(alt_load.o)
 .debug_aranges
                0x00000088       0x20 BSP/\libhal_bsp.a(alt_main.o)
 .debug_aranges
                0x000000a8       0x20 BSP/\libhal_bsp.a(alt_printf.o)
 .debug_aranges
                0x000000c8       0x20 BSP/\libhal_bsp.a(alt_putchar.o)
 .debug_aranges
                0x000000e8       0x20 BSP/\libhal_bsp.a(alt_sys_init.o)
 .debug_aranges
                0x00000108       0x20 BSP/\libhal_bsp.a(altera_avalon_jtag_uart_fd.o)
 .debug_aranges
                0x00000128       0x20 BSP/\libhal_bsp.a(altera_avalon_jtag_uart_init.o)
 .debug_aranges
                0x00000148       0x20 BSP/\libhal_bsp.a(altera_avalon_jtag_uart_ioctl.o)
 .debug_aranges
                0x00000168       0x20 BSP/\libhal_bsp.a(altera_avalon_jtag_uart_read.o)
 .debug_aranges
                0x00000188       0x20 BSP/\libhal_bsp.a(altera_avalon_jtag_uart_write.o)
 .debug_aranges
                0x000001a8       0x20 BSP/\libhal_bsp.a(altera_avalon_timer_sc.o)
 .debug_aranges
                0x000001c8       0x20 BSP/\libhal_bsp.a(altera_up_avalon_parallel_port.o)
 .debug_aranges
                0x000001e8       0x20 BSP/\libhal_bsp.a(altera_up_avalon_ps2.o)
 .debug_aranges
                0x00000208       0x20 BSP/\libhal_bsp.a(altera_up_avalon_rs232.o)
 .debug_aranges
                0x00000228       0x20 BSP/\libhal_bsp.a(altera_up_avalon_video_character_buffer_with_dma.o)
 .debug_aranges
                0x00000248       0x20 BSP/\libhal_bsp.a(altera_up_avalon_video_pixel_buffer_dma.o)
 .debug_aranges
                0x00000268       0x20 BSP/\libhal_bsp.a(alt_alarm_start.o)
 .debug_aranges
                0x00000288       0x20 BSP/\libhal_bsp.a(alt_close.o)
 .debug_aranges
                0x000002a8       0x20 BSP/\libhal_bsp.a(alt_dcache_flush_all.o)
 .debug_aranges
                0x000002c8       0x20 BSP/\libhal_bsp.a(alt_dev.o)
 .debug_aranges
                0x000002e8       0x20 BSP/\libhal_bsp.a(alt_dev_llist_insert.o)
 .debug_aranges
                0x00000308       0x20 BSP/\libhal_bsp.a(alt_find_dev.o)
 .debug_aranges
                0x00000328       0x20 BSP/\libhal_bsp.a(alt_icache_flush_all.o)
 .debug_aranges
                0x00000348       0x20 BSP/\libhal_bsp.a(alt_io_redirect.o)
 .debug_aranges
                0x00000368       0x20 BSP/\libhal_bsp.a(alt_irq_register.o)
 .debug_aranges
                0x00000388       0x20 BSP/\libhal_bsp.a(alt_open.o)
 .debug_aranges
                0x000003a8       0x20 BSP/\libhal_bsp.a(alt_release_fd.o)
 .debug_aranges
                0x000003c8       0x20 BSP/\libhal_bsp.a(alt_tick.o)
 .debug_aranges
                0x000003e8       0x20 BSP/\libhal_bsp.a(altera_nios2_qsys_irq.o)
 .debug_aranges
                0x00000408       0x20 BSP/\libhal_bsp.a(alt_find_file.o)
 .debug_aranges
                0x00000428       0x20 BSP/\libhal_bsp.a(alt_get_fd.o)
 .debug_aranges
                0x00000448       0x20 BSP/\libhal_bsp.a(alt_icache_flush.o)
 .debug_aranges
                0x00000468       0x30 BSP/\libhal_bsp.a(alt_irq_entry.o)
 .debug_aranges
                0x00000498       0x28 BSP/\libhal_bsp.a(alt_irq_handler.o)
 .debug_aranges
                0x000004c0       0x38 BSP/\libhal_bsp.a(alt_exception_entry.o)
 .debug_aranges
                0x000004f8       0x20 c:/altera/12.0sp2/nios2eds/bin/gnu/h-i686-mingw32/bin/../lib/gcc/nios2-elf/4.1.2/../../../../nios2-elf/lib\libc.a(lib_a-exit.o)
 .debug_aranges
                0x00000518       0x20 c:/altera/12.0sp2/nios2eds/bin/gnu/h-i686-mingw32/bin/../lib/gcc/nios2-elf/4.1.2/../../../../nios2-elf/lib\libc.a(lib_a-memcmp.o)
 .debug_aranges
                0x00000538       0x20 c:/altera/12.0sp2/nios2eds/bin/gnu/h-i686-mingw32/bin/../lib/gcc/nios2-elf/4.1.2/../../../../nios2-elf/lib\libc.a(lib_a-putc.o)
 .debug_aranges
                0x00000558       0x20 c:/altera/12.0sp2/nios2eds/bin/gnu/h-i686-mingw32/bin/../lib/gcc/nios2-elf/4.1.2/../../../../nios2-elf/lib\libc.a(lib_a-strcmp.o)
 .debug_aranges
                0x00000578       0x20 c:/altera/12.0sp2/nios2eds/bin/gnu/h-i686-mingw32/bin/../lib/gcc/nios2-elf/4.1.2/../../../../nios2-elf/lib\libc.a(lib_a-strlen.o)
 .debug_aranges
                0x00000598       0x20 c:/altera/12.0sp2/nios2eds/bin/gnu/h-i686-mingw32/bin/../lib/gcc/nios2-elf/4.1.2/../../../../nios2-elf/lib\libc.a(lib_a-wbuf.o)
 .debug_aranges
                0x000005b8       0x20 c:/altera/12.0sp2/nios2eds/bin/gnu/h-i686-mingw32/bin/../lib/gcc/nios2-elf/4.1.2/../../../../nios2-elf/lib\libc.a(lib_a-wsetup.o)
 .debug_aranges
                0x000005d8       0x20 c:/altera/12.0sp2/nios2eds/bin/gnu/h-i686-mingw32/bin/../lib/gcc/nios2-elf/4.1.2/../../../../nios2-elf/lib\libc.a(lib_a-__call_atexit.o)
 .debug_aranges
                0x000005f8       0x20 c:/altera/12.0sp2/nios2eds/bin/gnu/h-i686-mingw32/bin/../lib/gcc/nios2-elf/4.1.2/../../../../nios2-elf/lib\libc.a(lib_a-fflush.o)
 .debug_aranges
                0x00000618       0x20 c:/altera/12.0sp2/nios2eds/bin/gnu/h-i686-mingw32/bin/../lib/gcc/nios2-elf/4.1.2/../../../../nios2-elf/lib\libc.a(lib_a-findfp.o)
 .debug_aranges
                0x00000638       0x20 c:/altera/12.0sp2/nios2eds/bin/gnu/h-i686-mingw32/bin/../lib/gcc/nios2-elf/4.1.2/../../../../nios2-elf/lib\libc.a(lib_a-freer.o)
 .debug_aranges
                0x00000658       0x20 c:/altera/12.0sp2/nios2eds/bin/gnu/h-i686-mingw32/bin/../lib/gcc/nios2-elf/4.1.2/../../../../nios2-elf/lib\libc.a(lib_a-fwalk.o)
 .debug_aranges
                0x00000678       0x20 c:/altera/12.0sp2/nios2eds/bin/gnu/h-i686-mingw32/bin/../lib/gcc/nios2-elf/4.1.2/../../../../nios2-elf/lib\libc.a(lib_a-makebuf.o)
 .debug_aranges
                0x00000698       0x20 c:/altera/12.0sp2/nios2eds/bin/gnu/h-i686-mingw32/bin/../lib/gcc/nios2-elf/4.1.2/../../../../nios2-elf/lib\libc.a(lib_a-mallocr.o)
 .debug_aranges
                0x000006b8       0x20 c:/altera/12.0sp2/nios2eds/bin/gnu/h-i686-mingw32/bin/../lib/gcc/nios2-elf/4.1.2/../../../../nios2-elf/lib\libc.a(lib_a-memset.o)
 .debug_aranges
                0x000006d8       0x20 c:/altera/12.0sp2/nios2eds/bin/gnu/h-i686-mingw32/bin/../lib/gcc/nios2-elf/4.1.2/../../../../nios2-elf/lib\libc.a(lib_a-sbrkr.o)
 .debug_aranges
                0x000006f8       0x20 c:/altera/12.0sp2/nios2eds/bin/gnu/h-i686-mingw32/bin/../lib/gcc/nios2-elf/4.1.2/../../../../nios2-elf/lib\libc.a(lib_a-stdio.o)
 .debug_aranges
                0x00000718       0x20 c:/altera/12.0sp2/nios2eds/bin/gnu/h-i686-mingw32/bin/../lib/gcc/nios2-elf/4.1.2/../../../../nios2-elf/lib\libc.a(lib_a-writer.o)
 .debug_aranges
                0x00000738       0x20 c:/altera/12.0sp2/nios2eds/bin/gnu/h-i686-mingw32/bin/../lib/gcc/nios2-elf/4.1.2/../../../../nios2-elf/lib\libc.a(lib_a-closer.o)
 .debug_aranges
                0x00000758       0x20 c:/altera/12.0sp2/nios2eds/bin/gnu/h-i686-mingw32/bin/../lib/gcc/nios2-elf/4.1.2/../../../../nios2-elf/lib\libc.a(lib_a-fclose.o)
 .debug_aranges
                0x00000778       0x20 c:/altera/12.0sp2/nios2eds/bin/gnu/h-i686-mingw32/bin/../lib/gcc/nios2-elf/4.1.2/../../../../nios2-elf/lib\libc.a(lib_a-fstatr.o)
 .debug_aranges
                0x00000798       0x20 c:/altera/12.0sp2/nios2eds/bin/gnu/h-i686-mingw32/bin/../lib/gcc/nios2-elf/4.1.2/../../../../nios2-elf/lib\libc.a(lib_a-isattyr.o)
 .debug_aranges
                0x000007b8       0x20 c:/altera/12.0sp2/nios2eds/bin/gnu/h-i686-mingw32/bin/../lib/gcc/nios2-elf/4.1.2/../../../../nios2-elf/lib\libc.a(lib_a-lseekr.o)
 .debug_aranges
                0x000007d8       0x20 c:/altera/12.0sp2/nios2eds/bin/gnu/h-i686-mingw32/bin/../lib/gcc/nios2-elf/4.1.2/../../../../nios2-elf/lib\libc.a(lib_a-readr.o)
 .debug_aranges
                0x000007f8       0x20 BSP/\libhal_bsp.a(alt_exit.o)
 .debug_aranges
                0x00000818       0x20 BSP/\libhal_bsp.a(alt_fstat.o)
 .debug_aranges
                0x00000838       0x20 BSP/\libhal_bsp.a(alt_isatty.o)
 .debug_aranges
                0x00000858       0x20 BSP/\libhal_bsp.a(alt_lseek.o)
 .debug_aranges
                0x00000878       0x20 BSP/\libhal_bsp.a(alt_malloc_lock.o)
 .debug_aranges
                0x00000898       0x20 BSP/\libhal_bsp.a(alt_read.o)
 .debug_aranges
                0x000008b8       0x20 BSP/\libhal_bsp.a(alt_sbrk.o)
 .debug_aranges
                0x000008d8       0x20 BSP/\libhal_bsp.a(alt_write.o)

.debug_pubnames
                0x00000000     0x1297
 *(.debug_pubnames)
 .debug_pubnames
                0x00000000       0x40 obj/default//C/Users/Jashwanth/Desktop/academics/BTP/media/media_HAL.o
 .debug_pubnames
                0x00000040       0x1d c:/altera/12.0sp2/nios2eds/bin/gnu/h-i686-mingw32/bin/../lib/gcc/nios2-elf/4.1.2/../../../../nios2-elf/lib\libc.a(lib_a-memcpy.o)
 .debug_pubnames
                0x0000005d       0x1f BSP/\libhal_bsp.a(alt_load.o)
 .debug_pubnames
                0x0000007c       0x46 BSP/\libhal_bsp.a(alt_main.o)
 .debug_pubnames
                0x000000c2       0x21 BSP/\libhal_bsp.a(alt_printf.o)
 .debug_pubnames
                0x000000e3       0x22 BSP/\libhal_bsp.a(alt_putchar.o)
 .debug_pubnames
                0x00000105       0x34 BSP/\libhal_bsp.a(alt_sys_init.o)
 .debug_pubnames
                0x00000139       0xa5 BSP/\libhal_bsp.a(altera_avalon_jtag_uart_fd.o)
 .debug_pubnames
                0x000001de       0x55 BSP/\libhal_bsp.a(altera_avalon_jtag_uart_init.o)
 .debug_pubnames
                0x00000233       0x34 BSP/\libhal_bsp.a(altera_avalon_jtag_uart_ioctl.o)
 .debug_pubnames
                0x00000267       0x33 BSP/\libhal_bsp.a(altera_avalon_jtag_uart_read.o)
 .debug_pubnames
                0x0000029a       0x34 BSP/\libhal_bsp.a(altera_avalon_jtag_uart_write.o)
 .debug_pubnames
                0x000002ce       0x2f BSP/\libhal_bsp.a(altera_avalon_timer_sc.o)
 .debug_pubnames
                0x000002fd       0x34 BSP/\libhal_bsp.a(altera_up_avalon_parallel_port.o)
 .debug_pubnames
                0x00000331      0x1ed BSP/\libhal_bsp.a(altera_up_avalon_ps2.o)
 .debug_pubnames
                0x0000051e      0x163 BSP/\libhal_bsp.a(altera_up_avalon_rs232.o)
 .debug_pubnames
                0x00000681       0xa5 BSP/\libhal_bsp.a(altera_up_avalon_video_character_buffer_with_dma.o)
 .debug_pubnames
                0x00000726      0x1f1 BSP/\libhal_bsp.a(altera_up_avalon_video_pixel_buffer_dma.o)
 .debug_pubnames
                0x00000917       0x26 BSP/\libhal_bsp.a(alt_alarm_start.o)
 .debug_pubnames
                0x0000093d       0x1c BSP/\libhal_bsp.a(alt_close.o)
 .debug_pubnames
                0x00000959       0x2b BSP/\libhal_bsp.a(alt_dcache_flush_all.o)
 .debug_pubnames
                0x00000984       0x63 BSP/\libhal_bsp.a(alt_dev.o)
 .debug_pubnames
                0x000009e7       0x2b BSP/\libhal_bsp.a(alt_dev_llist_insert.o)
 .debug_pubnames
                0x00000a12       0x20 BSP/\libhal_bsp.a(alt_errno.o)
 .debug_pubnames
                0x00000a32       0x23 BSP/\libhal_bsp.a(alt_find_dev.o)
 .debug_pubnames
                0x00000a55       0x2b BSP/\libhal_bsp.a(alt_icache_flush_all.o)
 .debug_pubnames
                0x00000a80       0x26 BSP/\libhal_bsp.a(alt_io_redirect.o)
 .debug_pubnames
                0x00000aa6       0x27 BSP/\libhal_bsp.a(alt_irq_register.o)
 .debug_pubnames
                0x00000acd       0x3b BSP/\libhal_bsp.a(alt_irq_vars.o)
 .debug_pubnames
                0x00000b08       0x1b BSP/\libhal_bsp.a(alt_open.o)
 .debug_pubnames
                0x00000b23       0x25 BSP/\libhal_bsp.a(alt_release_fd.o)
 .debug_pubnames
                0x00000b48       0x68 BSP/\libhal_bsp.a(alt_tick.o)
 .debug_pubnames
                0x00000bb0       0x31 BSP/\libhal_bsp.a(altera_nios2_qsys_irq.o)
 .debug_pubnames
                0x00000be1       0x24 BSP/\libhal_bsp.a(alt_find_file.o)
 .debug_pubnames
                0x00000c05       0x21 BSP/\libhal_bsp.a(alt_get_fd.o)
 .debug_pubnames
                0x00000c26       0x27 BSP/\libhal_bsp.a(alt_icache_flush.o)
 .debug_pubnames
                0x00000c4d       0x32 BSP/\libhal_bsp.a(alt_irq_handler.o)
 .debug_pubnames
                0x00000c7f       0x1b c:/altera/12.0sp2/nios2eds/bin/gnu/h-i686-mingw32/bin/../lib/gcc/nios2-elf/4.1.2/../../../../nios2-elf/lib\libc.a(lib_a-exit.o)
 .debug_pubnames
                0x00000c9a       0x39 c:/altera/12.0sp2/nios2eds/bin/gnu/h-i686-mingw32/bin/../lib/gcc/nios2-elf/4.1.2/../../../../nios2-elf/lib\libc.a(lib_a-impure.o)
 .debug_pubnames
                0x00000cd3       0x1c c:/altera/12.0sp2/nios2eds/bin/gnu/h-i686-mingw32/bin/../lib/gcc/nios2-elf/4.1.2/../../../../nios2-elf/lib\libc.a(lib_a-int_errno.o)
 .debug_pubnames
                0x00000cef       0x1d c:/altera/12.0sp2/nios2eds/bin/gnu/h-i686-mingw32/bin/../lib/gcc/nios2-elf/4.1.2/../../../../nios2-elf/lib\libc.a(lib_a-memcmp.o)
 .debug_pubnames
                0x00000d0c       0x27 c:/altera/12.0sp2/nios2eds/bin/gnu/h-i686-mingw32/bin/../lib/gcc/nios2-elf/4.1.2/../../../../nios2-elf/lib\libc.a(lib_a-putc.o)
 .debug_pubnames
                0x00000d33       0x1d c:/altera/12.0sp2/nios2eds/bin/gnu/h-i686-mingw32/bin/../lib/gcc/nios2-elf/4.1.2/../../../../nios2-elf/lib\libc.a(lib_a-strcmp.o)
 .debug_pubnames
                0x00000d50       0x1d c:/altera/12.0sp2/nios2eds/bin/gnu/h-i686-mingw32/bin/../lib/gcc/nios2-elf/4.1.2/../../../../nios2-elf/lib\libc.a(lib_a-strlen.o)
 .debug_pubnames
                0x00000d6d       0x2c c:/altera/12.0sp2/nios2eds/bin/gnu/h-i686-mingw32/bin/../lib/gcc/nios2-elf/4.1.2/../../../../nios2-elf/lib\libc.a(lib_a-wbuf.o)
 .debug_pubnames
                0x00000d99       0x22 c:/altera/12.0sp2/nios2eds/bin/gnu/h-i686-mingw32/bin/../lib/gcc/nios2-elf/4.1.2/../../../../nios2-elf/lib\libc.a(lib_a-wsetup.o)
 .debug_pubnames
                0x00000dbb       0x27 c:/altera/12.0sp2/nios2eds/bin/gnu/h-i686-mingw32/bin/../lib/gcc/nios2-elf/4.1.2/../../../../nios2-elf/lib\libc.a(lib_a-__call_atexit.o)
 .debug_pubnames
                0x00000de2       0x2b c:/altera/12.0sp2/nios2eds/bin/gnu/h-i686-mingw32/bin/../lib/gcc/nios2-elf/4.1.2/../../../../nios2-elf/lib\libc.a(lib_a-fflush.o)
 .debug_pubnames
                0x00000e0d       0xdb c:/altera/12.0sp2/nios2eds/bin/gnu/h-i686-mingw32/bin/../lib/gcc/nios2-elf/4.1.2/../../../../nios2-elf/lib\libc.a(lib_a-findfp.o)
 .debug_pubnames
                0x00000ee8       0x31 c:/altera/12.0sp2/nios2eds/bin/gnu/h-i686-mingw32/bin/../lib/gcc/nios2-elf/4.1.2/../../../../nios2-elf/lib\libc.a(lib_a-freer.o)
 .debug_pubnames
                0x00000f19       0x2e c:/altera/12.0sp2/nios2eds/bin/gnu/h-i686-mingw32/bin/../lib/gcc/nios2-elf/4.1.2/../../../../nios2-elf/lib\libc.a(lib_a-fwalk.o)
 .debug_pubnames
                0x00000f47       0x23 c:/altera/12.0sp2/nios2eds/bin/gnu/h-i686-mingw32/bin/../lib/gcc/nios2-elf/4.1.2/../../../../nios2-elf/lib\libc.a(lib_a-makebuf.o)
 .debug_pubnames
                0x00000f6a       0xce c:/altera/12.0sp2/nios2eds/bin/gnu/h-i686-mingw32/bin/../lib/gcc/nios2-elf/4.1.2/../../../../nios2-elf/lib\libc.a(lib_a-mallocr.o)
 .debug_pubnames
                0x00001038       0x1d c:/altera/12.0sp2/nios2eds/bin/gnu/h-i686-mingw32/bin/../lib/gcc/nios2-elf/4.1.2/../../../../nios2-elf/lib\libc.a(lib_a-memset.o)
 .debug_pubnames
                0x00001055       0x1e c:/altera/12.0sp2/nios2eds/bin/gnu/h-i686-mingw32/bin/../lib/gcc/nios2-elf/4.1.2/../../../../nios2-elf/lib\libc.a(lib_a-sbrkr.o)
 .debug_pubnames
                0x00001073       0x44 c:/altera/12.0sp2/nios2eds/bin/gnu/h-i686-mingw32/bin/../lib/gcc/nios2-elf/4.1.2/../../../../nios2-elf/lib\libc.a(lib_a-stdio.o)
 .debug_pubnames
                0x000010b7       0x1f c:/altera/12.0sp2/nios2eds/bin/gnu/h-i686-mingw32/bin/../lib/gcc/nios2-elf/4.1.2/../../../../nios2-elf/lib\libc.a(lib_a-writer.o)
 .debug_pubnames
                0x000010d6       0x1f c:/altera/12.0sp2/nios2eds/bin/gnu/h-i686-mingw32/bin/../lib/gcc/nios2-elf/4.1.2/../../../../nios2-elf/lib\libc.a(lib_a-closer.o)
 .debug_pubnames
                0x000010f5       0x2b c:/altera/12.0sp2/nios2eds/bin/gnu/h-i686-mingw32/bin/../lib/gcc/nios2-elf/4.1.2/../../../../nios2-elf/lib\libc.a(lib_a-fclose.o)
 .debug_pubnames
                0x00001120       0x1f c:/altera/12.0sp2/nios2eds/bin/gnu/h-i686-mingw32/bin/../lib/gcc/nios2-elf/4.1.2/../../../../nios2-elf/lib\libc.a(lib_a-fstatr.o)
 .debug_pubnames
                0x0000113f       0x20 c:/altera/12.0sp2/nios2eds/bin/gnu/h-i686-mingw32/bin/../lib/gcc/nios2-elf/4.1.2/../../../../nios2-elf/lib\libc.a(lib_a-isattyr.o)
 .debug_pubnames
                0x0000115f       0x1f c:/altera/12.0sp2/nios2eds/bin/gnu/h-i686-mingw32/bin/../lib/gcc/nios2-elf/4.1.2/../../../../nios2-elf/lib\libc.a(lib_a-lseekr.o)
 .debug_pubnames
                0x0000117e       0x1e c:/altera/12.0sp2/nios2eds/bin/gnu/h-i686-mingw32/bin/../lib/gcc/nios2-elf/4.1.2/../../../../nios2-elf/lib\libc.a(lib_a-readr.o)
 .debug_pubnames
                0x0000119c       0x1c BSP/\libhal_bsp.a(alt_exit.o)
 .debug_pubnames
                0x000011b8       0x1c BSP/\libhal_bsp.a(alt_fstat.o)
 .debug_pubnames
                0x000011d4       0x1d BSP/\libhal_bsp.a(alt_isatty.o)
 .debug_pubnames
                0x000011f1       0x1c BSP/\libhal_bsp.a(alt_lseek.o)
 .debug_pubnames
                0x0000120d       0x38 BSP/\libhal_bsp.a(alt_malloc_lock.o)
 .debug_pubnames
                0x00001245       0x1b BSP/\libhal_bsp.a(alt_read.o)
 .debug_pubnames
                0x00001260       0x1b BSP/\libhal_bsp.a(alt_sbrk.o)
 .debug_pubnames
                0x0000127b       0x1c BSP/\libhal_bsp.a(alt_write.o)

.debug_info     0x00000000    0x181f5
 *(.debug_info .gnu.linkonce.wi.*)
 .debug_info    0x00000000       0x6b BSP//obj/HAL/src/crt0.o
 .debug_info    0x0000006b      0x6e6 obj/default//C/Users/Jashwanth/Desktop/academics/BTP/media/media_HAL.o
 .debug_info    0x00000751      0x106 c:/altera/12.0sp2/nios2eds/bin/gnu/h-i686-mingw32/bin/../lib/gcc/nios2-elf/4.1.2/../../../../nios2-elf/lib\libc.a(lib_a-memcpy.o)
 .debug_info    0x00000857      0x1a1 BSP/\libhal_bsp.a(alt_load.o)
 .debug_info    0x000009f8      0x161 BSP/\libhal_bsp.a(alt_main.o)
 .debug_info    0x00000b59      0x11d BSP/\libhal_bsp.a(alt_printf.o)
 .debug_info    0x00000c76      0x93c BSP/\libhal_bsp.a(alt_putchar.o)
 .debug_info    0x000015b2      0xa70 BSP/\libhal_bsp.a(alt_sys_init.o)
 .debug_info    0x00002022      0x584 BSP/\libhal_bsp.a(altera_avalon_jtag_uart_fd.o)
 .debug_info    0x000025a6      0x3dd BSP/\libhal_bsp.a(altera_avalon_jtag_uart_init.o)
 .debug_info    0x00002983      0x2a3 BSP/\libhal_bsp.a(altera_avalon_jtag_uart_ioctl.o)
 .debug_info    0x00002c26      0x38b BSP/\libhal_bsp.a(altera_avalon_jtag_uart_read.o)
 .debug_info    0x00002fb1      0x378 BSP/\libhal_bsp.a(altera_avalon_jtag_uart_write.o)
 .debug_info    0x00003329      0x24d BSP/\libhal_bsp.a(altera_avalon_timer_sc.o)
 .debug_info    0x00003576      0x347 BSP/\libhal_bsp.a(altera_up_avalon_parallel_port.o)
 .debug_info    0x000038bd      0x814 BSP/\libhal_bsp.a(altera_up_avalon_ps2.o)
 .debug_info    0x000040d1      0x5aa BSP/\libhal_bsp.a(altera_up_avalon_rs232.o)
 .debug_info    0x0000467b      0x4a0 BSP/\libhal_bsp.a(altera_up_avalon_video_character_buffer_with_dma.o)
 .debug_info    0x00004b1b      0xb54 BSP/\libhal_bsp.a(altera_up_avalon_video_pixel_buffer_dma.o)
 .debug_info    0x0000566f      0x2e0 BSP/\libhal_bsp.a(alt_alarm_start.o)
 .debug_info    0x0000594f      0x364 BSP/\libhal_bsp.a(alt_close.o)
 .debug_info    0x00005cb3       0x8d BSP/\libhal_bsp.a(alt_dcache_flush_all.o)
 .debug_info    0x00005d40      0x4dd BSP/\libhal_bsp.a(alt_dev.o)
 .debug_info    0x0000621d      0x1b7 BSP/\libhal_bsp.a(alt_dev_llist_insert.o)
 .debug_info    0x000063d4       0xab BSP/\libhal_bsp.a(alt_errno.o)
 .debug_info    0x0000647f      0x310 BSP/\libhal_bsp.a(alt_find_dev.o)
 .debug_info    0x0000678f       0x8f BSP/\libhal_bsp.a(alt_icache_flush_all.o)
 .debug_info    0x0000681e      0x4f6 BSP/\libhal_bsp.a(alt_io_redirect.o)
 .debug_info    0x00006d14      0x318 BSP/\libhal_bsp.a(alt_irq_register.o)
 .debug_info    0x0000702c       0x92 BSP/\libhal_bsp.a(alt_irq_vars.o)
 .debug_info    0x000070be      0x40c BSP/\libhal_bsp.a(alt_open.o)
 .debug_info    0x000074ca      0x2d9 BSP/\libhal_bsp.a(alt_release_fd.o)
 .debug_info    0x000077a3      0x2bb BSP/\libhal_bsp.a(alt_tick.o)
 .debug_info    0x00007a5e       0xb7 BSP/\libhal_bsp.a(altera_nios2_qsys_irq.o)
 .debug_info    0x00007b15      0x30e BSP/\libhal_bsp.a(alt_find_file.o)
 .debug_info    0x00007e23      0x333 BSP/\libhal_bsp.a(alt_get_fd.o)
 .debug_info    0x00008156       0xd5 BSP/\libhal_bsp.a(alt_icache_flush.o)
 .debug_info    0x0000822b       0x74 BSP/\libhal_bsp.a(alt_irq_entry.o)
 .debug_info    0x0000829f      0x18f BSP/\libhal_bsp.a(alt_irq_handler.o)
 .debug_info    0x0000842e       0x7a BSP/\libhal_bsp.a(alt_exception_entry.o)
 .debug_info    0x000084a8      0x93f c:/altera/12.0sp2/nios2eds/bin/gnu/h-i686-mingw32/bin/../lib/gcc/nios2-elf/4.1.2/../../../../nios2-elf/lib\libc.a(lib_a-exit.o)
 .debug_info    0x00008de7      0x93d c:/altera/12.0sp2/nios2eds/bin/gnu/h-i686-mingw32/bin/../lib/gcc/nios2-elf/4.1.2/../../../../nios2-elf/lib\libc.a(lib_a-impure.o)
 .debug_info    0x00009724       0x8c c:/altera/12.0sp2/nios2eds/bin/gnu/h-i686-mingw32/bin/../lib/gcc/nios2-elf/4.1.2/../../../../nios2-elf/lib\libc.a(lib_a-int_errno.o)
 .debug_info    0x000097b0      0x115 c:/altera/12.0sp2/nios2eds/bin/gnu/h-i686-mingw32/bin/../lib/gcc/nios2-elf/4.1.2/../../../../nios2-elf/lib\libc.a(lib_a-memcmp.o)
 .debug_info    0x000098c5      0x9c1 c:/altera/12.0sp2/nios2eds/bin/gnu/h-i686-mingw32/bin/../lib/gcc/nios2-elf/4.1.2/../../../../nios2-elf/lib\libc.a(lib_a-putc.o)
 .debug_info    0x0000a286       0xdd c:/altera/12.0sp2/nios2eds/bin/gnu/h-i686-mingw32/bin/../lib/gcc/nios2-elf/4.1.2/../../../../nios2-elf/lib\libc.a(lib_a-strcmp.o)
 .debug_info    0x0000a363       0xdb c:/altera/12.0sp2/nios2eds/bin/gnu/h-i686-mingw32/bin/../lib/gcc/nios2-elf/4.1.2/../../../../nios2-elf/lib\libc.a(lib_a-strlen.o)
 .debug_info    0x0000a43e      0x9ae c:/altera/12.0sp2/nios2eds/bin/gnu/h-i686-mingw32/bin/../lib/gcc/nios2-elf/4.1.2/../../../../nios2-elf/lib\libc.a(lib_a-wbuf.o)
 .debug_info    0x0000adec      0x95d c:/altera/12.0sp2/nios2eds/bin/gnu/h-i686-mingw32/bin/../lib/gcc/nios2-elf/4.1.2/../../../../nios2-elf/lib\libc.a(lib_a-wsetup.o)
 .debug_info    0x0000b749      0x9e2 c:/altera/12.0sp2/nios2eds/bin/gnu/h-i686-mingw32/bin/../lib/gcc/nios2-elf/4.1.2/../../../../nios2-elf/lib\libc.a(lib_a-__call_atexit.o)
 .debug_info    0x0000c12b      0x9fe c:/altera/12.0sp2/nios2eds/bin/gnu/h-i686-mingw32/bin/../lib/gcc/nios2-elf/4.1.2/../../../../nios2-elf/lib\libc.a(lib_a-fflush.o)
 .debug_info    0x0000cb29      0xb72 c:/altera/12.0sp2/nios2eds/bin/gnu/h-i686-mingw32/bin/../lib/gcc/nios2-elf/4.1.2/../../../../nios2-elf/lib\libc.a(lib_a-findfp.o)
 .debug_info    0x0000d69b      0xbc9 c:/altera/12.0sp2/nios2eds/bin/gnu/h-i686-mingw32/bin/../lib/gcc/nios2-elf/4.1.2/../../../../nios2-elf/lib\libc.a(lib_a-freer.o)
 .debug_info    0x0000e264      0xaed c:/altera/12.0sp2/nios2eds/bin/gnu/h-i686-mingw32/bin/../lib/gcc/nios2-elf/4.1.2/../../../../nios2-elf/lib\libc.a(lib_a-fwalk.o)
 .debug_info    0x0000ed51      0xb1a c:/altera/12.0sp2/nios2eds/bin/gnu/h-i686-mingw32/bin/../lib/gcc/nios2-elf/4.1.2/../../../../nios2-elf/lib\libc.a(lib_a-makebuf.o)
 .debug_info    0x0000f86b      0xcd0 c:/altera/12.0sp2/nios2eds/bin/gnu/h-i686-mingw32/bin/../lib/gcc/nios2-elf/4.1.2/../../../../nios2-elf/lib\libc.a(lib_a-mallocr.o)
 .debug_info    0x0001053b      0x113 c:/altera/12.0sp2/nios2eds/bin/gnu/h-i686-mingw32/bin/../lib/gcc/nios2-elf/4.1.2/../../../../nios2-elf/lib\libc.a(lib_a-memset.o)
 .debug_info    0x0001064e      0x962 c:/altera/12.0sp2/nios2eds/bin/gnu/h-i686-mingw32/bin/../lib/gcc/nios2-elf/4.1.2/../../../../nios2-elf/lib\libc.a(lib_a-sbrkr.o)
 .debug_info    0x00010fb0      0xaac c:/altera/12.0sp2/nios2eds/bin/gnu/h-i686-mingw32/bin/../lib/gcc/nios2-elf/4.1.2/../../../../nios2-elf/lib\libc.a(lib_a-stdio.o)
 .debug_info    0x00011a5c      0x993 c:/altera/12.0sp2/nios2eds/bin/gnu/h-i686-mingw32/bin/../lib/gcc/nios2-elf/4.1.2/../../../../nios2-elf/lib\libc.a(lib_a-writer.o)
 .debug_info    0x000123ef      0x958 c:/altera/12.0sp2/nios2eds/bin/gnu/h-i686-mingw32/bin/../lib/gcc/nios2-elf/4.1.2/../../../../nios2-elf/lib\libc.a(lib_a-closer.o)
 .debug_info    0x00012d47      0x994 c:/altera/12.0sp2/nios2eds/bin/gnu/h-i686-mingw32/bin/../lib/gcc/nios2-elf/4.1.2/../../../../nios2-elf/lib\libc.a(lib_a-fclose.o)
 .debug_info    0x000136db      0xafc c:/altera/12.0sp2/nios2eds/bin/gnu/h-i686-mingw32/bin/../lib/gcc/nios2-elf/4.1.2/../../../../nios2-elf/lib\libc.a(lib_a-fstatr.o)
 .debug_info    0x000141d7      0x958 c:/altera/12.0sp2/nios2eds/bin/gnu/h-i686-mingw32/bin/../lib/gcc/nios2-elf/4.1.2/../../../../nios2-elf/lib\libc.a(lib_a-isattyr.o)
 .debug_info    0x00014b2f      0x981 c:/altera/12.0sp2/nios2eds/bin/gnu/h-i686-mingw32/bin/../lib/gcc/nios2-elf/4.1.2/../../../../nios2-elf/lib\libc.a(lib_a-lseekr.o)
 .debug_info    0x000154b0      0x98c c:/altera/12.0sp2/nios2eds/bin/gnu/h-i686-mingw32/bin/../lib/gcc/nios2-elf/4.1.2/../../../../nios2-elf/lib\libc.a(lib_a-readr.o)
 .debug_info    0x00015e3c      0x110 BSP/\libhal_bsp.a(alt_exit.o)
 .debug_info    0x00015f4c      0x4dd BSP/\libhal_bsp.a(alt_fstat.o)
 .debug_info    0x00016429      0x4dd BSP/\libhal_bsp.a(alt_isatty.o)
 .debug_info    0x00016906      0x388 BSP/\libhal_bsp.a(alt_lseek.o)
 .debug_info    0x00016c8e      0x947 BSP/\libhal_bsp.a(alt_malloc_lock.o)
 .debug_info    0x000175d5      0x525 BSP/\libhal_bsp.a(alt_read.o)
 .debug_info    0x00017afa      0x1cf BSP/\libhal_bsp.a(alt_sbrk.o)
 .debug_info    0x00017cc9      0x52c BSP/\libhal_bsp.a(alt_write.o)

.debug_abbrev   0x00000000     0x5714
 *(.debug_abbrev)
 .debug_abbrev  0x00000000       0x12 BSP//obj/HAL/src/crt0.o
 .debug_abbrev  0x00000012      0x1a0 obj/default//C/Users/Jashwanth/Desktop/academics/BTP/media/media_HAL.o
 .debug_abbrev  0x000001b2       0xb5 c:/altera/12.0sp2/nios2eds/bin/gnu/h-i686-mingw32/bin/../lib/gcc/nios2-elf/4.1.2/../../../../nios2-elf/lib\libc.a(lib_a-memcpy.o)
 .debug_abbrev  0x00000267       0xb6 BSP/\libhal_bsp.a(alt_load.o)
 .debug_abbrev  0x0000031d       0xbe BSP/\libhal_bsp.a(alt_main.o)
 .debug_abbrev  0x000003db       0xc7 BSP/\libhal_bsp.a(alt_printf.o)
 .debug_abbrev  0x000004a2      0x170 BSP/\libhal_bsp.a(alt_putchar.o)
 .debug_abbrev  0x00000612      0x1a7 BSP/\libhal_bsp.a(alt_sys_init.o)
 .debug_abbrev  0x000007b9      0x113 BSP/\libhal_bsp.a(altera_avalon_jtag_uart_fd.o)
 .debug_abbrev  0x000008cc      0x198 BSP/\libhal_bsp.a(altera_avalon_jtag_uart_init.o)
 .debug_abbrev  0x00000a64      0x10c BSP/\libhal_bsp.a(altera_avalon_jtag_uart_ioctl.o)
 .debug_abbrev  0x00000b70      0x194 BSP/\libhal_bsp.a(altera_avalon_jtag_uart_read.o)
 .debug_abbrev  0x00000d04      0x18c BSP/\libhal_bsp.a(altera_avalon_jtag_uart_write.o)
 .debug_abbrev  0x00000e90      0x14b BSP/\libhal_bsp.a(altera_avalon_timer_sc.o)
 .debug_abbrev  0x00000fdb       0xe3 BSP/\libhal_bsp.a(altera_up_avalon_parallel_port.o)
 .debug_abbrev  0x000010be      0x1c6 BSP/\libhal_bsp.a(altera_up_avalon_ps2.o)
 .debug_abbrev  0x00001284      0x155 BSP/\libhal_bsp.a(altera_up_avalon_rs232.o)
 .debug_abbrev  0x000013d9      0x164 BSP/\libhal_bsp.a(altera_up_avalon_video_character_buffer_with_dma.o)
 .debug_abbrev  0x0000153d      0x23a BSP/\libhal_bsp.a(altera_up_avalon_video_pixel_buffer_dma.o)
 .debug_abbrev  0x00001777      0x179 BSP/\libhal_bsp.a(alt_alarm_start.o)
 .debug_abbrev  0x000018f0      0x124 BSP/\libhal_bsp.a(alt_close.o)
 .debug_abbrev  0x00001a14       0x3f BSP/\libhal_bsp.a(alt_dcache_flush_all.o)
 .debug_abbrev  0x00001a53       0xd6 BSP/\libhal_bsp.a(alt_dev.o)
 .debug_abbrev  0x00001b29      0x117 BSP/\libhal_bsp.a(alt_dev_llist_insert.o)
 .debug_abbrev  0x00001c40       0x5e BSP/\libhal_bsp.a(alt_errno.o)
 .debug_abbrev  0x00001c9e       0xed BSP/\libhal_bsp.a(alt_find_dev.o)
 .debug_abbrev  0x00001d8b       0x3f BSP/\libhal_bsp.a(alt_icache_flush_all.o)
 .debug_abbrev  0x00001dca      0x10e BSP/\libhal_bsp.a(alt_io_redirect.o)
 .debug_abbrev  0x00001ed8      0x1a8 BSP/\libhal_bsp.a(alt_irq_register.o)
 .debug_abbrev  0x00002080       0x44 BSP/\libhal_bsp.a(alt_irq_vars.o)
 .debug_abbrev  0x000020c4      0x177 BSP/\libhal_bsp.a(alt_open.o)
 .debug_abbrev  0x0000223b       0xdb BSP/\libhal_bsp.a(alt_release_fd.o)
 .debug_abbrev  0x00002316      0x170 BSP/\libhal_bsp.a(alt_tick.o)
 .debug_abbrev  0x00002486       0x64 BSP/\libhal_bsp.a(altera_nios2_qsys_irq.o)
 .debug_abbrev  0x000024ea       0xed BSP/\libhal_bsp.a(alt_find_file.o)
 .debug_abbrev  0x000025d7      0x108 BSP/\libhal_bsp.a(alt_get_fd.o)
 .debug_abbrev  0x000026df       0x89 BSP/\libhal_bsp.a(alt_icache_flush.o)
 .debug_abbrev  0x00002768       0x12 BSP/\libhal_bsp.a(alt_irq_entry.o)
 .debug_abbrev  0x0000277a      0x12f BSP/\libhal_bsp.a(alt_irq_handler.o)
 .debug_abbrev  0x000028a9       0x12 BSP/\libhal_bsp.a(alt_exception_entry.o)
 .debug_abbrev  0x000028bb      0x16e c:/altera/12.0sp2/nios2eds/bin/gnu/h-i686-mingw32/bin/../lib/gcc/nios2-elf/4.1.2/../../../../nios2-elf/lib\libc.a(lib_a-exit.o)
 .debug_abbrev  0x00002a29      0x157 c:/altera/12.0sp2/nios2eds/bin/gnu/h-i686-mingw32/bin/../lib/gcc/nios2-elf/4.1.2/../../../../nios2-elf/lib\libc.a(lib_a-impure.o)
 .debug_abbrev  0x00002b80       0x3b c:/altera/12.0sp2/nios2eds/bin/gnu/h-i686-mingw32/bin/../lib/gcc/nios2-elf/4.1.2/../../../../nios2-elf/lib\libc.a(lib_a-int_errno.o)
 .debug_abbrev  0x00002bbb       0x7c c:/altera/12.0sp2/nios2eds/bin/gnu/h-i686-mingw32/bin/../lib/gcc/nios2-elf/4.1.2/../../../../nios2-elf/lib\libc.a(lib_a-memcmp.o)
 .debug_abbrev  0x00002c37      0x17f c:/altera/12.0sp2/nios2eds/bin/gnu/h-i686-mingw32/bin/../lib/gcc/nios2-elf/4.1.2/../../../../nios2-elf/lib\libc.a(lib_a-putc.o)
 .debug_abbrev  0x00002db6       0x80 c:/altera/12.0sp2/nios2eds/bin/gnu/h-i686-mingw32/bin/../lib/gcc/nios2-elf/4.1.2/../../../../nios2-elf/lib\libc.a(lib_a-strcmp.o)
 .debug_abbrev  0x00002e36       0x8b c:/altera/12.0sp2/nios2eds/bin/gnu/h-i686-mingw32/bin/../lib/gcc/nios2-elf/4.1.2/../../../../nios2-elf/lib\libc.a(lib_a-strlen.o)
 .debug_abbrev  0x00002ec1      0x198 c:/altera/12.0sp2/nios2eds/bin/gnu/h-i686-mingw32/bin/../lib/gcc/nios2-elf/4.1.2/../../../../nios2-elf/lib\libc.a(lib_a-wbuf.o)
 .debug_abbrev  0x00003059      0x170 c:/altera/12.0sp2/nios2eds/bin/gnu/h-i686-mingw32/bin/../lib/gcc/nios2-elf/4.1.2/../../../../nios2-elf/lib\libc.a(lib_a-wsetup.o)
 .debug_abbrev  0x000031c9      0x1de c:/altera/12.0sp2/nios2eds/bin/gnu/h-i686-mingw32/bin/../lib/gcc/nios2-elf/4.1.2/../../../../nios2-elf/lib\libc.a(lib_a-__call_atexit.o)
 .debug_abbrev  0x000033a7      0x1c6 c:/altera/12.0sp2/nios2eds/bin/gnu/h-i686-mingw32/bin/../lib/gcc/nios2-elf/4.1.2/../../../../nios2-elf/lib\libc.a(lib_a-fflush.o)
 .debug_abbrev  0x0000356d      0x24c c:/altera/12.0sp2/nios2eds/bin/gnu/h-i686-mingw32/bin/../lib/gcc/nios2-elf/4.1.2/../../../../nios2-elf/lib\libc.a(lib_a-findfp.o)
 .debug_abbrev  0x000037b9      0x1d9 c:/altera/12.0sp2/nios2eds/bin/gnu/h-i686-mingw32/bin/../lib/gcc/nios2-elf/4.1.2/../../../../nios2-elf/lib\libc.a(lib_a-freer.o)
 .debug_abbrev  0x00003992      0x1e3 c:/altera/12.0sp2/nios2eds/bin/gnu/h-i686-mingw32/bin/../lib/gcc/nios2-elf/4.1.2/../../../../nios2-elf/lib\libc.a(lib_a-fwalk.o)
 .debug_abbrev  0x00003b75      0x197 c:/altera/12.0sp2/nios2eds/bin/gnu/h-i686-mingw32/bin/../lib/gcc/nios2-elf/4.1.2/../../../../nios2-elf/lib\libc.a(lib_a-makebuf.o)
 .debug_abbrev  0x00003d0c      0x216 c:/altera/12.0sp2/nios2eds/bin/gnu/h-i686-mingw32/bin/../lib/gcc/nios2-elf/4.1.2/../../../../nios2-elf/lib\libc.a(lib_a-mallocr.o)
 .debug_abbrev  0x00003f22       0xb8 c:/altera/12.0sp2/nios2eds/bin/gnu/h-i686-mingw32/bin/../lib/gcc/nios2-elf/4.1.2/../../../../nios2-elf/lib\libc.a(lib_a-memset.o)
 .debug_abbrev  0x00003fda      0x18c c:/altera/12.0sp2/nios2eds/bin/gnu/h-i686-mingw32/bin/../lib/gcc/nios2-elf/4.1.2/../../../../nios2-elf/lib\libc.a(lib_a-sbrkr.o)
 .debug_abbrev  0x00004166      0x1c9 c:/altera/12.0sp2/nios2eds/bin/gnu/h-i686-mingw32/bin/../lib/gcc/nios2-elf/4.1.2/../../../../nios2-elf/lib\libc.a(lib_a-stdio.o)
 .debug_abbrev  0x0000432f      0x184 c:/altera/12.0sp2/nios2eds/bin/gnu/h-i686-mingw32/bin/../lib/gcc/nios2-elf/4.1.2/../../../../nios2-elf/lib\libc.a(lib_a-writer.o)
 .debug_abbrev  0x000044b3      0x17f c:/altera/12.0sp2/nios2eds/bin/gnu/h-i686-mingw32/bin/../lib/gcc/nios2-elf/4.1.2/../../../../nios2-elf/lib\libc.a(lib_a-closer.o)
 .debug_abbrev  0x00004632      0x1a7 c:/altera/12.0sp2/nios2eds/bin/gnu/h-i686-mingw32/bin/../lib/gcc/nios2-elf/4.1.2/../../../../nios2-elf/lib\libc.a(lib_a-fclose.o)
 .debug_abbrev  0x000047d9      0x18e c:/altera/12.0sp2/nios2eds/bin/gnu/h-i686-mingw32/bin/../lib/gcc/nios2-elf/4.1.2/../../../../nios2-elf/lib\libc.a(lib_a-fstatr.o)
 .debug_abbrev  0x00004967      0x17f c:/altera/12.0sp2/nios2eds/bin/gnu/h-i686-mingw32/bin/../lib/gcc/nios2-elf/4.1.2/../../../../nios2-elf/lib\libc.a(lib_a-isattyr.o)
 .debug_abbrev  0x00004ae6      0x18e c:/altera/12.0sp2/nios2eds/bin/gnu/h-i686-mingw32/bin/../lib/gcc/nios2-elf/4.1.2/../../../../nios2-elf/lib\libc.a(lib_a-lseekr.o)
 .debug_abbrev  0x00004c74      0x17f c:/altera/12.0sp2/nios2eds/bin/gnu/h-i686-mingw32/bin/../lib/gcc/nios2-elf/4.1.2/../../../../nios2-elf/lib\libc.a(lib_a-readr.o)
 .debug_abbrev  0x00004df3       0xc6 BSP/\libhal_bsp.a(alt_exit.o)
 .debug_abbrev  0x00004eb9      0x124 BSP/\libhal_bsp.a(alt_fstat.o)
 .debug_abbrev  0x00004fdd      0x124 BSP/\libhal_bsp.a(alt_isatty.o)
 .debug_abbrev  0x00005101      0x124 BSP/\libhal_bsp.a(alt_lseek.o)
 .debug_abbrev  0x00005225      0x172 BSP/\libhal_bsp.a(alt_malloc_lock.o)
 .debug_abbrev  0x00005397      0x133 BSP/\libhal_bsp.a(alt_read.o)
 .debug_abbrev  0x000054ca      0x112 BSP/\libhal_bsp.a(alt_sbrk.o)
 .debug_abbrev  0x000055dc      0x138 BSP/\libhal_bsp.a(alt_write.o)

.debug_line     0x00000000     0xd154
 *(.debug_line)
 .debug_line    0x00000000       0x6c BSP//obj/HAL/src/crt0.o
 .debug_line    0x0000006c      0x4f9 obj/default//C/Users/Jashwanth/Desktop/academics/BTP/media/media_HAL.o
 .debug_line    0x00000565      0x1ac c:/altera/12.0sp2/nios2eds/bin/gnu/h-i686-mingw32/bin/../lib/gcc/nios2-elf/4.1.2/../../../../nios2-elf/lib\libc.a(lib_a-memcpy.o)
 .debug_line    0x00000711      0x273 BSP/\libhal_bsp.a(alt_load.o)
 .debug_line    0x00000984      0x2ce BSP/\libhal_bsp.a(alt_main.o)
 .debug_line    0x00000c52      0x1ca BSP/\libhal_bsp.a(alt_printf.o)
 .debug_line    0x00000e1c      0x1ca BSP/\libhal_bsp.a(alt_putchar.o)
 .debug_line    0x00000fe6      0x418 BSP/\libhal_bsp.a(alt_sys_init.o)
 .debug_line    0x000013fe      0x1fd BSP/\libhal_bsp.a(altera_avalon_jtag_uart_fd.o)
 .debug_line    0x000015fb      0x46e BSP/\libhal_bsp.a(altera_avalon_jtag_uart_init.o)
 .debug_line    0x00001a69      0x2e7 BSP/\libhal_bsp.a(altera_avalon_jtag_uart_ioctl.o)
 .debug_line    0x00001d50      0x3ec BSP/\libhal_bsp.a(altera_avalon_jtag_uart_read.o)
 .debug_line    0x0000213c      0x415 BSP/\libhal_bsp.a(altera_avalon_jtag_uart_write.o)
 .debug_line    0x00002551      0x2b4 BSP/\libhal_bsp.a(altera_avalon_timer_sc.o)
 .debug_line    0x00002805      0x26e BSP/\libhal_bsp.a(altera_up_avalon_parallel_port.o)
 .debug_line    0x00002a73      0x4d0 BSP/\libhal_bsp.a(altera_up_avalon_ps2.o)
 .debug_line    0x00002f43      0x382 BSP/\libhal_bsp.a(altera_up_avalon_rs232.o)
 .debug_line    0x000032c5      0x34b BSP/\libhal_bsp.a(altera_up_avalon_video_character_buffer_with_dma.o)
 .debug_line    0x00003610      0x9b8 BSP/\libhal_bsp.a(altera_up_avalon_video_pixel_buffer_dma.o)
 .debug_line    0x00003fc8      0x2a3 BSP/\libhal_bsp.a(alt_alarm_start.o)
 .debug_line    0x0000426b      0x287 BSP/\libhal_bsp.a(alt_close.o)
 .debug_line    0x000044f2      0x1b5 BSP/\libhal_bsp.a(alt_dcache_flush_all.o)
 .debug_line    0x000046a7      0x24c BSP/\libhal_bsp.a(alt_dev.o)
 .debug_line    0x000048f3      0x236 BSP/\libhal_bsp.a(alt_dev_llist_insert.o)
 .debug_line    0x00004b29      0x1aa BSP/\libhal_bsp.a(alt_errno.o)
 .debug_line    0x00004cd3      0x25b BSP/\libhal_bsp.a(alt_find_dev.o)
 .debug_line    0x00004f2e      0x1bd BSP/\libhal_bsp.a(alt_icache_flush_all.o)
 .debug_line    0x000050eb      0x2b4 BSP/\libhal_bsp.a(alt_io_redirect.o)
 .debug_line    0x0000539f      0x28c BSP/\libhal_bsp.a(alt_irq_register.o)
 .debug_line    0x0000562b       0x72 BSP/\libhal_bsp.a(alt_irq_vars.o)
 .debug_line    0x0000569d      0x2a6 BSP/\libhal_bsp.a(alt_open.o)
 .debug_line    0x00005943       0xe5 BSP/\libhal_bsp.a(alt_release_fd.o)
 .debug_line    0x00005a28      0x2cb BSP/\libhal_bsp.a(alt_tick.o)
 .debug_line    0x00005cf3      0x1e7 BSP/\libhal_bsp.a(altera_nios2_qsys_irq.o)
 .debug_line    0x00005eda      0x26c BSP/\libhal_bsp.a(alt_find_file.o)
 .debug_line    0x00006146      0x277 BSP/\libhal_bsp.a(alt_get_fd.o)
 .debug_line    0x000063bd      0x1e9 BSP/\libhal_bsp.a(alt_icache_flush.o)
 .debug_line    0x000065a6       0x6b BSP/\libhal_bsp.a(alt_irq_entry.o)
 .debug_line    0x00006611      0x240 BSP/\libhal_bsp.a(alt_irq_handler.o)
 .debug_line    0x00006851       0xab BSP/\libhal_bsp.a(alt_exception_entry.o)
 .debug_line    0x000068fc      0x238 c:/altera/12.0sp2/nios2eds/bin/gnu/h-i686-mingw32/bin/../lib/gcc/nios2-elf/4.1.2/../../../../nios2-elf/lib\libc.a(lib_a-exit.o)
 .debug_line    0x00006b34      0x22d c:/altera/12.0sp2/nios2eds/bin/gnu/h-i686-mingw32/bin/../lib/gcc/nios2-elf/4.1.2/../../../../nios2-elf/lib\libc.a(lib_a-impure.o)
 .debug_line    0x00006d61      0x1df c:/altera/12.0sp2/nios2eds/bin/gnu/h-i686-mingw32/bin/../lib/gcc/nios2-elf/4.1.2/../../../../nios2-elf/lib\libc.a(lib_a-int_errno.o)
 .debug_line    0x00006f40      0x29f c:/altera/12.0sp2/nios2eds/bin/gnu/h-i686-mingw32/bin/../lib/gcc/nios2-elf/4.1.2/../../../../nios2-elf/lib\libc.a(lib_a-memcmp.o)
 .debug_line    0x000071df      0x2c4 c:/altera/12.0sp2/nios2eds/bin/gnu/h-i686-mingw32/bin/../lib/gcc/nios2-elf/4.1.2/../../../../nios2-elf/lib\libc.a(lib_a-putc.o)
 .debug_line    0x000074a3      0x2d5 c:/altera/12.0sp2/nios2eds/bin/gnu/h-i686-mingw32/bin/../lib/gcc/nios2-elf/4.1.2/../../../../nios2-elf/lib\libc.a(lib_a-strcmp.o)
 .debug_line    0x00007778      0x26d c:/altera/12.0sp2/nios2eds/bin/gnu/h-i686-mingw32/bin/../lib/gcc/nios2-elf/4.1.2/../../../../nios2-elf/lib\libc.a(lib_a-strlen.o)
 .debug_line    0x000079e5      0x350 c:/altera/12.0sp2/nios2eds/bin/gnu/h-i686-mingw32/bin/../lib/gcc/nios2-elf/4.1.2/../../../../nios2-elf/lib\libc.a(lib_a-wbuf.o)
 .debug_line    0x00007d35      0x2f0 c:/altera/12.0sp2/nios2eds/bin/gnu/h-i686-mingw32/bin/../lib/gcc/nios2-elf/4.1.2/../../../../nios2-elf/lib\libc.a(lib_a-wsetup.o)
 .debug_line    0x00008025      0x367 c:/altera/12.0sp2/nios2eds/bin/gnu/h-i686-mingw32/bin/../lib/gcc/nios2-elf/4.1.2/../../../../nios2-elf/lib\libc.a(lib_a-__call_atexit.o)