   1               		.file	"interrupt.c"
   2               	__SREG__ = 0x3f
   3               	__SP_H__ = 0x3e
   4               	__SP_L__ = 0x3d
   5               	__CCP__  = 0x34
   6               	__tmp_reg__ = 0
   7               	__zero_reg__ = 1
  15               	.Ltext0:
  16               	.global	toggle
  18               	toggle:
  19               	.LFB6:
  20               	.LM1:
  21               	/* prologue: function */
  22               	/* frame size = 0 */
  23               	.LM2:
  24 0000 AD9A      		sbi 53-32,5
  25               	.LBB66:
  26               	.LBB67:
  27               	.LBB68:
  28               	.LBB69:
  29               	.LM3:
  30 0002 80E3      		ldi r24,lo8(30000)
  31 0004 95E7      		ldi r25,hi8(30000)
  32               	.LVL0:
  33               	/* #APP */
  34               	 ;  105 "c:/winavr-20100110/lib/gcc/../../avr/include/util/delay_basic.h" 1
  35 0006 0197      		1: sbiw r24,1
  36 0008 01F4      		brne 1b
  37               	 ;  0 "" 2
  38               	/* #NOAPP */
  39               	.LBE69:
  40               	.LBE68:
  41               	.LBE67:
  42               	.LBE66:
  43               	.LM4:
  44 000a AD98      		cbi 53-32,5
  45               	/* epilogue start */
  46               	.LM5:
  47 000c 0895      		ret
  48               	.LFE6:
  50               	.global	set_rs
  52               	set_rs:
  53               	.LFB7:
  54               	.LM6:
  55               	/* prologue: function */
  56               	/* frame size = 0 */
  57               	.LM7:
  58 000e AF9A      		sbi 53-32,7
  59               	/* epilogue start */
  60               	.LM8:
  61 0010 0895      		ret
  62               	.LFE7:
  64               	.global	clear_rs
  66               	clear_rs:
  67               	.LFB8:
  68               	.LM9:
  69               	/* prologue: function */
  70               	/* frame size = 0 */
  71               	.LM10:
  72 0012 AF98      		cbi 53-32,7
  73               	/* epilogue start */
  74               	.LM11:
  75 0014 0895      		ret
  76               	.LFE8:
  78               	.global	clear_rw
  80               	clear_rw:
  81               	.LFB9:
  82               	.LM12:
  83               	/* prologue: function */
  84               	/* frame size = 0 */
  85               	.LM13:
  86 0016 AE98      		cbi 53-32,6
  87               	/* epilogue start */
  88               	.LM14:
  89 0018 0895      		ret
  90               	.LFE9:
  92               	.global	set_rw
  94               	set_rw:
  95               	.LFB10:
  96               	.LM15:
  97               	/* prologue: function */
  98               	/* frame size = 0 */
  99               	.LM16:
 100 001a AE9A      		sbi 53-32,6
 101               	/* epilogue start */
 102               	.LM17:
 103 001c 0895      		ret
 104               	.LFE10:
 106               	.global	LCD_Send
 108               	LCD_Send:
 109               	.LFB11:
 110               	.LM18:
 111               	.LVL1:
 112               	/* prologue: function */
 113               	/* frame size = 0 */
 114               	.LM19:
 115 001e 982F      		mov r25,r24
 116               	.LVL2:
 117 0020 9295      		swap r25
 118 0022 9F70      		andi r25,lo8(15)
 119               	.LM20:
 120 0024 482F      		mov r20,r24
 121               	.LVL3:
 122 0026 4F70      		andi r20,lo8(15)
 123               	.LM21:
 124 0028 6115      		cp r22,__zero_reg__
 125 002a 7105      		cpc r23,__zero_reg__
 126 002c 01F4      		brne .L12
 127               	.LM22:
 128 002e 85B3      		in r24,53-32
 129               	.LVL4:
 130 0030 807F      		andi r24,lo8(-16)
 131 0032 982B      		or r25,r24
 132 0034 95BB      		out 53-32,r25
 133               	.LBB70:
 134               	.LBB71:
 135               	.LM23:
 136 0036 AF98      		cbi 53-32,7
 137               	.LBE71:
 138               	.LBE70:
 139               	.LBB72:
 140               	.LBB73:
 141               	.LM24:
 142 0038 AE98      		cbi 53-32,6
 143               	.LBE73:
 144               	.LBE72:
 145               	.LBB74:
 146               	.LBB75:
 147               	.LM25:
 148 003a AD9A      		sbi 53-32,5
 149               	.LBB76:
 150               	.LBB77:
 151               	.LBB78:
 152               	.LBB79:
 153               	.LM26:
 154 003c 20E3      		ldi r18,lo8(30000)
 155 003e 35E7      		ldi r19,hi8(30000)
 156 0040 C901      		movw r24,r18
 157               	.LVL5:
 158               	/* #APP */
 159               	 ;  105 "c:/winavr-20100110/lib/gcc/../../avr/include/util/delay_basic.h" 1
 160 0042 0197      		1: sbiw r24,1
 161 0044 01F4      		brne 1b
 162               	 ;  0 "" 2
 163               	/* #NOAPP */
 164               	.LBE79:
 165               	.LBE78:
 166               	.LBE77:
 167               	.LBE76:
 168               	.LM27:
 169 0046 AD98      		cbi 53-32,5
 170               	.LBE75:
 171               	.LBE74:
 172               	.LM28:
 173 0048 85B3      		in r24,53-32
 174               	.LVL6:
 175 004a 807F      		andi r24,lo8(-16)
 176 004c 482B      		or r20,r24
 177 004e 45BB      		out 53-32,r20
 178               	.LBB80:
 179               	.LBB81:
 180               	.LM29:
 181 0050 AF98      		cbi 53-32,7
 182               	.LBE81:
 183               	.LBE80:
 184               	.LBB82:
 185               	.LBB83:
 186               	.LM30:
 187 0052 AE98      		cbi 53-32,6
 188               	.LBE83:
 189               	.LBE82:
 190               	.LBB84:
 191               	.LBB85:
 192               	.LM31:
 193 0054 AD9A      		sbi 53-32,5
 194               	.LBB86:
 195               	.LBB87:
 196               	.LBB88:
 197               	.LBB89:
 198               	.LM32:
 199 0056 C901      		movw r24,r18
 200               	.LVL7:
 201               	/* #APP */
 202               	 ;  105 "c:/winavr-20100110/lib/gcc/../../avr/include/util/delay_basic.h" 1
 203 0058 0197      		1: sbiw r24,1
 204 005a 01F4      		brne 1b
 205               	 ;  0 "" 2
 206               	/* #NOAPP */
 207               	.LBE89:
 208               	.LBE88:
 209               	.LBE87:
 210               	.LBE86:
 211               	.LM33:
 212 005c AD98      		cbi 53-32,5
 213 005e 0895      		ret
 214               	.LVL8:
 215               	.L12:
 216               	.LBE85:
 217               	.LBE84:
 218               	.LM34:
 219 0060 6130      		cpi r22,1
 220 0062 7105      		cpc r23,__zero_reg__
 221 0064 01F4      		brne .L14
 222               	.LM35:
 223 0066 85B3      		in r24,53-32
 224               	.LVL9:
 225 0068 807F      		andi r24,lo8(-16)
 226 006a 982B      		or r25,r24
 227 006c 95BB      		out 53-32,r25
 228               	.LBB90:
 229               	.LBB91:
 230               	.LM36:
 231 006e AF9A      		sbi 53-32,7
 232               	.LBE91:
 233               	.LBE90:
 234               	.LBB92:
 235               	.LBB93:
 236               	.LM37:
 237 0070 AE98      		cbi 53-32,6
 238               	.LBE93:
 239               	.LBE92:
 240               	.LBB94:
 241               	.LBB95:
 242               	.LM38:
 243 0072 AD9A      		sbi 53-32,5
 244               	.LBB96:
 245               	.LBB97:
 246               	.LBB98:
 247               	.LBB99:
 248               	.LM39:
 249 0074 20E3      		ldi r18,lo8(30000)
 250 0076 35E7      		ldi r19,hi8(30000)
 251 0078 C901      		movw r24,r18
 252               	.LVL10:
 253               	/* #APP */
 254               	 ;  105 "c:/winavr-20100110/lib/gcc/../../avr/include/util/delay_basic.h" 1
 255 007a 0197      		1: sbiw r24,1
 256 007c 01F4      		brne 1b
 257               	 ;  0 "" 2
 258               	/* #NOAPP */
 259               	.LBE99:
 260               	.LBE98:
 261               	.LBE97:
 262               	.LBE96:
 263               	.LM40:
 264 007e AD98      		cbi 53-32,5
 265               	.LBE95:
 266               	.LBE94:
 267               	.LM41:
 268 0080 85B3      		in r24,53-32
 269               	.LVL11:
 270 0082 807F      		andi r24,lo8(-16)
 271 0084 482B      		or r20,r24
 272 0086 45BB      		out 53-32,r20
 273               	.LBB100:
 274               	.LBB101:
 275               	.LM42:
 276 0088 AF9A      		sbi 53-32,7
 277               	.LBE101:
 278               	.LBE100:
 279               	.LBB102:
 280               	.LBB103:
 281               	.LM43:
 282 008a AE98      		cbi 53-32,6
 283               	.LBE103:
 284               	.LBE102:
 285               	.LBB104:
 286               	.LBB105:
 287               	.LM44:
 288 008c AD9A      		sbi 53-32,5
 289               	.LBB106:
 290               	.LBB107:
 291               	.LBB108:
 292               	.LBB109:
 293               	.LM45:
 294 008e C901      		movw r24,r18
 295               	.LVL12:
 296               	/* #APP */
 297               	 ;  105 "c:/winavr-20100110/lib/gcc/../../avr/include/util/delay_basic.h" 1
 298 0090 0197      		1: sbiw r24,1
 299 0092 01F4      		brne 1b
 300               	 ;  0 "" 2
 301               	/* #NOAPP */
 302               	.LBE109:
 303               	.LBE108:
 304               	.LBE107:
 305               	.LBE106:
 306               	.LM46:
 307 0094 AD98      		cbi 53-32,5
 308               	.LVL13:
 309               	.L14:
 310 0096 0895      		ret
 311               	.LBE105:
 312               	.LBE104:
 313               	.LFE11:
 315               	.global	LCD_init
 317               	LCD_init:
 318               	.LFB12:
 319               	.LM47:
 320               	/* prologue: function */
 321               	/* frame size = 0 */
 322               	.LM48:
 323 0098 8FEF      		ldi r24,lo8(-1)
 324 009a 84BB      		out 52-32,r24
 325               	.LBB110:
 326               	.LBB111:
 327               	.LM49:
 328 009c AF98      		cbi 53-32,7
 329               	.LBE111:
 330               	.LBE110:
 331               	.LBB112:
 332               	.LBB113:
 333               	.LM50:
 334 009e AE98      		cbi 53-32,6
 335               	.LBE113:
 336               	.LBE112:
 337               	.LM51:
 338 00a0 81E0      		ldi r24,lo8(1)
 339 00a2 60E0      		ldi r22,lo8(0)
 340 00a4 70E0      		ldi r23,hi8(0)
 341 00a6 0E94 0000 		call LCD_Send
 342               	.LM52:
 343 00aa 8FE0      		ldi r24,lo8(15)
 344 00ac 60E0      		ldi r22,lo8(0)
 345 00ae 70E0      		ldi r23,hi8(0)
 346 00b0 0E94 0000 		call LCD_Send
 347               	.LM53:
 348 00b4 88E2      		ldi r24,lo8(40)
 349 00b6 60E0      		ldi r22,lo8(0)
 350 00b8 70E0      		ldi r23,hi8(0)
 351 00ba 0E94 0000 		call LCD_Send
 352               	/* epilogue start */
 353               	.LM54:
 354 00be 0895      		ret
 355               	.LFE12:
 357               	.global	LCD_GotoXY
 359               	LCD_GotoXY:
 360               	.LFB14:
 361               	.LM55:
 362               	.LVL14:
 363               	/* prologue: function */
 364               	/* frame size = 0 */
 365               	.LM56:
 366 00c0 6130      		cpi r22,1
 367 00c2 7105      		cpc r23,__zero_reg__
 368 00c4 01F4      		brne .L18
 369               	.LM57:
 370 00c6 8158      		subi r24,lo8(-(127))
 371               	.LVL15:
 372 00c8 60E0      		ldi r22,lo8(0)
 373 00ca 70E0      		ldi r23,hi8(0)
 374               	.LVL16:
 375 00cc 0E94 0000 		call LCD_Send
 376 00d0 0895      		ret
 377               	.LVL17:
 378               	.L18:
 379               	.LM58:
 380 00d2 6230      		cpi r22,2
 381 00d4 7105      		cpc r23,__zero_reg__
 382 00d6 01F4      		brne .L20
 383               	.LM59:
 384 00d8 8154      		subi r24,lo8(-(-65))
 385               	.LVL18:
 386 00da 60E0      		ldi r22,lo8(0)
 387 00dc 70E0      		ldi r23,hi8(0)
 388               	.LVL19:
 389 00de 0E94 0000 		call LCD_Send
 390               	.LVL20:
 391               	.L20:
 392 00e2 0895      		ret
 393               	.LFE14:
 395               	.global	LCD_Send_String
 397               	LCD_Send_String:
 398               	.LFB13:
 399               	.LM60:
 400               	.LVL21:
 401 00e4 EF92      		push r14
 402 00e6 FF92      		push r15
 403 00e8 0F93      		push r16
 404 00ea 1F93      		push r17
 405 00ec CF93      		push r28
 406 00ee DF93      		push r29
 407               	/* prologue: function */
 408               	/* frame size = 0 */
 409 00f0 7C01      		movw r14,r24
 410               	.LM61:
 411 00f2 DC01      		movw r26,r24
 412 00f4 0D90      		ld __tmp_reg__,X+
 413 00f6 0020      		tst __tmp_reg__
 414 00f8 01F4      		brne .-6
 415 00fa 8D01      		movw r16,r26
 416               	.LVL22:
 417 00fc 0150      		subi r16,lo8(-(-1))
 418 00fe 1040      		sbci r17,hi8(-(-1))
 419 0100 081B      		sub r16,r24
 420 0102 190B      		sbc r17,r25
 421 0104 C0E0      		ldi r28,lo8(0)
 422 0106 D0E0      		ldi r29,hi8(0)
 423               	.LVL23:
 424 0108 00C0      		rjmp .L22
 425               	.L23:
 426               	.LM62:
 427 010a F701      		movw r30,r14
 428 010c EC0F      		add r30,r28
 429 010e FD1F      		adc r31,r29
 430 0110 8081      		ld r24,Z
 431               	.LVL24:
 432 0112 61E0      		ldi r22,lo8(1)
 433 0114 70E0      		ldi r23,hi8(1)
 434 0116 0E94 0000 		call LCD_Send
 435               	.LM63:
 436 011a 2196      		adiw r28,1
 437               	.LVL25:
 438               	.L22:
 439 011c C017      		cp r28,r16
 440 011e D107      		cpc r29,r17
 441 0120 04F0      		brlt .L23
 442               	.LVL26:
 443               	/* epilogue start */
 444               	.LM64:
 445 0122 DF91      		pop r29
 446 0124 CF91      		pop r28
 447               	.LVL27:
 448 0126 1F91      		pop r17
 449 0128 0F91      		pop r16
 450               	.LVL28:
 451 012a FF90      		pop r15
 452 012c EF90      		pop r14
 453 012e 0895      		ret
 454               	.LFE13:
 456               	.global	LCD_Print
 458               	LCD_Print:
 459               	.LFB15:
 460               	.LM65:
 461               	.LVL29:
 462 0130 0F93      		push r16
 463 0132 1F93      		push r17
 464 0134 DF93      		push r29
 465 0136 CF93      		push r28
 466 0138 CDB7      		in r28,__SP_L__
 467 013a DEB7      		in r29,__SP_H__
 468 013c C456      		subi r28,lo8(-(-100))
 469 013e D040      		sbci r29,hi8(-(-100))
 470 0140 0FB6      		in __tmp_reg__,__SREG__
 471 0142 F894      		cli
 472 0144 DEBF      		out __SP_H__,r29
 473 0146 0FBE      		out __SREG__,__tmp_reg__
 474 0148 CDBF      		out __SP_L__,r28
 475               	/* prologue: function */
 476               	/* frame size = 100 */
 477 014a 8C01      		movw r16,r24
 478 014c CB01      		movw r24,r22
 479               	.LVL30:
 480               	.LM66:
 481 014e BA01      		movw r22,r20
 482               	.LVL31:
 483 0150 0E94 0000 		call LCD_GotoXY
 484               	.LVL32:
 485               	.LM67:
 486 0154 C801      		movw r24,r16
 487 0156 BE01      		movw r22,r28
 488 0158 6F5F      		subi r22,lo8(-(1))
 489 015a 7F4F      		sbci r23,hi8(-(1))
 490 015c 4AE0      		ldi r20,lo8(10)
 491 015e 50E0      		ldi r21,hi8(10)
 492 0160 0E94 0000 		call itoa
 493 0164 0E94 0000 		call LCD_Send_String
 494               	/* epilogue start */
 495               	.LM68:
 496 0168 CC59      		subi r28,lo8(-(100))
 497 016a DF4F      		sbci r29,hi8(-(100))
 498 016c 0FB6      		in __tmp_reg__,__SREG__
 499 016e F894      		cli
 500 0170 DEBF      		out __SP_H__,r29
 501 0172 0FBE      		out __SREG__,__tmp_reg__
 502 0174 CDBF      		out __SP_L__,r28
 503 0176 CF91      		pop r28
 504 0178 DF91      		pop r29
 505 017a 1F91      		pop r17
 506 017c 0F91      		pop r16
 507               	.LVL33:
 508 017e 0895      		ret
 509               	.LFE15:
 511               	.global	main
 513               	main:
 514               	.LFB17:
 515               	.LM69:
 516               	/* prologue: function */
 517               	/* frame size = 0 */
 518               	.LM70:
 519 0180 81E8      		ldi r24,lo8(-127)
 520 0182 81BB      		out 49-32,r24
 521               	.LM71:
 522 0184 12BA      		out 50-32,__zero_reg__
 523               	.LM72:
 524 0186 0E94 0000 		call LCD_init
 525               	.LM73:
 526 018a 86E0      		ldi r24,lo8(6)
 527 018c 90E0      		ldi r25,hi8(6)
 528 018e 61E0      		ldi r22,lo8(1)
 529 0190 70E0      		ldi r23,hi8(1)
 530 0192 42E0      		ldi r20,lo8(2)
 531 0194 50E0      		ldi r21,hi8(2)
 532 0196 0E94 0000 		call LCD_Print
 533               	.LM74:
 534 019a 80E8      		ldi r24,lo8(-128)
 535 019c 8BBF      		out 91-32,r24
 536               	.LM75:
 537 019e 84E0      		ldi r24,lo8(4)
 538 01a0 85BF      		out 85-32,r24
 539               	.LBB114:
 540               	.LBB115:
 541               	.LBB116:
 542               	.LBB117:
 543               	.LM76:
 544 01a2 2CE2      		ldi r18,lo8(300)
 545 01a4 31E0      		ldi r19,hi8(300)
 546               	.LVL34:
 547               	.L29:
 548               	.LBE117:
 549               	.LBE116:
 550               	.LBE115:
 551               	.LBE114:
 552               	.LM77:
 553               	/* #APP */
 554               	 ;  26 "interrupt.c" 1
 555 01a6 7894      		sei
 556               	 ;  0 "" 2
 557               	/* #NOAPP */
 558 01a8 88EB      		ldi r24,lo8(3000)
 559 01aa 9BE0      		ldi r25,hi8(3000)
 560               	.L28:
 561               	.LBB121:
 562               	.LBB120:
 563               	.LBB119:
 564               	.LBB118:
 565               	.LM78:
 566 01ac F901      		movw r30,r18
 567               	/* #APP */
 568               	 ;  105 "c:/winavr-20100110/lib/gcc/../../avr/include/util/delay_basic.h" 1
 569 01ae 3197      		1: sbiw r30,1
 570 01b0 01F4      		brne 1b
 571               	 ;  0 "" 2
 572               	/* #NOAPP */
 573               	.LBE118:
 574               	.LBE119:
 575               	.LM79:
 576 01b2 0197      		sbiw r24,1
 577               	.LM80:
 578 01b4 01F4      		brne .L28
 579 01b6 00C0      		rjmp .L29
 580               	.LBE120:
 581               	.LBE121:
 582               	.LFE17:
 584               	.global	__vector_2
 586               	__vector_2:
 587               	.LFB16:
 588               	.LM81:
 589 01b8 1F92      		push __zero_reg__
 590 01ba 0F92      		push r0
 591 01bc 0FB6      		in r0,__SREG__
 592 01be 0F92      		push r0
 593 01c0 1124      		clr __zero_reg__
 594 01c2 2F93      		push r18
 595 01c4 3F93      		push r19
 596 01c6 4F93      		push r20
 597 01c8 5F93      		push r21
 598 01ca 6F93      		push r22
 599 01cc 7F93      		push r23
 600 01ce 8F93      		push r24
 601 01d0 9F93      		push r25
 602 01d2 AF93      		push r26
 603 01d4 BF93      		push r27
 604 01d6 EF93      		push r30
 605 01d8 FF93      		push r31
 606               	/* prologue: Signal */
 607               	/* frame size = 0 */
 608               	.LM82:
 609               	/* #APP */
 610               	 ;  10 "interrupt.c" 1
 611 01da F894      		cli
 612               	 ;  0 "" 2
 613               	.LM83:
 614               	/* #NOAPP */
 615 01dc 8091 0000 		lds r24,count
 616 01e0 9091 0000 		lds r25,(count)+1
 617 01e4 0196      		adiw r24,1
 618 01e6 9093 0000 		sts (count)+1,r25
 619 01ea 8093 0000 		sts count,r24
 620               	.LM84:
 621 01ee 61E0      		ldi r22,lo8(1)
 622 01f0 70E0      		ldi r23,hi8(1)
 623 01f2 41E0      		ldi r20,lo8(1)
 624 01f4 50E0      		ldi r21,hi8(1)
 625 01f6 0E94 0000 		call LCD_Print
 626               	.LM85:
 627               	/* #APP */
 628               	 ;  13 "interrupt.c" 1
 629 01fa 7894      		sei
 630               	 ;  0 "" 2
 631               	/* epilogue start */
 632               	.LM86:
 633               	/* #NOAPP */
 634 01fc FF91      		pop r31
 635 01fe EF91      		pop r30
 636 0200 BF91      		pop r27
 637 0202 AF91      		pop r26
 638 0204 9F91      		pop r25
 639 0206 8F91      		pop r24
 640 0208 7F91      		pop r23
 641 020a 6F91      		pop r22
 642 020c 5F91      		pop r21
 643 020e 4F91      		pop r20
 644 0210 3F91      		pop r19
 645 0212 2F91      		pop r18
 646 0214 0F90      		pop r0
 647 0216 0FBE      		out __SREG__,r0
 648 0218 0F90      		pop r0
 649 021a 1F90      		pop __zero_reg__
 650 021c 1895      		reti
 651               	.LFE16:
 653               	.global	count
 654               	.global	count
 655               		.section .bss
 658               	count:
 659 0000 0000      		.skip 2,0
 772               	.Letext0:
DEFINED SYMBOLS
                            *ABS*:00000000 interrupt.c
C:\Users\SIDDAR~1\AppData\Local\Temp/ccFGlb3G.s:2      *ABS*:0000003f __SREG__
C:\Users\SIDDAR~1\AppData\Local\Temp/ccFGlb3G.s:3      *ABS*:0000003e __SP_H__
C:\Users\SIDDAR~1\AppData\Local\Temp/ccFGlb3G.s:4      *ABS*:0000003d __SP_L__
C:\Users\SIDDAR~1\AppData\Local\Temp/ccFGlb3G.s:5      *ABS*:00000034 __CCP__
C:\Users\SIDDAR~1\AppData\Local\Temp/ccFGlb3G.s:6      *ABS*:00000000 __tmp_reg__
C:\Users\SIDDAR~1\AppData\Local\Temp/ccFGlb3G.s:7      *ABS*:00000001 __zero_reg__
C:\Users\SIDDAR~1\AppData\Local\Temp/ccFGlb3G.s:18     .text:00000000 toggle
C:\Users\SIDDAR~1\AppData\Local\Temp/ccFGlb3G.s:52     .text:0000000e set_rs
C:\Users\SIDDAR~1\AppData\Local\Temp/ccFGlb3G.s:66     .text:00000012 clear_rs
C:\Users\SIDDAR~1\AppData\Local\Temp/ccFGlb3G.s:80     .text:00000016 clear_rw
C:\Users\SIDDAR~1\AppData\Local\Temp/ccFGlb3G.s:94     .text:0000001a set_rw
C:\Users\SIDDAR~1\AppData\Local\Temp/ccFGlb3G.s:108    .text:0000001e LCD_Send
C:\Users\SIDDAR~1\AppData\Local\Temp/ccFGlb3G.s:317    .text:00000098 LCD_init
C:\Users\SIDDAR~1\AppData\Local\Temp/ccFGlb3G.s:359    .text:000000c0 LCD_GotoXY
C:\Users\SIDDAR~1\AppData\Local\Temp/ccFGlb3G.s:397    .text:000000e4 LCD_Send_String
C:\Users\SIDDAR~1\AppData\Local\Temp/ccFGlb3G.s:458    .text:00000130 LCD_Print
C:\Users\SIDDAR~1\AppData\Local\Temp/ccFGlb3G.s:513    .text:00000180 main
C:\Users\SIDDAR~1\AppData\Local\Temp/ccFGlb3G.s:586    .text:000001b8 __vector_2
C:\Users\SIDDAR~1\AppData\Local\Temp/ccFGlb3G.s:658    .bss:00000000 count

UNDEFINED SYMBOLS
itoa
__do_clear_bss
