Archive member included because of file (symbol)

c:/altera/12.0sp2/nios2eds/bin/gnu/h-i686-mingw32/bin/../lib/gcc/nios2-elf/4.1.2/../../../../nios2-elf/lib\libc.a(lib_a-memcpy.o)
                              obj/default//C/Users/Jashwanth/Desktop/media_HAL.o (memcpy)
BSP/\libhal_bsp.a(alt_load.o)
                              BSP//obj/HAL/src/crt0.o (alt_load)
BSP/\libhal_bsp.a(alt_main.o)
                              BSP//obj/HAL/src/crt0.o (alt_main)
BSP/\libhal_bsp.a(alt_printf.o)
                              obj/default//C/Users/Jashwanth/Desktop/media_HAL.o (alt_printf)
BSP/\libhal_bsp.a(alt_putchar.o)
                              BSP/\libhal_bsp.a(alt_printf.o) (alt_putchar)
BSP/\libhal_bsp.a(alt_sys_init.o)
                              BSP/\libhal_bsp.a(alt_main.o) (alt_irq_init)
BSP/\libhal_bsp.a(altera_avalon_jtag_uart_fd.o)
                              BSP/\libhal_bsp.a(alt_sys_init.o) (altera_avalon_jtag_uart_ioctl_fd)
BSP/\libhal_bsp.a(altera_avalon_jtag_uart_init.o)
                              BSP/\libhal_bsp.a(altera_avalon_jtag_uart_fd.o) (altera_avalon_jtag_uart_close)
BSP/\libhal_bsp.a(altera_avalon_jtag_uart_ioctl.o)
                              BSP/\libhal_bsp.a(altera_avalon_jtag_uart_fd.o) (altera_avalon_jtag_uart_ioctl)
BSP/\libhal_bsp.a(altera_avalon_jtag_uart_read.o)
                              BSP/\libhal_bsp.a(altera_avalon_jtag_uart_fd.o) (altera_avalon_jtag_uart_read)
BSP/\libhal_bsp.a(altera_avalon_jtag_uart_write.o)
                              BSP/\libhal_bsp.a(altera_avalon_jtag_uart_fd.o) (altera_avalon_jtag_uart_write)
BSP/\libhal_bsp.a(altera_avalon_timer_sc.o)
                              BSP/\libhal_bsp.a(alt_sys_init.o) (alt_avalon_timer_sc_init)
BSP/\libhal_bsp.a(altera_up_avalon_parallel_port.o)
                              obj/default//C/Users/Jashwanth/Desktop/media_HAL.o (alt_up_parallel_port_open_dev)
BSP/\libhal_bsp.a(altera_up_avalon_ps2.o)
                              obj/default//C/Users/Jashwanth/Desktop/media_HAL.o (alt_up_ps2_open_dev)
BSP/\libhal_bsp.a(altera_up_avalon_rs232.o)
                              BSP/\libhal_bsp.a(alt_sys_init.o) (alt_up_rs232_read_fd)
BSP/\libhal_bsp.a(altera_up_avalon_video_character_buffer_with_dma.o)
                              obj/default//C/Users/Jashwanth/Desktop/media_HAL.o (alt_up_char_buffer_string)
BSP/\libhal_bsp.a(altera_up_avalon_video_pixel_buffer_dma.o)
                              obj/default//C/Users/Jashwanth/Desktop/media_HAL.o (alt_up_pixel_buffer_dma_clear_screen)
BSP/\libhal_bsp.a(alt_alarm_start.o)
                              BSP/\libhal_bsp.a(altera_avalon_jtag_uart_init.o) (alt_alarm_start)
BSP/\libhal_bsp.a(alt_close.o)
                              BSP/\libhal_bsp.a(alt_main.o) (close)
BSP/\libhal_bsp.a(alt_dcache_flush_all.o)
                              BSP/\libhal_bsp.a(alt_load.o) (alt_dcache_flush_all)
BSP/\libhal_bsp.a(alt_dev.o)  BSP/\libhal_bsp.a(alt_sys_init.o) (alt_dev_list)
BSP/\libhal_bsp.a(alt_dev_llist_insert.o)
                              BSP/\libhal_bsp.a(alt_sys_init.o) (alt_dev_llist_insert)
BSP/\libhal_bsp.a(alt_errno.o)
                              BSP/\libhal_bsp.a(alt_close.o) (alt_errno)
BSP/\libhal_bsp.a(alt_find_dev.o)
                              BSP/\libhal_bsp.a(altera_up_avalon_parallel_port.o) (alt_find_dev)
BSP/\libhal_bsp.a(alt_icache_flush_all.o)
                              BSP/\libhal_bsp.a(alt_load.o) (alt_icache_flush_all)
BSP/\libhal_bsp.a(alt_io_redirect.o)
                              BSP/\libhal_bsp.a(alt_main.o) (alt_io_redirect)
BSP/\libhal_bsp.a(alt_irq_register.o)
                              BSP/\libhal_bsp.a(altera_avalon_jtag_uart_init.o) (alt_irq_register)
BSP/\libhal_bsp.a(alt_irq_vars.o)
                              BSP/\libhal_bsp.a(alt_irq_register.o) (alt_irq_active)
BSP/\libhal_bsp.a(alt_open.o)
                              BSP/\libhal_bsp.a(alt_io_redirect.o) (open)
BSP/\libhal_bsp.a(alt_release_fd.o)
                              BSP/\libhal_bsp.a(alt_close.o) (alt_release_fd)
BSP/\libhal_bsp.a(alt_tick.o)
                              BSP/\libhal_bsp.a(altera_avalon_timer_sc.o) (alt_tick)
BSP/\libhal_bsp.a(altera_nios2_qsys_irq.o)
                              BSP/\libhal_bsp.a(alt_sys_init.o) (altera_nios2_qsys_irq_init)
BSP/\libhal_bsp.a(alt_find_file.o)
                              BSP/\libhal_bsp.a(alt_open.o) (alt_find_file)
BSP/\libhal_bsp.a(alt_get_fd.o)
                              BSP/\libhal_bsp.a(alt_open.o) (alt_get_fd)
BSP/\libhal_bsp.a(alt_icache_flush.o)
                              BSP/\libhal_bsp.a(alt_icache_flush_all.o) (alt_icache_flush)
BSP/\libhal_bsp.a(alt_irq_entry.o)
                              BSP/\libhal_bsp.a(alt_irq_register.o) (alt_irq_entry)
BSP/\libhal_bsp.a(alt_irq_handler.o)
                              BSP/\libhal_bsp.a(alt_irq_register.o) (alt_irq_handler)
BSP/\libhal_bsp.a(alt_exception_entry.o)
[...]
Memory Configuration

Name             Origin             Length             Attributes
reset            0x00000000         0x00000020
SDRAM            0x00000020         0x007fffe0
*default*        0x00000000         0xffffffff

Linker script and memory map

LOAD BSP//obj/HAL/src/crt0.o
LOAD obj/default//C/Users/Jashwanth/Desktop/media_HAL.o
LOAD c:/altera/12.0sp2/nios2eds/bin/gnu/h-i686-mingw32/bin/../lib/gcc/nios2-elf/4.1.2/../../../../nios2-elf/lib\libstdc++.a
LOAD c:/altera/12.0sp2/nios2eds/bin/gnu/h-i686-mingw32/bin/../lib/gcc/nios2-elf/4.1.2/../../../../nios2-elf/lib\libm.a
LOAD c:/altera/12.0sp2/nios2eds/bin/gnu/h-i686-mingw32/bin/../lib/gcc/nios2-elf/4.1.2\libgcc.a
START GROUP
LOAD c:/altera/12.0sp2/nios2eds/bin/gnu/h-i686-mingw32/bin/../lib/gcc/nios2-elf/4.1.2/../../../../nios2-elf/lib\libc.a
LOAD c:/altera/12.0sp2/nios2eds/bin/gnu/h-i686-mingw32/bin/../lib/gcc/nios2-elf/4.1.2\libgcc.a
LOAD BSP/\libhal_bsp.a
END GROUP
LOAD c:/altera/12.0sp2/nios2eds/bin/gnu/h-i686-mingw32/bin/../lib/gcc/nios2-elf/4.1.2\libgcc.a
                0x00000000                __alt_mem_SDRAM = 0x0

.entry          0x00000000       0x20
 *(.entry)
 .entry         0x00000000       0x20 BSP//obj/HAL/src/crt0.o
                0x00000000                __reset

.exceptions     0x00000020      0x148
                0x00000020                PROVIDE (__ram_exceptions_start, ABSOLUTE (.))
                0x00000020                . = ALIGN (0x20)
 *(.irq)
 *(.exceptions.entry.label)
 .exceptions.entry.label
                0x00000020        0x0 BSP/\libhal_bsp.a(alt_irq_entry.o)
                0x00000020                alt_irq_entry
 .exceptions.entry.label
                0x00000020        0x0 BSP/\libhal_bsp.a(alt_exception_entry.o)
                0x00000020                alt_exception
 *(.exceptions.entry.user)
 *(.exceptions.entry)
 .exceptions.entry
                0x00000020       0x54 BSP/\libhal_bsp.a(alt_exception_entry.o)
 *(.exceptions.irqtest.user)
 *(.exceptions.irqtest)
 .exceptions.irqtest
                0x00000074       0x10 BSP/\libhal_bsp.a(alt_irq_entry.o)
 *(.exceptions.irqhandler.user)
 *(.exceptions.irqhandler)
 .exceptions.irqhandler
                0x00000084        0x4 BSP/\libhal_bsp.a(alt_irq_entry.o)
 *(.exceptions.irqreturn.user)
 *(.exceptions.irqreturn)
 .exceptions.irqreturn
                0x00000088        0x4 BSP/\libhal_bsp.a(alt_irq_entry.o)
 *(.exceptions.notirq.label)
 .exceptions.notirq.label
                0x0000008c        0x0 BSP/\libhal_bsp.a(alt_irq_entry.o)
 *(.exceptions.notirq.user)
 *(.exceptions.notirq)
 .exceptions.notirq
                0x0000008c        0x8 BSP/\libhal_bsp.a(alt_exception_entry.o)
 *(.exceptions.soft.user)
 *(.exceptions.soft)
 *(.exceptions.unknown.user)
 *(.exceptions.unknown)
 .exceptions.unknown
                0x00000094        0x4 BSP/\libhal_bsp.a(alt_exception_entry.o)
 *(.exceptions.exit.label)
 .exceptions.exit.label
                0x00000098        0x0 BSP/\libhal_bsp.a(alt_irq_entry.o)
 .exceptions.exit.label
                0x00000098        0x0 BSP/\libhal_bsp.a(alt_exception_entry.o)
 *(.exceptions.exit.user)
 *(.exceptions.exit)
 .exceptions.exit
                0x00000098       0x54 BSP/\libhal_bsp.a(alt_exception_entry.o)
 *(.exceptions)
 .exceptions    0x000000ec       0x7c BSP/\libhal_bsp.a(alt_irq_handler.o)
                0x000000ec                alt_irq_handler
                0x00000168                PROVIDE (__ram_exceptions_end, ABSOLUTE (.))
                0x00000020                PROVIDE (__flash_exceptions_start, LOADADDR (.exceptions))

.text           0x00000168     0x5650
                0x00000168                PROVIDE (stext, ABSOLUTE (.))
 *(.interp)
 *(.hash)
 *(.dynsym)
 *(.dynstr)
 *(.gnu.version)
 *(.gnu.version_d)
 *(.gnu.version_r)
 *(.rel.init)
 *(.rela.init)
 *(.rel.text .rel.text.* .rel.gnu.linkonce.t.*)
 *(.rela.text .rela.text.* .rela.gnu.linkonce.t.*)
 *(.rel.fini)
 *(.rela.fini)
 *(.rel.rodata .rel.rodata.* .rel.gnu.linkonce.r.*)
 *(.rela.rodata .rela.rodata.* .rela.gnu.linkonce.r.*)
 *(.rel.data .rel.data.* .rel.gnu.linkonce.d.*)
 *(.rela.data .rela.data.* .rela.gnu.linkonce.d.*)
 *(.rel.tdata .rel.tdata.* .rel.gnu.linkonce.td.*)
 *(.rela.tdata .rela.tdata.* .rela.gnu.linkonce.td.*)
 *(.rel.tbss .rel.tbss.* .rel.gnu.linkonce.tb.*)
 *(.rela.tbss .rela.tbss.* .rela.gnu.linkonce.tb.*)
 *(.rel.ctors)
 *(.rela.ctors)
 *(.rel.dtors)
 *(.rela.dtors)
 *(.rel.got)
 *(.rela.got)
 *(.rel.sdata .rel.sdata.* .rel.gnu.linkonce.s.*)
 *(.rela.sdata .rela.sdata.* .rela.gnu.linkonce.s.*)
 *(.rel.sbss .rel.sbss.* .rel.gnu.linkonce.sb.*)
 *(.rela.sbss .rela.sbss.* .rela.gnu.linkonce.sb.*)
 *(.rel.sdata2 .rel.sdata2.* .rel.gnu.linkonce.s2.*)
 *(.rela.sdata2 .rela.sdata2.* .rela.gnu.linkonce.s2.*)
 *(.rel.sbss2 .rel.sbss2.* .rel.gnu.linkonce.sb2.*)
 *(.rela.sbss2 .rela.sbss2.* .rela.gnu.linkonce.sb2.*)
 *(.rel.bss .rel.bss.* .rel.gnu.linkonce.b.*)
 *(.rela.bss .rela.bss.* .rela.gnu.linkonce.b.*)
 *(.rel.plt)
 *(.rela.plt)
 *(.rel.dyn)
 *(.init)
 *(.plt)
 *(.text .stub .text.* .gnu.linkonce.t.*)
 .text          0x00000168       0x3c BSP//obj/HAL/src/crt0.o
                0x00000168                _start
 .text          0x000001a4      0x9fc obj/default//C/Users/Jashwanth/Desktop/media_HAL.o
                0x000001a4                VGA_box
                0x000001f0                HEX_PS2
                0x000002b0                main
 .text          0x00000ba0       0xa0 c:/altera/12.0sp2/nios2eds/bin/gnu/h-i686-mingw32/bin/../lib/gcc/nios2-elf/4.1.2/../../../../nios2-elf/lib\libc.a(lib_a-memcpy.o)
                0x00000ba0                memcpy
 .text          0x00000c40       0xc4 BSP/\libhal_bsp.a(alt_load.o)
                0x00000c40                alt_load
 .text          0x00000d04       0x50 BSP/\libhal_bsp.a(alt_main.o)
                0x00000d04                alt_main
 .text          0x00000d54      0x1dc BSP/\libhal_bsp.a(alt_printf.o)
                0x00000d54                alt_printf
 .text          0x00000f30       0x28 BSP/\libhal_bsp.a(alt_putchar.o)
                0x00000f30                alt_putchar
 .text          0x00000f58      0x2a0 BSP/\libhal_bsp.a(alt_sys_init.o)
                0x00000f58                alt_irq_init
                0x00000f78                alt_sys_init
 .text          0x000011f8       0x98 BSP/\libhal_bsp.a(altera_avalon_jtag_uart_fd.o)
                0x000011f8                altera_avalon_jtag_uart_ioctl_fd
                0x00001218                altera_avalon_jtag_uart_close_fd
                0x00001240                altera_avalon_jtag_uart_write_fd
                0x00001268                altera_avalon_jtag_uart_read_fd
 .text          0x00001290      0x238 BSP/\libhal_bsp.a(altera_avalon_jtag_uart_init.o)
                0x00001290                altera_avalon_jtag_uart_close
                0x0000131c                altera_avalon_jtag_uart_init
 .text          0x000014c8       0x74 BSP/\libhal_bsp.a(altera_avalon_jtag_uart_ioctl.o)
                0x000014c8                altera_avalon_jtag_uart_ioctl
 .text          0x0000153c      0x168 BSP/\libhal_bsp.a(altera_avalon_jtag_uart_read.o)
                0x0000153c                altera_avalon_jtag_uart_read
 .text          0x000016a4      0x17c BSP/\libhal_bsp.a(altera_avalon_jtag_uart_write.o)
                0x000016a4                altera_avalon_jtag_uart_write
 .text          0x00001820       0x80 BSP/\libhal_bsp.a(altera_avalon_timer_sc.o)
                0x00001820                alt_avalon_timer_sc_init
 .text          0x000018a0       0x20 BSP/\libhal_bsp.a(altera_up_avalon_parallel_port.o)
                0x000018a0                alt_up_parallel_port_open_dev
 .text          0x000018c0      0x388 BSP/\libhal_bsp.a(altera_up_avalon_ps2.o)
                0x000018c0                read_RI_bit
                0x000018cc                read_RE_bit
                0x000018d4                read_CE_bit
                0x000018e0                read_num_bytes_available
                0x000018e8                read_data_valid
                0x000018f4                read_data_byte
                0x000018fc                alt_up_ps2_open_dev
                0x0000191c                alt_up_ps2_clear_fifo
                0x0000194c                alt_up_ps2_read_data_byte
                0x000019a4                alt_up_ps2_read_data_byte_timeout
                0x00001a24                alt_up_ps2_read_fd
                0x00001a4c                alt_up_ps2_wait_for_ack
                0x00001aa8                alt_up_ps2_write_data_byte
                0x00001ae8                alt_up_ps2_write_fd
                0x00001b58                alt_up_ps2_write_data_byte_with_ack
                0x00001b8c                alt_up_ps2_init
                0x00001c14                alt_up_ps2_disable_read_interrupt
                0x00001c30                alt_up_ps2_enable_read_interrupt
 .text          0x00001c48      0x1d4 BSP/\libhal_bsp.a(altera_up_avalon_rs232.o)
                0x00001c48                alt_up_rs232_check_parity
                0x00001c54                alt_up_rs232_open_dev
                0x00001c74                alt_up_rs232_read_data
                0x00001cc0                alt_up_rs232_read_fd
                0x00001d40                alt_up_rs232_get_available_space_in_write_FIFO
                0x00001d50                alt_up_rs232_write_data
                0x00001d68                alt_up_rs232_write_fd
                0x00001dd8                alt_up_rs232_disable_read_interrupt
                0x00001df4                alt_up_rs232_enable_read_interrupt
                0x00001e0c                alt_up_rs232_get_used_space_in_read_FIFO
 .text          0x00001e1c      0x178 BSP/\libhal_bsp.a(altera_up_avalon_video_character_buffer_with_dma.o)
                0x00001e1c                alt_up_char_buffer_string
                0x00001ea4                alt_up_char_buffer_draw
                0x00001efc                alt_up_char_buffer_clear
                0x00001f24                alt_up_char_buffer_open_dev
                0x00001f44                alt_up_char_buffer_init
 .text          0x00001f94      0xa50 BSP/\libhal_bsp.a(altera_up_avalon_video_pixel_buffer_dma.o)
                0x00001f94                helper_plot_pixel
                0x00001ff0                alt_up_pixel_buffer_dma_draw_line
                0x000021dc                alt_up_pixel_buffer_dma_draw_vline
                0x00002370                alt_up_pixel_buffer_dma_draw_hline
                0x000024e4                alt_up_pixel_buffer_dma_draw_rectangle
                0x000025b4                alt_up_pixel_buffer_dma_draw_box
                0x000027f8                alt_up_pixel_buffer_dma_clear_screen
                0x000028ac                alt_up_pixel_buffer_dma_swap_buffers
                0x000028d0                alt_up_pixel_buffer_dma_draw
                0x0000298c                alt_up_pixel_buffer_dma_check_swap_buffers_status
                0x0000299c                alt_up_pixel_buffer_dma_change_back_buffer_address
                0x000029c4                alt_up_pixel_buffer_dma_open_dev
 .text          0x000029e4       0x94 BSP/\libhal_bsp.a(alt_alarm_start.o)
                0x000029e4                alt_alarm_start
 .text          0x00002a78       0xdc BSP/\libhal_bsp.a(alt_close.o)
                0x00002a78                close
 .text          0x00002b54        0x4 BSP/\libhal_bsp.a(alt_dcache_flush_all.o)
                0x00002b54                alt_dcache_flush_all
 .text          0x00002b58        0x8 BSP/\libhal_bsp.a(alt_dev.o)
 .text          0x00002b60       0x70 BSP/\libhal_bsp.a(alt_dev_llist_insert.o)
                0x00002b60                alt_dev_llist_insert
 .text          0x00002bd0        0x0 BSP/\libhal_bsp.a(alt_errno.o)
 .text          0x00002bd0       0x70 BSP/\libhal_bsp.a(alt_find_dev.o)
                0x00002bd0                alt_find_dev
 .text          0x00002c40       0x20 BSP/\libhal_bsp.a(alt_icache_flush_all.o)
                0x00002c40                alt_icache_flush_all
 .text          0x00002c60       0xfc BSP/\libhal_bsp.a(alt_io_redirect.o)
                0x00002cc4                alt_io_redirect
 .text          0x00002d5c       0xbc BSP/\libhal_bsp.a(alt_irq_register.o)
                0x00002d5c                alt_irq_register
 .text          0x00002e18        0x0 BSP/\libhal_bsp.a(alt_irq_vars.o)
 .text          0x00002e18      0x17c BSP/\libhal_bsp.a(alt_open.o)
                0x00002e18                open
 .text          0x00002f94       0x24 BSP/\libhal_bsp.a(alt_release_fd.o)
                0x00002f94                alt_release_fd
 .text          0x00002fb8       0xe0 BSP/\libhal_bsp.a(alt_tick.o)
                0x00002fb8                alt_alarm_stop
                0x00002fec                alt_tick
 .text          0x00003098        0x8 BSP/\libhal_bsp.a(altera_nios2_qsys_irq.o)
                0x00003098                altera_nios2_qsys_irq_init
 .text          0x000030a0       0xbc BSP/\libhal_bsp.a(alt_find_file.o)
                0x000030a0                alt_find_file
 .text          0x0000315c       0x6c BSP/\libhal_bsp.a(alt_get_fd.o)
                0x0000315c                alt_get_fd
 .text          0x000031c8       0x3c BSP/\libhal_bsp.a(alt_icache_flush.o)
                0x000031c8                alt_icache_flush
 .text          0x00003204        0x0 BSP/\libhal_bsp.a(alt_irq_entry.o)
 .text          0x00003204        0x0 BSP/\libhal_bsp.a(alt_irq_handler.o)
 .text          0x00003204        0x0 BSP/\libhal_bsp.a(alt_exception_entry.o)
 .text          0x00003204       0x38 c:/altera/12.0sp2/nios2eds/bin/gnu/h-i686-mingw32/bin/../lib/gcc/nios2-elf/4.1.2/../../../../nios2-elf/lib\libc.a(lib_a-exit.o)
                0x00003204                exit
 .text          0x0000323c        0x0 c:/altera/12.0sp2/nios2eds/bin/gnu/h-i686-mingw32/bin/../lib/gcc/nios2-elf/4.1.2/../../../../nios2-elf/lib\libc.a(lib_a-impure.o)
 .text          0x0000323c        0x0 c:/altera/12.0sp2/nios2eds/bin/gnu/h-i686-mingw32/bin/../lib/gcc/nios2-elf/4.1.2/../../../../nios2-elf/lib\libc.a(lib_a-int_errno.o)
 .text          0x0000323c       0x74 c:/altera/12.0sp2/nios2eds/bin/gnu/h-i686-mingw32/bin/../lib/gcc/nios2-elf/4.1.2/../../../../nios2-elf/lib\libc.a(lib_a-memcmp.o)
                0x0000323c                memcmp
 .text          0x000032b0      0x1ec c:/altera/12.0sp2/nios2eds/bin/gnu/h-i686-mingw32/bin/../lib/gcc/nios2-elf/4.1.2/../../../../nios2-elf/lib\libc.a(lib_a-putc.o)
                0x000032b0                putc
                0x000033b4                _putc_r
 .text          0x0000349c       0xbc c:/altera/12.0sp2/nios2eds/bin/gnu/h-i686-mingw32/bin/../lib/gcc/nios2-elf/4.1.2/../../../../nios2-elf/lib\libc.a(lib_a-strcmp.o)
                0x0000349c                strcmp
 .text          0x00003558       0x74 c:/altera/12.0sp2/nios2eds/bin/gnu/h-i686-mingw32/bin/../lib/gcc/nios2-elf/4.1.2/../../../../nios2-elf/lib\libc.a(lib_a-strlen.o)
                0x00003558                strlen
 .text          0x000035cc      0x14c c:/altera/12.0sp2/nios2eds/bin/gnu/h-i686-mingw32/bin/../lib/gcc/nios2-elf/4.1.2/../../../../nios2-elf/lib\libc.a(lib_a-wbuf.o)
                0x000035cc                __swbuf_r
                0x000036fc                __swbuf
 .text          0x00003718      0x13c c:/altera/12.0sp2/nios2eds/bin/gnu/h-i686-mingw32/bin/../lib/gcc/nios2-elf/4.1.2/../../../../nios2-elf/lib\libc.a(lib_a-wsetup.o)
                0x00003718                __swsetup_r
 .text          0x00003854      0x1b4 c:/altera/12.0sp2/nios2eds/bin/gnu/h-i686-mingw32/bin/../lib/gcc/nios2-elf/4.1.2/../../../../nios2-elf/lib\libc.a(lib_a-__call_atexit.o)
                0x00003858                __call_exitprocs
 .text          0x00003a08      0x230 c:/altera/12.0sp2/nios2eds/bin/gnu/h-i686-mingw32/bin/../lib/gcc/nios2-elf/4.1.2/../../../../nios2-elf/lib\libc.a(lib_a-fflush.o)
                0x00003a08                _fflush_r
                0x00003c04                fflush
 .text          0x00003c38      0x2c0 c:/altera/12.0sp2/nios2eds/bin/gnu/h-i686-mingw32/bin/../lib/gcc/nios2-elf/4.1.2/../../../../nios2-elf/lib\libc.a(lib_a-findfp.o)
                0x00003c90                __sfp_lock_acquire
                0x00003c94                __sfp_lock_release
                0x00003c98                __sinit_lock_acquire
                0x00003c9c                __sinit_lock_release
                0x00003ca0                __sinit
                0x00003d54                __fp_unlock_all
                0x00003d6c                __fp_lock_all
                0x00003d84                _cleanup_r
                0x00003d90                _cleanup
                0x00003da0                __sfmoreglue
                0x00003e08                __sfp
 .text          0x00003ef8      0x440 c:/altera/12.0sp2/nios2eds/bin/gnu/h-i686-mingw32/bin/../lib/gcc/nios2-elf/4.1.2/../../../../nios2-elf/lib\libc.a(lib_a-freer.o)
                0x00003ef8                _malloc_trim_r
                0x00004024                _free_r
 .text          0x00004338      0x180 c:/altera/12.0sp2/nios2eds/bin/gnu/h-i686-mingw32/bin/../lib/gcc/nios2-elf/4.1.2/../../../../nios2-elf/lib\libc.a(lib_a-fwalk.o)
                0x00004338                _fwalk_reent
                0x00004400                _fwalk
 .text          0x000044b8      0x194 c:/altera/12.0sp2/nios2eds/bin/gnu/h-i686-mingw32/bin/../lib/gcc/nios2-elf/4.1.2/../../../../nios2-elf/lib\libc.a(lib_a-makebuf.o)
                0x000044b8                __smakebuf_r
 .text          0x0000464c      0x740 c:/altera/12.0sp2/nios2eds/bin/gnu/h-i686-mingw32/bin/../lib/gcc/nios2-elf/4.1.2/../../../../nios2-elf/lib\libc.a(lib_a-mallocr.o)
                0x0000464c                _malloc_r
 .text          0x00004d8c       0x98 c:/altera/12.0sp2/nios2eds/bin/gnu/h-i686-mingw32/bin/../lib/gcc/nios2-elf/4.1.2/../../../../nios2-elf/lib\libc.a(lib_a-memset.o)
                0x00004d8c                memset
 .text          0x00004e24       0x70 c:/altera/12.0sp2/nios2eds/bin/gnu/h-i686-mingw32/bin/../lib/gcc/nios2-elf/4.1.2/../../../../nios2-elf/lib\libc.a(lib_a-sbrkr.o)
                0x00004e24                _sbrk_r
 .text          0x00004e94      0x14c c:/altera/12.0sp2/nios2eds/bin/gnu/h-i686-mingw32/bin/../lib/gcc/nios2-elf/4.1.2/../../../../nios2-elf/lib\libc.a(lib_a-stdio.o)
                0x00004e94                __sclose
                0x00004e9c                __sseek
                0x00004f04                __swrite
                0x00004f80                __sread
 .text          0x00004fe0       0x78 c:/altera/12.0sp2/nios2eds/bin/gnu/h-i686-mingw32/bin/../lib/gcc/nios2-elf/4.1.2/../../../../nios2-elf/lib\libc.a(lib_a-writer.o)
                0x00004fe0                _write_r
 .text          0x00005058       0x70 c:/altera/12.0sp2/nios2eds/bin/gnu/h-i686-mingw32/bin/../lib/gcc/nios2-elf/4.1.2/../../../../nios2-elf/lib\libc.a(lib_a-closer.o)
                0x00005058                _close_r
 .text          0x000050c8      0x124 c:/altera/12.0sp2/nios2eds/bin/gnu/h-i686-mingw32/bin/../lib/gcc/nios2-elf/4.1.2/../../../../nios2-elf/lib\libc.a(lib_a-fclose.o)
                0x000050c8                _fclose_r
                0x000051d8                fclose
 .text          0x000051ec       0x74 c:/altera/12.0sp2/nios2eds/bin/gnu/h-i686-mingw32/bin/../lib/gcc/nios2-elf/4.1.2/../../../../nios2-elf/lib\libc.a(lib_a-fstatr.o)
                0x000051ec                _fstat_r
 .text          0x00005260       0x70 c:/altera/12.0sp2/nios2eds/bin/gnu/h-i686-mingw32/bin/../lib/gcc/nios2-elf/4.1.2/../../../../nios2-elf/lib\libc.a(lib_a-isattyr.o)
                0x00005260                _isatty_r
 .text          0x000052d0       0x78 c:/altera/12.0sp2/nios2eds/bin/gnu/h-i686-mingw32/bin/../lib/gcc/nios2-elf/4.1.2/../../../../nios2-elf/lib\libc.a(lib_a-lseekr.o)
                0x000052d0                _lseek_r
 .text          0x00005348       0x78 c:/altera/12.0sp2/nios2eds/bin/gnu/h-i686-mingw32/bin/../lib/gcc/nios2-elf/4.1.2/../../../../nios2-elf/lib\libc.a(lib_a-readr.o)
                0x00005348                _read_r
 .text          0x000053c0       0x14 BSP/\libhal_bsp.a(alt_exit.o)
                0x000053c0                _exit
 .text          0x000053d4       0x80 BSP/\libhal_bsp.a(alt_fstat.o)
                0x000053d4                fstat
 .text          0x00005454       0x84 BSP/\libhal_bsp.a(alt_isatty.o)
                0x00005454                isatty
 .text          0x000054d8       0x98 BSP/\libhal_bsp.a(alt_lseek.o)
                0x000054d8                lseek
 .text          0x00005570        0x8 BSP/\libhal_bsp.a(alt_malloc_lock.o)
                0x00005570                __malloc_lock
                0x00005574                __malloc_unlock
 .text          0x00005578       0xf8 BSP/\libhal_bsp.a(alt_read.o)
                0x00005578                read
 .text          0x00005670       0x50 BSP/\libhal_bsp.a(alt_sbrk.o)
                0x00005670                sbrk
 .text          0x000056c0       0xf4 BSP/\libhal_bsp.a(alt_write.o)
                0x000056c0                write
 *(.gnu.warning.*)
 *(.fini)
                0x000057b4                PROVIDE (__etext, ABSOLUTE (.))
                0x000057b4                PROVIDE (_etext, ABSOLUTE (.))
                0x000057b4                PROVIDE (etext, ABSOLUTE (.))
 *(.eh_frame_hdr)
                0x000057b4                . = ALIGN (0x4)
                0x000057b4                PROVIDE (__preinit_array_start, ABSOLUTE (.))
 *(.preinit_array)
                0x000057b4                PROVIDE (__preinit_array_end, ABSOLUTE (.))
                0x000057b4                PROVIDE (__init_array_start, ABSOLUTE (.))
 *(.init_array)
                0x000057b4                PROVIDE (__init_array_end, ABSOLUTE (.))
                0x000057b4                PROVIDE (__fini_array_start, ABSOLUTE (.))
 *(.fini_array)
                0x000057b4                PROVIDE (__fini_array_end, ABSOLUTE (.))
 *(.eh_frame)
 *(.gcc_except_table)
 *(.dynamic)
                0x000057b4                PROVIDE (__CTOR_LIST__, ABSOLUTE (.))
 *(.ctors)
 *(SORT(.ctors.*))
 .ctors.65535   0x000057b4        0x4 c:/altera/12.0sp2/nios2eds/bin/gnu/h-i686-mingw32/bin/../lib/gcc/nios2-elf/4.1.2/../../../../nios2-elf/lib\libc.a(lib_a-__call_atexit.o)
                0x000057b8                PROVIDE (__CTOR_END__, ABSOLUTE (.))
                0x000057b8                PROVIDE (__DTOR_LIST__, ABSOLUTE (.))
 *(.dtors)
 *(SORT(.dtors.*))
                0x000057b8                PROVIDE (__DTOR_END__, ABSOLUTE (.))
 *(.jcr)
                0x000057b8                . = ALIGN (0x4)

.rodata         0x000057b8      0x2d0
                0x000057b8                PROVIDE (__ram_rodata_start, ABSOLUTE (.))
                0x000057b8                . = ALIGN (0x4)
 *(.rodata .rodata.* .gnu.linkonce.r.*)
 .rodata.str1.4
                0x000057b8      0x1de obj/default//C/Users/Jashwanth/Desktop/media_HAL.o
                                0x1e0 (size before relaxing)
 .rodata        0x00005996       0x10 obj/default//C/Users/Jashwanth/Desktop/media_HAL.o
 *fill*         0x000059a6        0x2 00
 .rodata.str1.4
                0x000059a8        0xf BSP/\libhal_bsp.a(alt_main.o)
                                 0x10 (size before relaxing)
 *fill*         0x000059b7        0x1 00
 .rodata.str1.4
                0x000059b8       0xbe BSP/\libhal_bsp.a(alt_sys_init.o)
                                0x11c (size before relaxing)
 .rodata.str1.4
                0x00000000       0xbe BSP/\libhal_bsp.a(altera_up_avalon_video_character_buffer_with_dma.o)
                                 0x1c (size before relaxing)
 *fill*         0x00005a76        0x2 00
 .rodata.str1.4
                0x00005a78        0xa BSP/\libhal_bsp.a(alt_dev.o)
                                  0xc (size before relaxing)
 *fill*         0x00005a82        0x2 00
 .rodata.str1.4
                0x00005a84        0x4 c:/altera/12.0sp2/nios2eds/bin/gnu/h-i686-mingw32/bin/../lib/gcc/nios2-elf/4.1.2/../../../../nios2-elf/lib\libc.a(lib_a-impure.o)
 *(.rodata1)
                0x00005a88                . = ALIGN (0x4)
                0x00005a88                PROVIDE (__ram_rodata_end, ABSOLUTE (.))
                0x000057b8                PROVIDE (__flash_rodata_start, LOADADDR (.rodata))

.rwdata         0x00005a88     0x1cdc load address 0x00007764
                0x00005a88                PROVIDE (__ram_rwdata_start, ABSOLUTE (.))
                0x00005a88                . = ALIGN (0x4)
 *(.got.plt)
 *(.got)
 *(.data1)
 *(.data .data.* .gnu.linkonce.d.*)
 .data          0x00005a88        0x0 BSP//obj/HAL/src/crt0.o
 .data          0x00005a88        0x0 obj/default//C/Users/Jashwanth/Desktop/media_HAL.o
 .data          0x00005a88        0x0 c:/altera/12.0sp2/nios2eds/bin/gnu/h-i686-mingw32/bin/../lib/gcc/nios2-elf/4.1.2/../../../../nios2-elf/lib\libc.a(lib_a-memcpy.o)
 .data          0x00005a88        0x0 BSP/\libhal_bsp.a(alt_load.o)
 .data          0x00005a88        0x0 BSP/\libhal_bsp.a(alt_main.o)
 .data          0x00005a88        0x0 BSP/\libhal_bsp.a(alt_printf.o)
 .data          0x00005a88        0x0 BSP/\libhal_bsp.a(alt_putchar.o)
 .data          0x00005a88     0x12f4 BSP/\libhal_bsp.a(alt_sys_init.o)
 .data          0x00006d7c        0x0 BSP/\libhal_bsp.a(altera_avalon_jtag_uart_fd.o)
 .data          0x00006d7c        0x0 BSP/\libhal_bsp.a(altera_avalon_jtag_uart_init.o)
 .data          0x00006d7c        0x0 BSP/\libhal_bsp.a(altera_avalon_jtag_uart_ioctl.o)
 .data          0x00006d7c        0x0 BSP/\libhal_bsp.a(altera_avalon_jtag_uart_read.o)
 .data          0x00006d7c        0x0 BSP/\libhal_bsp.a(altera_avalon_jtag_uart_write.o)
 .data          0x00006d7c        0x0 BSP/\libhal_bsp.a(altera_avalon_timer_sc.o)
 .data          0x00006d7c        0x0 BSP/\libhal_bsp.a(altera_up_avalon_parallel_port.o)
 .data          0x00006d7c        0x0 BSP/\libhal_bsp.a(altera_up_avalon_ps2.o)
 .data          0x00006d7c        0x0 BSP/\libhal_bsp.a(altera_up_avalon_rs232.o)
 .data          0x00006d7c        0x0 BSP/\libhal_bsp.a(altera_up_avalon_video_character_buffer_with_dma.o)
 .data          0x00006d7c        0x0 BSP/\libhal_bsp.a(altera_up_avalon_video_pixel_buffer_dma.o)
 .data          0x00006d7c        0x0 BSP/\libhal_bsp.a(alt_alarm_start.o)
 .data          0x00006d7c        0x0 BSP/\libhal_bsp.a(alt_close.o)
 .data          0x00006d7c        0x0 BSP/\libhal_bsp.a(alt_dcache_flush_all.o)
 .data          0x00006d7c      0x1a8 BSP/\libhal_bsp.a(alt_dev.o)
                0x00006d7c                alt_dev_null
                0x00006da4                alt_fd_list
 .data          0x00006f24        0x0 BSP/\libhal_bsp.a(alt_dev_llist_insert.o)
 .data          0x00006f24        0x0 BSP/\libhal_bsp.a(alt_errno.o)
 .data          0x00006f24        0x0 BSP/\libhal_bsp.a(alt_find_dev.o)
 .data          0x00006f24        0x0 BSP/\libhal_bsp.a(alt_icache_flush_all.o)
 .data          0x00006f24        0x0 BSP/\libhal_bsp.a(alt_io_redirect.o)
 .data          0x00006f24        0x0 BSP/\libhal_bsp.a(alt_irq_register.o)
 .data          0x00006f24        0x0 BSP/\libhal_bsp.a(alt_irq_vars.o)
 .data          0x00006f24        0x0 BSP/\libhal_bsp.a(alt_open.o)
 .data          0x00006f24        0x0 BSP/\libhal_bsp.a(alt_release_fd.o)
 .data          0x00006f24        0x0 BSP/\libhal_bsp.a(alt_tick.o)
 .data          0x00006f24        0x0 BSP/\libhal_bsp.a(altera_nios2_qsys_irq.o)
 .data          0x00006f24        0x0 BSP/\libhal_bsp.a(alt_find_file.o)
 .data          0x00006f24        0x0 BSP/\libhal_bsp.a(alt_get_fd.o)
 .data          0x00006f24        0x0 BSP/\libhal_bsp.a(alt_icache_flush.o)
 .data          0x00006f24        0x0 BSP/\libhal_bsp.a(alt_irq_entry.o)
 .data          0x00006f24        0x0 BSP/\libhal_bsp.a(alt_irq_handler.o)
 .data          0x00006f24        0x0 BSP/\libhal_bsp.a(alt_exception_entry.o)
 .data          0x00006f24        0x0 c:/altera/12.0sp2/nios2eds/bin/gnu/h-i686-mingw32/bin/../lib/gcc/nios2-elf/4.1.2/../../../../nios2-elf/lib\libc.a(lib_a-exit.o)
 .data          0x00006f24      0x400 c:/altera/12.0sp2/nios2eds/bin/gnu/h-i686-mingw32/bin/../lib/gcc/nios2-elf/4.1.2/../../../../nios2-elf/lib\libc.a(lib_a-impure.o)
 .data          0x00007324        0x0 c:/altera/12.0sp2/nios2eds/bin/gnu/h-i686-mingw32/bin/../lib/gcc/nios2-elf/4.1.2/../../../../nios2-elf/lib\libc.a(lib_a-int_errno.o)
 .data          0x00007324        0x0 c:/altera/12.0sp2/nios2eds/bin/gnu/h-i686-mingw32/bin/../lib/gcc/nios2-elf/4.1.2/../../../../nios2-elf/lib\libc.a(lib_a-memcmp.o)
 .data          0x00007324        0x0 c:/altera/12.0sp2/nios2eds/bin/gnu/h-i686-mingw32/bin/../lib/gcc/nios2-elf/4.1.2/../../../../nios2-elf/lib\libc.a(lib_a-putc.o)
 .data          0x00007324        0x0 c:/altera/12.0sp2/nios2eds/bin/gnu/h-i686-mingw32/bin/../lib/gcc/nios2-elf/4.1.2/../../../../nios2-elf/lib\libc.a(lib_a-strcmp.o)
 .data          0x00007324        0x0 c:/altera/12.0sp2/nios2eds/bin/gnu/h-i686-mingw32/bin/../lib/gcc/nios2-elf/4.1.2/../../../../nios2-elf/lib\libc.a(lib_a-strlen.o)
 .data          0x00007324        0x0 c:/altera/12.0sp2/nios2eds/bin/gnu/h-i686-mingw32/bin/../lib/gcc/nios2-elf/4.1.2/../../../../nios2-elf/lib\libc.a(lib_a-wbuf.o)
 .data          0x00007324        0x0 c:/altera/12.0sp2/nios2eds/bin/gnu/h-i686-mingw32/bin/../lib/gcc/nios2-elf/4.1.2/../../../../nios2-elf/lib\libc.a(lib_a-wsetup.o)
 .data          0x00007324        0x0 c:/altera/12.0sp2/nios2eds/bin/gnu/h-i686-mingw32/bin/../lib/gcc/nios2-elf/4.1.2/../../../../nios2-elf/lib\libc.a(lib_a-__call_atexit.o)
 .data          0x00007324        0x0 c:/altera/12.0sp2/nios2eds/bin/gnu/h-i686-mingw32/bin/../lib/gcc/nios2-elf/4.1.2/../../../../nios2-elf/lib\libc.a(lib_a-fflush.o)
 .data          0x00007324        0x0 c:/altera/12.0sp2/nios2eds/bin/gnu/h-i686-mingw32/bin/../lib/gcc/nios2-elf/4.1.2/../../../../nios2-elf/lib\libc.a(lib_a-findfp.o)
 .data          0x00007324        0x0 c:/altera/12.0sp2/nios2eds/bin/gnu/h-i686-mingw32/bin/../lib/gcc/nios2-elf/4.1.2/../../../../nios2-elf/lib\libc.a(lib_a-freer.o)
 .data          0x00007324        0x0 c:/altera/12.0sp2/nios2eds/bin/gnu/h-i686-mingw32/bin/../lib/gcc/nios2-elf/4.1.2/../../../../nios2-elf/lib\libc.a(lib_a-fwalk.o)
 .data          0x00007324        0x0 c:/altera/12.0sp2/nios2eds/bin/gnu/h-i686-mingw32/bin/../lib/gcc/nios2-elf/4.1.2/../../../../nios2-elf/lib\libc.a(lib_a-makebuf.o)
 .data          0x00007324      0x408 c:/altera/12.0sp2/nios2eds/bin/gnu/h-i686-mingw32/bin/../lib/gcc/nios2-elf/4.1.2/../../../../nios2-elf/lib\libc.a(lib_a-mallocr.o)
                0x00007324                __malloc_av_
 .data          0x0000772c        0x0 c:/altera/12.0sp2/nios2eds/bin/gnu/h-i686-mingw32/bin/../lib/gcc/nios2-elf/4.1.2/../../../../nios2-elf/lib\libc.a(lib_a-memset.o)
 .data          0x0000772c        0x0 c:/altera/12.0sp2/nios2eds/bin/gnu/h-i686-mingw32/bin/../lib/gcc/nios2-elf/4.1.2/../../../../nios2-elf/lib\libc.a(lib_a-sbrkr.o)
 .data          0x0000772c        0x0 c:/altera/12.0sp2/nios2eds/bin/gnu/h-i686-mingw32/bin/../lib/gcc/nios2-elf/4.1.2/../../../../nios2-elf/lib\libc.a(lib_a-stdio.o)
 .data          0x0000772c        0x0 c:/altera/12.0sp2/nios2eds/bin/gnu/h-i686-mingw32/bin/../lib/gcc/nios2-elf/4.1.2/../../../../nios2-elf/lib\libc.a(lib_a-writer.o)
 .data          0x0000772c        0x0 c:/altera/12.0sp2/nios2eds/bin/gnu/h-i686-mingw32/bin/../lib/gcc/nios2-elf/4.1.2/../../../../nios2-elf/lib\libc.a(lib_a-closer.o)
 .data          0x0000772c        0x0 c:/altera/12.0sp2/nios2eds/bin/gnu/h-i686-mingw32/bin/../lib/gcc/nios2-elf/4.1.2/../../../../nios2-elf/lib\libc.a(lib_a-fclose.o)
 .data          0x0000772c        0x0 c:/altera/12.0sp2/nios2eds/bin/gnu/h-i686-mingw32/bin/../lib/gcc/nios2-elf/4.1.2/../../../../nios2-elf/lib\libc.a(lib_a-fstatr.o)
 .data          0x0000772c        0x0 c:/altera/12.0sp2/nios2eds/bin/gnu/h-i686-mingw32/bin/../lib/gcc/nios2-elf/4.1.2/../../../../nios2-elf/lib\libc.a(lib_a-isattyr.o)
 .data          0x0000772c        0x0 c:/altera/12.0sp2/nios2eds/bin/gnu/h-i686-mingw32/bin/../lib/gcc/nios2-elf/4.1.2/../../../../nios2-elf/lib\libc.a(lib_a-lseekr.o)
 .data          0x0000772c        0x0 c:/altera/12.0sp2/nios2eds/bin/gnu/h-i686-mingw32/bin/../lib/gcc/nios2-elf/4.1.2/../../../../nios2-elf/lib\libc.a(lib_a-readr.o)
 .data          0x0000772c        0x0 BSP/\libhal_bsp.a(alt_exit.o)
 .data          0x0000772c        0x0 BSP/\libhal_bsp.a(alt_fstat.o)
 .data          0x0000772c        0x0 BSP/\libhal_bsp.a(alt_isatty.o)
 .data          0x0000772c        0x0 BSP/\libhal_bsp.a(alt_lseek.o)
 .data          0x0000772c        0x0 BSP/\libhal_bsp.a(alt_malloc_lock.o)
 .data          0x0000772c        0x0 BSP/\libhal_bsp.a(alt_read.o)
 .data          0x0000772c        0x0 BSP/\libhal_bsp.a(alt_sbrk.o)
 .data          0x0000772c        0x0 BSP/\libhal_bsp.a(alt_write.o)
                0x0000f72c                _gp = ABSOLUTE ((. + 0x8000))
                0x0000f72c                PROVIDE (gp, _gp)
 *(.rwdata .rwdata.*)
 *(.sdata .sdata.* .gnu.linkonce.s.*)
 .sdata         0x0000772c       0x14 BSP/\libhal_bsp.a(alt_dev.o)
                0x0000772c                alt_fs_list
                0x00007734                alt_dev_list
                0x0000773c                alt_max_fd
 .sdata         0x00007740        0x4 BSP/\libhal_bsp.a(alt_errno.o)
                0x00007740                alt_errno
 .sdata         0x00007744        0x4 BSP/\libhal_bsp.a(alt_irq_vars.o)
                0x00007744                alt_priority_mask
 .sdata         0x00007748        0x8 BSP/\libhal_bsp.a(alt_tick.o)
                0x00007748                alt_alarm_list
 .sdata         0x00007750        0x8 c:/altera/12.0sp2/nios2eds/bin/gnu/h-i686-mingw32/bin/../lib/gcc/nios2-elf/4.1.2/../../../../nios2-elf/lib\libc.a(lib_a-impure.o)
                0x00007750                _impure_ptr
                0x00007754                _global_impure_ptr
 .sdata         0x00007758        0x8 c:/altera/12.0sp2/nios2eds/bin/gnu/h-i686-mingw32/bin/../lib/gcc/nios2-elf/4.1.2/../../../../nios2-elf/lib\libc.a(lib_a-mallocr.o)
                0x00007758                __malloc_trim_threshold
                0x0000775c                __malloc_sbrk_base
 .sdata         0x00007760        0x4 BSP/\libhal_bsp.a(alt_sbrk.o)
 *(.sdata2 .sdata2.* .gnu.linkonce.s2.*)
                0x00007764                . = ALIGN (0x4)
                0x00007764                _edata = ABSOLUTE (.)
                0x00007764                PROVIDE (edata, ABSOLUTE (.))
                0x00007764                PROVIDE (__ram_rwdata_end, ABSOLUTE (.))
                0x00007764                PROVIDE (__flash_rwdata_start, LOADADDR (.rwdata))

.bss            0x00009440      0x150
                0x00009440                __bss_start = ABSOLUTE (.)
                0x00009440                PROVIDE (__sbss_start, ABSOLUTE (.))
                0x00009440                PROVIDE (___sbss_start, ABSOLUTE (.))
 *(.dynsbss)
 *(.sbss .sbss.* .gnu.linkonce.sb.*)
 .sbss          0x00009440        0xc BSP/\libhal_bsp.a(alt_main.o)
                0x00009440                alt_argc
                0x00009444                alt_argv
                0x00009448                alt_envp
 .sbss          0x0000944c        0x4 BSP/\libhal_bsp.a(alt_irq_vars.o)
                0x0000944c                alt_irq_active
 .sbss          0x00009450        0x8 BSP/\libhal_bsp.a(alt_tick.o)
                0x00009450                _alt_tick_rate
                0x00009454                _alt_nticks
 .sbss          0x00009458        0x4 c:/altera/12.0sp2/nios2eds/bin/gnu/h-i686-mingw32/bin/../lib/gcc/nios2-elf/4.1.2/../../../../nios2-elf/lib\libc.a(lib_a-int_errno.o)
                0x00009458                errno
 .sbss          0x0000945c        0xc c:/altera/12.0sp2/nios2eds/bin/gnu/h-i686-mingw32/bin/../lib/gcc/nios2-elf/4.1.2/../../../../nios2-elf/lib\libc.a(lib_a-mallocr.o)
                0x0000945c                __malloc_top_pad
                0x00009460                __malloc_max_sbrked_mem
                0x00009464                __malloc_max_total_mem
 *(.sbss2 .sbss2.* .gnu.linkonce.sb2.*)
 *(.scommon)
                0x00009468                PROVIDE (__sbss_end, ABSOLUTE (.))
                0x00009468                PROVIDE (___sbss_end, ABSOLUTE (.))
 *(.dynbss)
 *(.bss .bss.* .gnu.linkonce.b.*)
 .bss           0x00009468        0x0 BSP//obj/HAL/src/crt0.o
 .bss           0x00009468        0x0 obj/default//C/Users/Jashwanth/Desktop/media_HAL.o
 .bss           0x00009468        0x0 c:/altera/12.0sp2/nios2eds/bin/gnu/h-i686-mingw32/bin/../lib/gcc/nios2-elf/4.1.2/../../../../nios2-elf/lib\libc.a(lib_a-memcpy.o)
 .bss           0x00009468        0x0 BSP/\libhal_bsp.a(alt_load.o)
 .bss           0x00009468        0x0 BSP/\libhal_bsp.a(alt_main.o)
 .bss           0x00009468        0x0 BSP/\libhal_bsp.a(alt_printf.o)
 .bss           0x00009468        0x0 BSP/\libhal_bsp.a(alt_putchar.o)
 .bss           0x00009468        0x0 BSP/\libhal_bsp.a(alt_sys_init.o)
 .bss           0x00009468        0x0 BSP/\libhal_bsp.a(altera_avalon_jtag_uart_fd.o)
 .bss           0x00009468        0x0 BSP/\libhal_bsp.a(altera_avalon_jtag_uart_init.o)
 .bss           0x00009468        0x0 BSP/\libhal_bsp.a(altera_avalon_jtag_uart_ioctl.o)
 .bss           0x00009468        0x0 BSP/\libhal_bsp.a(altera_avalon_jtag_uart_read.o)
 .bss           0x00009468        0x0 BSP/\libhal_bsp.a(altera_avalon_jtag_uart_write.o)
 .bss           0x00009468        0x0 BSP/\libhal_bsp.a(altera_avalon_timer_sc.o)
 .bss           0x00009468        0x0 BSP/\libhal_bsp.a(altera_up_avalon_parallel_port.o)
 .bss           0x00009468        0x0 BSP/\libhal_bsp.a(altera_up_avalon_ps2.o)
 .bss           0x00009468        0x0 BSP/\libhal_bsp.a(altera_up_avalon_rs232.o)
 .bss           0x00009468        0x0 BSP/\libhal_bsp.a(altera_up_avalon_video_character_buffer_with_dma.o)
 .bss           0x00009468        0x0 BSP/\libhal_bsp.a(altera_up_avalon_video_pixel_buffer_dma.o)
 .bss           0x00009468        0x0 BSP/\libhal_bsp.a(alt_alarm_start.o)
 .bss           0x00009468        0x0 BSP/\libhal_bsp.a(alt_close.o)
 .bss           0x00009468        0x0 BSP/\libhal_bsp.a(alt_dcache_flush_all.o)
 .bss           0x00009468        0x0 BSP/\libhal_bsp.a(alt_dev.o)
 .bss           0x00009468        0x0 BSP/\libhal_bsp.a(alt_dev_llist_insert.o)
 .bss           0x00009468        0x0 BSP/\libhal_bsp.a(alt_errno.o)
 .bss           0x00009468        0x0 BSP/\libhal_bsp.a(alt_find_dev.o)
 .bss           0x00009468        0x0 BSP/\libhal_bsp.a(alt_icache_flush_all.o)
 .bss           0x00009468        0x0 BSP/\libhal_bsp.a(alt_io_redirect.o)
 .bss           0x00009468        0x0 BSP/\libhal_bsp.a(alt_irq_register.o)
 .bss           0x00009468        0x0 BSP/\libhal_bsp.a(alt_irq_vars.o)
 .bss           0x00009468        0x0 BSP/\libhal_bsp.a(alt_open.o)
 .bss           0x00009468        0x0 BSP/\libhal_bsp.a(alt_release_fd.o)
 .bss           0x00009468        0x0 BSP/\libhal_bsp.a(alt_tick.o)
 .bss           0x00009468        0x0 BSP/\libhal_bsp.a(altera_nios2_qsys_irq.o)
 .bss           0x00009468        0x0 BSP/\libhal_bsp.a(alt_find_file.o)
 .bss           0x00009468        0x0 BSP/\libhal_bsp.a(alt_get_fd.o)
 .bss           0x00009468        0x0 BSP/\libhal_bsp.a(alt_icache_flush.o)
 .bss           0x00009468        0x0 BSP/\libhal_bsp.a(alt_irq_entry.o)
 .bss           0x00009468        0x0 BSP/\libhal_bsp.a(alt_irq_handler.o)
 .bss           0x00009468        0x0 BSP/\libhal_bsp.a(alt_exception_entry.o)
 .bss           0x00009468        0x0 c:/altera/12.0sp2/nios2eds/bin/gnu/h-i686-mingw32/bin/../lib/gcc/nios2-elf/4.1.2/../../../../nios2-elf/lib\libc.a(lib_a-exit.o)
 .bss           0x00009468        0x0 c:/altera/12.0sp2/nios2eds/bin/gnu/h-i686-mingw32/bin/../lib/gcc/nios2-elf/4.1.2/../../../../nios2-elf/lib\libc.a(lib_a-impure.o)
 .bss           0x00009468        0x0 c:/altera/12.0sp2/nios2eds/bin/gnu/h-i686-mingw32/bin/../lib/gcc/nios2-elf/4.1.2/../../../../nios2-elf/lib\libc.a(lib_a-int_errno.o)
 .bss           0x00009468        0x0 c:/altera/12.0sp2/nios2eds/bin/gnu/h-i686-mingw32/bin/../lib/gcc/nios2-elf/4.1.2/../../../../nios2-elf/lib\libc.a(lib_a-memcmp.o)
 .bss           0x00009468        0x0 c:/altera/12.0sp2/nios2eds/bin/gnu/h-i686-mingw32/bin/../lib/gcc/nios2-elf/4.1.2/../../../../nios2-elf/lib\libc.a(lib_a-putc.o)
 .bss           0x00009468        0x0 c:/altera/12.0sp2/nios2eds/bin/gnu/h-i686-mingw32/bin/../lib/gcc/nios2-elf/4.1.2/../../../../nios2-elf/lib\libc.a(lib_a-strcmp.o)
 .bss           0x00009468        0x0 c:/altera/12.0sp2/nios2eds/bin/gnu/h-i686-mingw32/bin/../lib/gcc/nios2-elf/4.1.2/../../../../nios2-elf/lib\libc.a(lib_a-strlen.o)
 .bss           0x00009468        0x0 c:/altera/12.0sp2/nios2eds/bin/gnu/h-i686-mingw32/bin/../lib/gcc/nios2-elf/4.1.2/../../../../nios2-elf/lib\libc.a(lib_a-wbuf.o)
 .bss           0x00009468        0x0 c:/altera/12.0sp2/nios2eds/bin/gnu/h-i686-mingw32/bin/../lib/gcc/nios2-elf/4.1.2/../../../../nios2-elf/lib\libc.a(lib_a-wsetup.o)
 .bss           0x00009468        0x0 c:/altera/12.0sp2/nios2eds/bin/gnu/h-i686-mingw32/bin/../lib/gcc/nios2-elf/4.1.2/../../../../nios2-elf/lib\libc.a(lib_a-__call_atexit.o)
 .bss           0x00009468        0x0 c:/altera/12.0sp2/nios2eds/bin/gnu/h-i686-mingw32/bin/../lib/gcc/nios2-elf/4.1.2/../../../../nios2-elf/lib\libc.a(lib_a-fflush.o)
 .bss           0x00009468        0x0 c:/altera/12.0sp2/nios2eds/bin/gnu/h-i686-mingw32/bin/../lib/gcc/nios2-elf/4.1.2/../../../../nios2-elf/lib\libc.a(lib_a-findfp.o)
 .bss           0x00009468        0x0 c:/altera/12.0sp2/nios2eds/bin/gnu/h-i686-mingw32/bin/../lib/gcc/nios2-elf/4.1.2/../../../../nios2-elf/lib\libc.a(lib_a-freer.o)
 .bss           0x00009468        0x0 c:/altera/12.0sp2/nios2eds/bin/gnu/h-i686-mingw32/bin/../lib/gcc/nios2-elf/4.1.2/../../../../nios2-elf/lib\libc.a(lib_a-fwalk.o)
 .bss           0x00009468        0x0 c:/altera/12.0sp2/nios2eds/bin/gnu/h-i686-mingw32/bin/../lib/gcc/nios2-elf/4.1.2/../../../../nios2-elf/lib\libc.a(lib_a-makebuf.o)
 .bss           0x00009468       0x28 c:/altera/12.0sp2/nios2eds/bin/gnu/h-i686-mingw32/bin/../lib/gcc/nios2-elf/4.1.2/../../../../nios2-elf/lib\libc.a(lib_a-mallocr.o)
                0x00009468                __malloc_current_mallinfo
 .bss           0x00009490        0x0 c:/altera/12.0sp2/nios2eds/bin/gnu/h-i686-mingw32/bin/../lib/gcc/nios2-elf/4.1.2/../../../../nios2-elf/lib\libc.a(lib_a-memset.o)
 .bss           0x00009490        0x0 c:/altera/12.0sp2/nios2eds/bin/gnu/h-i686-mingw32/bin/../lib/gcc/nios2-elf/4.1.2/../../../../nios2-elf/lib\libc.a(lib_a-sbrkr.o)
 .bss           0x00009490        0x0 c:/altera/12.0sp2/nios2eds/bin/gnu/h-i686-mingw32/bin/../lib/gcc/nios2-elf/4.1.2/../../../../nios2-elf/lib\libc.a(lib_a-stdio.o)
 .bss           0x00009490        0x0 c:/altera/12.0sp2/nios2eds/bin/gnu/h-i686-mingw32/bin/../lib/gcc/nios2-elf/4.1.2/../../../../nios2-elf/lib\libc.a(lib_a-writer.o)
 .bss           0x00009490        0x0 c:/altera/12.0sp2/nios2eds/bin/gnu/h-i686-mingw32/bin/../lib/gcc/nios2-elf/4.1.2/../../../../nios2-elf/lib\libc.a(lib_a-closer.o)
 .bss           0x00009490        0x0 c:/altera/12.0sp2/nios2eds/bin/gnu/h-i686-mingw32/bin/../lib/gcc/nios2-elf/4.1.2/../../../../nios2-elf/lib\libc.a(lib_a-fclose.o)
 .bss           0x00009490        0x0 c:/altera/12.0sp2/nios2eds/bin/gnu/h-i686-mingw32/bin/../lib/gcc/nios2-elf/4.1.2/../../../../nios2-elf/lib\libc.a(lib_a-fstatr.o)
 .bss           0x00009490        0x0 c:/altera/12.0sp2/nios2eds/bin/gnu/h-i686-mingw32/bin/../lib/gcc/nios2-elf/4.1.2/../../../../nios2-elf/lib\libc.a(lib_a-isattyr.o)
 .bss           0x00009490        0x0 c:/altera/12.0sp2/nios2eds/bin/gnu/h-i686-mingw32/bin/../lib/gcc/nios2-elf/4.1.2/../../../../nios2-elf/lib\libc.a(lib_a-lseekr.o)
 .bss           0x00009490        0x0 c:/altera/12.0sp2/nios2eds/bin/gnu/h-i686-mingw32/bin/../lib/gcc/nios2-elf/4.1.2/../../../../nios2-elf/lib\libc.a(lib_a-readr.o)
 .bss           0x00009490        0x0 BSP/\libhal_bsp.a(alt_exit.o)
 .bss           0x00009490        0x0 BSP/\libhal_bsp.a(alt_fstat.o)
 .bss           0x00009490        0x0 BSP/\libhal_bsp.a(alt_isatty.o)
 .bss           0x00009490        0x0 BSP/\libhal_bsp.a(alt_lseek.o)
 .bss           0x00009490        0x0 BSP/\libhal_bsp.a(alt_malloc_lock.o)
 .bss           0x00009490        0x0 BSP/\libhal_bsp.a(alt_read.o)
 .bss           0x00009490        0x0 BSP/\libhal_bsp.a(alt_sbrk.o)
 .bss           0x00009490        0x0 BSP/\libhal_bsp.a(alt_write.o)
 *(COMMON)
 COMMON         0x00009490      0x100 BSP/\libhal_bsp.a(alt_irq_handler.o)
                0x00009490                alt_irq
                0x00009590                . = ALIGN (0x4)
                0x00009590                __bss_end = ABSOLUTE (.)

.SDRAM          0x00009590        0x0
                0x00009590                PROVIDE (_alt_partition_SDRAM_start, ABSOLUTE (.))
 *(.SDRAM. SDRAM.*)
                0x00009590                . = ALIGN (0x4)
                0x00009590                PROVIDE (_alt_partition_SDRAM_end, ABSOLUTE (.))
                0x00009590                _end = ABSOLUTE (.)
                0x00009590                end = ABSOLUTE (.)
                0x00009590                __alt_stack_base = ABSOLUTE (.)
                0x00009590                PROVIDE (_alt_partition_SDRAM_load_addr, LOADADDR (.SDRAM))

.stab
 *(.stab)

.stabstr
 *(.stabstr)

.stab.excl
 *(.stab.excl)

.stab.exclstr
 *(.stab.exclstr)

.stab.index
 *(.stab.index)

.stab.indexstr
 *(.stab.indexstr)

.comment        0x00000000       0x26
 *(.comment)
 .comment       0x00000000       0x26 obj/default//C/Users/Jashwanth/Desktop/media_HAL.o
                                 0x27 (size before relaxing)
 .comment       0x00000000       0x27 c:/altera/12.0sp2/nios2eds/bin/gnu/h-i686-mingw32/bin/../lib/gcc/nios2-elf/4.1.2/../../../../nios2-elf/lib\libc.a(lib_a-memcpy.o)
 .comment       0x00000000       0x27 BSP/\libhal_bsp.a(alt_load.o)
 .comment       0x00000000       0x27 BSP/\libhal_bsp.a(alt_main.o)
 .comment       0x00000000       0x27 BSP/\libhal_bsp.a(alt_printf.o)
 .comment       0x00000000       0x27 BSP/\libhal_bsp.a(alt_putchar.o)
 .comment       0x00000000       0x27 BSP/\libhal_bsp.a(alt_sys_init.o)
 .comment       0x00000000       0x27 BSP/\libhal_bsp.a(altera_avalon_jtag_uart_fd.o)
 .comment       0x00000000       0x27 BSP/\libhal_bsp.a(altera_avalon_jtag_uart_init.o)
 .comment       0x00000000       0x27 BSP/\libhal_bsp.a(altera_avalon_jtag_uart_ioctl.o)
 .comment       0x00000000       0x27 BSP/\libhal_bsp.a(altera_avalon_jtag_uart_read.o)
 .comment       0x00000000       0x27 BSP/\libhal_bsp.a(altera_avalon_jtag_uart_write.o)
 .comment       0x00000000       0x27 BSP/\libhal_bsp.a(altera_avalon_timer_sc.o)
 .comment       0x00000000       0x27 BSP/\libhal_bsp.a(altera_up_avalon_parallel_port.o)
 .comment       0x00000000       0x27 BSP/\libhal_bsp.a(altera_up_avalon_ps2.o)
 .comment       0x00000000       0x27 BSP/\libhal_bsp.a(altera_up_avalon_rs232.o)
 .comment       0x00000000       0x27 BSP/\libhal_bsp.a(altera_up_avalon_video_character_buffer_with_dma.o)
 .comment       0x00000000       0x27 BSP/\libhal_bsp.a(altera_up_avalon_video_pixel_buffer_dma.o)
 .comment       0x00000000       0x27 BSP/\libhal_bsp.a(alt_alarm_start.o)
 .comment       0x00000000       0x27 BSP/\libhal_bsp.a(alt_close.o)
 .comment       0x00000000       0x27 BSP/\libhal_bsp.a(alt_dcache_flush_all.o)
 .comment       0x00000000       0x27 BSP/\libhal_bsp.a(alt_dev.o)
 .comment       0x00000000       0x27 BSP/\libhal_bsp.a(alt_dev_llist_insert.o)
 .comment       0x00000000       0x27 BSP/\libhal_bsp.a(alt_errno.o)
 .comment       0x00000000       0x27 BSP/\libhal_bsp.a(alt_find_dev.o)
 .comment       0x00000000       0x27 BSP/\libhal_bsp.a(alt_icache_flush_all.o)
 .comment       0x00000000       0x27 BSP/\libhal_bsp.a(alt_io_redirect.o)
 .comment       0x00000000       0x27 BSP/\libhal_bsp.a(alt_irq_register.o)
 .comment       0x00000000       0x27 BSP/\libhal_bsp.a(alt_irq_vars.o)
 .comment       0x00000000       0x27 BSP/\libhal_bsp.a(alt_open.o)
 .comment       0x00000000       0x27 BSP/\libhal_bsp.a(alt_release_fd.o)
 .comment       0x00000000       0x27 BSP/\libhal_bsp.a(alt_tick.o)
 .comment       0x00000000       0x27 BSP/\libhal_bsp.a(altera_nios2_qsys_irq.o)
 .comment       0x00000000       0x27 BSP/\libhal_bsp.a(alt_find_file.o)
 .comment       0x00000000       0x27 BSP/\libhal_bsp.a(alt_get_fd.o)
 .comment       0x00000000       0x27 BSP/\libhal_bsp.a(alt_icache_flush.o)
 .comment       0x00000000       0x27 BSP/\libhal_bsp.a(alt_irq_handler.o)
 .comment       0x00000000       0x27 c:/altera/12.0sp2/nios2eds/bin/gnu/h-i686-mingw32/bin/../lib/gcc/nios2-elf/4.1.2/../../../../nios2-elf/lib\libc.a(lib_a-exit.o)
 .comment       0x00000000       0x27 c:/altera/12.0sp2/nios2eds/bin/gnu/h-i686-mingw32/bin/../lib/gcc/nios2-elf/4.1.2/../../../../nios2-elf/lib\libc.a(lib_a-impure.o)
 .comment       0x00000000       0x27 c:/altera/12.0sp2/nios2eds/bin/gnu/h-i686-mingw32/bin/../lib/gcc/nios2-elf/4.1.2/../../../../nios2-elf/lib\libc.a(lib_a-int_errno.o)
 .comment       0x00000000       0x27 c:/altera/12.0sp2/nios2eds/bin/gnu/h-i686-mingw32/bin/../lib/gcc/nios2-elf/4.1.2/../../../../nios2-elf/lib\libc.a(lib_a-memcmp.o)
 .comment       0x00000000       0x27 c:/altera/12.0sp2/nios2eds/bin/gnu/h-i686-mingw32/bin/../lib/gcc/nios2-elf/4.1.2/../../../../nios2-elf/lib\libc.a(lib_a-putc.o)
 .comment       0x00000000       0x27 c:/altera/12.0sp2/nios2eds/bin/gnu/h-i686-mingw32/bin/../lib/gcc/nios2-elf/4.1.2/../../../../nios2-elf/lib\libc.a(lib_a-strcmp.o)
 .comment       0x00000000       0x27 c:/altera/12.0sp2/nios2eds/bin/gnu/h-i686-mingw32/bin/../lib/gcc/nios2-elf/4.1.2/../../../../nios2-elf/lib\libc.a(lib_a-strlen.o)
 .comment       0x00000000       0x27 c:/altera/12.0sp2/nios2eds/bin/gnu/h-i686-mingw32/bin/../lib/gcc/nios2-elf/4.1.2/../../../../nios2-elf/lib\libc.a(lib_a-wbuf.o)
 .comment       0x00000000       0x27 c:/altera/12.0sp2/nios2eds/bin/gnu/h-i686-mingw32/bin/../lib/gcc/nios2-elf/4.1.2/../../../../nios2-elf/lib\libc.a(lib_a-wsetup.o)
 .comment       0x00000000       0x27 c:/altera/12.0sp2/nios2eds/bin/gnu/h-i686-mingw32/bin/../lib/gcc/nios2-elf/4.1.2/../../../../nios2-elf/lib\libc.a(lib_a-__call_atexit.o)
 .comment       0x00000000       0x27 c:/altera/12.0sp2/nios2eds/bin/gnu/h-i686-mingw32/bin/../lib/gcc/nios2-elf/4.1.2/../../../../nios2-elf/lib\libc.a(lib_a-fflush.o)
 .comment       0x00000000       0x27 c:/altera/12.0sp2/nios2eds/bin/gnu/h-i686-mingw32/bin/../lib/gcc/nios2-elf/4.1.2/../../../../nios2-elf/lib\libc.a(lib_a-findfp.o)
 .comment       0x00000000       0x27 c:/altera/12.0sp2/nios2eds/bin/gnu/h-i686-mingw32/bin/../lib/gcc/nios2-elf/4.1.2/../../../../nios2-elf/lib\libc.a(lib_a-freer.o)
 .comment       0x00000000       0x27 c:/altera/12.0sp2/nios2eds/bin/gnu/h-i686-mingw32/bin/../lib/gcc/nios2-elf/4.1.2/../../../../nios2-elf/lib\libc.a(lib_a-fwalk.o)
 .comment       0x00000000       0x27 c:/altera/12.0sp2/nios2eds/bin/gnu/h-i686-mingw32/bin/../lib/gcc/nios2-elf/4.1.2/../../../../nios2-elf/lib\libc.a(lib_a-makebuf.o)
 .comment       0x00000000       0x27 c:/altera/12.0sp2/nios2eds/bin/gnu/h-i686-mingw32/bin/../lib/gcc/nios2-elf/4.1.2/../../../../nios2-elf/lib\libc.a(lib_a-mallocr.o)
 .comment       0x00000000       0x27 c:/altera/12.0sp2/nios2eds/bin/gnu/h-i686-mingw32/bin/../lib/gcc/nios2-elf/4.1.2/../../../../nios2-elf/lib\libc.a(lib_a-memset.o)
 .comment       0x00000000       0x27 c:/altera/12.0sp2/nios2eds/bin/gnu/h-i686-mingw32/bin/../lib/gcc/nios2-elf/4.1.2/../../../../nios2-elf/lib\libc.a(lib_a-sbrkr.o)
 .comment       0x00000000       0x27 c:/altera/12.0sp2/nios2eds/bin/gnu/h-i686-mingw32/bin/../lib/gcc/nios2-elf/4.1.2/../../../../nios2-elf/lib\libc.a(lib_a-stdio.o)
 .comment       0x00000000       0x27 c:/altera/12.0sp2/nios2eds/bin/gnu/h-i686-mingw32/bin/../lib/gcc/nios2-elf/4.1.2/../../../../nios2-elf/lib\libc.a(lib_a-writer.o)
 .comment       0x00000000       0x27 c:/altera/12.0sp2/nios2eds/bin/gnu/h-i686-mingw32/bin/../lib/gcc/nios2-elf/4.1.2/../../../../nios2-elf/lib\libc.a(lib_a-closer.o)
 .comment       0x00000000       0x27 c:/altera/12.0sp2/nios2eds/bin/gnu/h-i686-mingw32/bin/../lib/gcc/nios2-elf/4.1.2/../../../../nios2-elf/lib\libc.a(lib_a-fclose.o)
 .comment       0x00000000       0x27 c:/altera/12.0sp2/nios2eds/bin/gnu/h-i686-mingw32/bin/../lib/gcc/nios2-elf/4.1.2/../../../../nios2-elf/lib\libc.a(lib_a-fstatr.o)
 .comment       0x00000000       0x27 c:/altera/12.0sp2/nios2eds/bin/gnu/h-i686-mingw32/bin/../lib/gcc/nios2-elf/4.1.2/../../../../nios2-elf/lib\libc.a(lib_a-isattyr.o)
 .comment       0x00000000       0x27 c:/altera/12.0sp2/nios2eds/bin/gnu/h-i686-mingw32/bin/../lib/gcc/nios2-elf/4.1.2/../../../../nios2-elf/lib\libc.a(lib_a-lseekr.o)
 .comment       0x00000000       0x27 c:/altera/12.0sp2/nios2eds/bin/gnu/h-i686-mingw32/bin/../lib/gcc/nios2-elf/4.1.2/../../../../nios2-elf/lib\libc.a(lib_a-readr.o)
 .comment       0x00000000       0x27 BSP/\libhal_bsp.a(alt_exit.o)
 .comment       0x00000000       0x27 BSP/\libhal_bsp.a(alt_fstat.o)
 .comment       0x00000000       0x27 BSP/\libhal_bsp.a(alt_isatty.o)
 .comment       0x00000000       0x27 BSP/\libhal_bsp.a(alt_lseek.o)
 .comment       0x00000000       0x27 BSP/\libhal_bsp.a(alt_malloc_lock.o)
 .comment       0x00000000       0x27 BSP/\libhal_bsp.a(alt_read.o)
 .comment       0x00000000       0x27 BSP/\libhal_bsp.a(alt_sbrk.o)
 .comment       0x00000000       0x27 BSP/\libhal_bsp.a(alt_write.o)

.debug
 *(.debug)

.line
 *(.line)

.debug_srcinfo
 *(.debug_srcinfo)

.debug_sfnames
 *(.debug_sfnames)

.debug_aranges  0x00000000      0x8f8
 *(.debug_aranges)
 .debug_aranges
                0x00000000       0x28 BSP//obj/HAL/src/crt0.o
 .debug_aranges
                0x00000028       0x20 obj/default//C/Users/Jashwanth/Desktop/media_HAL.o
 .debug_aranges
                0x00000048       0x20 c:/altera/12.0sp2/nios2eds/bin/gnu/h-i686-mingw32/bin/../lib/gcc/nios2-elf/4.1.2/../../../../nios2-elf/lib\libc.a(lib_a-memcpy.o)
 .debug_aranges
                0x00000068       0x20 BSP/\libhal_bsp.a(alt_load.o)
 .debug_aranges
                0x00000088       0x20 BSP/\libhal_bsp.a(alt_main.o)
 .debug_aranges
                0x000000a8       0x20 BSP/\libhal_bsp.a(alt_printf.o)
 .debug_aranges
                0x000000c8       0x20 BSP/\libhal_bsp.a(alt_putchar.o)
 .debug_aranges
                0x000000e8       0x20 BSP/\libhal_bsp.a(alt_sys_init.o)
 .debug_aranges
                0x00000108       0x20 BSP/\libhal_bsp.a(altera_avalon_jtag_uart_fd.o)
 .debug_aranges
                0x00000128       0x20 BSP/\libhal_bsp.a(altera_avalon_jtag_uart_init.o)
 .debug_aranges
                0x00000148       0x20 BSP/\libhal_bsp.a(altera_avalon_jtag_uart_ioctl.o)
 .debug_aranges
                0x00000168       0x20 BSP/\libhal_bsp.a(altera_avalon_jtag_uart_read.o)
 .debug_aranges
                0x00000188       0x20 BSP/\libhal_bsp.a(altera_avalon_jtag_uart_write.o)
 .debug_aranges
                0x000001a8       0x20 BSP/\libhal_bsp.a(altera_avalon_timer_sc.o)
 .debug_aranges
                0x000001c8       0x20 BSP/\libhal_bsp.a(altera_up_avalon_parallel_port.o)
 .debug_aranges
                0x000001e8       0x20 BSP/\libhal_bsp.a(altera_up_avalon_ps2.o)
 .debug_aranges
                0x00000208       0x20 BSP/\libhal_bsp.a(altera_up_avalon_rs232.o)
 .debug_aranges
                0x00000228       0x20 BSP/\libhal_bsp.a(altera_up_avalon_video_character_buffer_with_dma.o)
 .debug_aranges
                0x00000248       0x20 BSP/\libhal_bsp.a(altera_up_avalon_video_pixel_buffer_dma.o)
 .debug_aranges
                0x00000268       0x20 BSP/\libhal_bsp.a(alt_alarm_start.o)
 .debug_aranges
                0x00000288       0x20 BSP/\libhal_bsp.a(alt_close.o)
 .debug_aranges
                0x000002a8       0x20 BSP/\libhal_bsp.a(alt_dcache_flush_all.o)
 .debug_aranges
                0x000002c8       0x20 BSP/\libhal_bsp.a(alt_dev.o)
 .debug_aranges
                0x000002e8       0x20 BSP/\libhal_bsp.a(alt_dev_llist_insert.o)
 .debug_aranges
                0x00000308       0x20 BSP/\libhal_bsp.a(alt_find_dev.o)
 .debug_aranges
                0x00000328       0x20 BSP/\libhal_bsp.a(alt_icache_flush_all.o)
 .debug_aranges
                0x00000348       0x20 BSP/\libhal_bsp.a(alt_io_redirect.o)
 .debug_aranges
                0x00000368       0x20 BSP/\libhal_bsp.a(alt_irq_register.o)
 .debug_aranges
                0x00000388       0x20 BSP/\libhal_bsp.a(alt_open.o)
 .debug_aranges
                0x000003a8       0x20 BSP/\libhal_bsp.a(alt_release_fd.o)
 .debug_aranges
                0x000003c8       0x20 BSP/\libhal_bsp.a(alt_tick.o)
 .debug_aranges
                0x000003e8       0x20 BSP/\libhal_bsp.a(altera_nios2_qsys_irq.o)
 .debug_aranges
                0x00000408       0x20 BSP/\libhal_bsp.a(alt_find_file.o)
 .debug_aranges
                0x00000428       0x20 BSP/\libhal_bsp.a(alt_get_fd.o)
 .debug_aranges
                0x00000448       0x20 BSP/\libhal_bsp.a(alt_icache_flush.o)
 .debug_aranges
                0x00000468       0x30 BSP/\libhal_bsp.a(alt_irq_entry.o)
 .debug_aranges
                0x00000498       0x28 BSP/\libhal_bsp.a(alt_irq_handler.o)
 .debug_aranges
                0x000004c0       0x38 BSP/\libhal_bsp.a(alt_exception_entry.o)
 .debug_aranges
                0x000004f8       0x20 c:/altera/12.0sp2/nios2eds/bin/gnu/h-i686-mingw32/bin/../lib/gcc/nios2-elf/4.1.2/../../../../nios2-elf/lib\libc.a(lib_a-exit.o)
 .debug_aranges
                0x00000518       0x20 c:/altera/12.0sp2/nios2eds/bin/gnu/h-i686-mingw32/bin/../lib/gcc/nios2-elf/4.1.2/../../../../nios2-elf/lib\libc.a(lib_a-memcmp.o)
 .debug_aranges
                0x00000538       0x20 c:/altera/12.0sp2/nios2eds/bin/gnu/h-i686-mingw32/bin/../lib/gcc/nios2-elf/4.1.2/../../../../nios2-elf/lib\libc.a(lib_a-putc.o)
 .debug_aranges
                0x00000558       0x20 c:/altera/12.0sp2/nios2eds/bin/gnu/h-i686-mingw32/bin/../lib/gcc/nios2-elf/4.1.2/../../../../nios2-elf/lib\libc.a(lib_a-strcmp.o)
 .debug_aranges
                0x00000578       0x20 c:/altera/12.0sp2/nios2eds/bin/gnu/h-i686-mingw32/bin/../lib/gcc/nios2-elf/4.1.2/../../../../nios2-elf/lib\libc.a(lib_a-strlen.o)
 .debug_aranges
                0x00000598       0x20 c:/altera/12.0sp2/nios2eds/bin/gnu/h-i686-mingw32/bin/../lib/gcc/nios2-elf/4.1.2/../../../../nios2-elf/lib\libc.a(lib_a-wbuf.o)
 .debug_aranges
                0x000005b8       0x20 c:/altera/12.0sp2/nios2eds/bin/gnu/h-i686-mingw32/bin/../lib/gcc/nios2-elf/4.1.2/../../../../nios2-elf/lib\libc.a(lib_a-wsetup.o)
 .debug_aranges
                0x000005d8       0x20 c:/altera/12.0sp2/nios2eds/bin/gnu/h-i686-mingw32/bin/../lib/gcc/nios2-elf/4.1.2/../../../../nios2-elf/lib\libc.a(lib_a-__call_atexit.o)
 .debug_aranges
                0x000005f8       0x20 c:/altera/12.0sp2/nios2eds/bin/gnu/h-i686-mingw32/bin/../lib/gcc/nios2-elf/4.1.2/../../../../nios2-elf/lib\libc.a(lib_a-fflush.o)
 .debug_aranges
                0x00000618       0x20 c:/altera/12.0sp2/nios2eds/bin/gnu/h-i686-mingw32/bin/../lib/gcc/nios2-elf/4.1.2/../../../../nios2-elf/lib\libc.a(lib_a-findfp.o)
 .debug_aranges
                0x00000638       0x20 c:/altera/12.0sp2/nios2eds/bin/gnu/h-i686-mingw32/bin/../lib/gcc/nios2-elf/4.1.2/../../../../nios2-elf/lib\libc.a(lib_a-freer.o)
 .debug_aranges
                0x00000658       0x20 c:/altera/12.0sp2/nios2eds/bin/gnu/h-i686-mingw32/bin/../lib/gcc/nios2-elf/4.1.2/../../../../nios2-elf/lib\libc.a(lib_a-fwalk.o)
 .debug_aranges
                0x00000678       0x20 c:/altera/12.0sp2/nios2eds/bin/gnu/h-i686-mingw32/bin/../lib/gcc/nios2-elf/4.1.2/../../../../nios2-elf/lib\libc.a(lib_a-makebuf.o)
 .debug_aranges
                0x00000698       0x20 c:/altera/12.0sp2/nios2eds/bin/gnu/h-i686-mingw32/bin/../lib/gcc/nios2-elf/4.1.2/../../../../nios2-elf/lib\libc.a(lib_a-mallocr.o)
 .debug_aranges
                0x000006b8       0x20 c:/altera/12.0sp2/nios2eds/bin/gnu/h-i686-mingw32/bin/../lib/gcc/nios2-elf/4.1.2/../../../../nios2-elf/lib\libc.a(lib_a-memset.o)
 .debug_aranges
                0x000006d8       0x20 c:/altera/12.0sp2/nios2eds/bin/gnu/h-i686-mingw32/bin/../lib/gcc/nios2-elf/4.1.2/../../../../nios2-elf/lib\libc.a(lib_a-sbrkr.o)
 .debug_aranges
                0x000006f8       0x20 c:/altera/12.0sp2/nios2eds/bin/gnu/h-i686-mingw32/bin/../lib/gcc/nios2-elf/4.1.2/../../../../nios2-elf/lib\libc.a(lib_a-stdio.o)
 .debug_aranges
                0x00000718       0x20 c:/altera/12.0sp2/nios2eds/bin/gnu/h-i686-mingw32/bin/../lib/gcc/nios2-elf/4.1.2/../../../../nios2-elf/lib\libc.a(lib_a-writer.o)
 .debug_aranges
                0x00000738       0x20 c:/altera/12.0sp2/nios2eds/bin/gnu/h-i686-mingw32/bin/../lib/gcc/nios2-elf/4.1.2/../../../../nios2-elf/lib\libc.a(lib_a-closer.o)
 .debug_aranges
                0x00000758       0x20 c:/altera/12.0sp2/nios2eds/bin/gnu/h-i686-mingw32/bin/../lib/gcc/nios2-elf/4.1.2/../../../../nios2-elf/lib\libc.a(lib_a-fclose.o)
 .debug_aranges
                0x00000778       0x20 c:/altera/12.0sp2/nios2eds/bin/gnu/h-i686-mingw32/bin/../lib/gcc/nios2-elf/4.1.2/../../../../nios2-elf/lib\libc.a(lib_a-fstatr.o)
 .debug_aranges
                0x00000798       0x20 c:/altera/12.0sp2/nios2eds/bin/gnu/h-i686-mingw32/bin/../lib/gcc/nios2-elf/4.1.2/../../../../nios2-elf/lib\libc.a(lib_a-isattyr.o)
 .debug_aranges
                0x000007b8       0x20 c:/altera/12.0sp2/nios2eds/bin/gnu/h-i686-mingw32/bin/../lib/gcc/nios2-elf/4.1.2/../../../../nios2-elf/lib\libc.a(lib_a-lseekr.o)
 .debug_aranges
                0x000007d8       0x20 c:/altera/12.0sp2/nios2eds/bin/gnu/h-i686-mingw32/bin/../lib/gcc/nios2-elf/4.1.2/../../../../nios2-elf/lib\libc.a(lib_a-readr.o)
 .debug_aranges
                0x000007f8       0x20 BSP/\libhal_bsp.a(alt_exit.o)
 .debug_aranges
                0x00000818       0x20 BSP/\libhal_bsp.a(alt_fstat.o)
 .debug_aranges
                0x00000838       0x20 BSP/\libhal_bsp.a(alt_isatty.o)
 .debug_aranges
                0x00000858       0x20 BSP/\libhal_bsp.a(alt_lseek.o)
 .debug_aranges
                0x00000878       0x20 BSP/\libhal_bsp.a(alt_malloc_lock.o)
 .debug_aranges
                0x00000898       0x20 BSP/\libhal_bsp.a(alt_read.o)
 .debug_aranges
                0x000008b8       0x20 BSP/\libhal_bsp.a(alt_sbrk.o)
 .debug_aranges
                0x000008d8       0x20 BSP/\libhal_bsp.a(alt_write.o)

.debug_pubnames
                0x00000000     0x128a
 *(.debug_pubnames)
 .debug_pubnames
                0x00000000       0x33 obj/default//C/Users/Jashwanth/Desktop/media_HAL.o
 .debug_pubnames
                0x00000033       0x1d c:/altera/12.0sp2/nios2eds/bin/gnu/h-i686-mingw32/bin/../lib/gcc/nios2-elf/4.1.2/../../../../nios2-elf/lib\libc.a(lib_a-memcpy.o)
 .debug_pubnames
                0x00000050       0x1f BSP/\libhal_bsp.a(alt_load.o)
 .debug_pubnames
                0x0000006f       0x46 BSP/\libhal_bsp.a(alt_main.o)
 .debug_pubnames
                0x000000b5       0x21 BSP/\libhal_bsp.a(alt_printf.o)
 .debug_pubnames
                0x000000d6       0x22 BSP/\libhal_bsp.a(alt_putchar.o)
 .debug_pubnames
                0x000000f8       0x34 BSP/\libhal_bsp.a(alt_sys_init.o)
 .debug_pubnames
                0x0000012c       0xa5 BSP/\libhal_bsp.a(altera_avalon_jtag_uart_fd.o)
 .debug_pubnames
                0x000001d1       0x55 BSP/\libhal_bsp.a(altera_avalon_jtag_uart_init.o)
 .debug_pubnames
                0x00000226       0x34 BSP/\libhal_bsp.a(altera_avalon_jtag_uart_ioctl.o)
 .debug_pubnames
                0x0000025a       0x33 BSP/\libhal_bsp.a(altera_avalon_jtag_uart_read.o)
 .debug_pubnames
                0x0000028d       0x34 BSP/\libhal_bsp.a(altera_avalon_jtag_uart_write.o)
 .debug_pubnames
                0x000002c1       0x2f BSP/\libhal_bsp.a(altera_avalon_timer_sc.o)
 .debug_pubnames
                0x000002f0       0x34 BSP/\libhal_bsp.a(altera_up_avalon_parallel_port.o)
 .debug_pubnames
                0x00000324      0x1ed BSP/\libhal_bsp.a(altera_up_avalon_ps2.o)
 .debug_pubnames
                0x00000511      0x163 BSP/\libhal_bsp.a(altera_up_avalon_rs232.o)
 .debug_pubnames
                0x00000674       0xa5 BSP/\libhal_bsp.a(altera_up_avalon_video_character_buffer_with_dma.o)
 .debug_pubnames
                0x00000719      0x1f1 BSP/\libhal_bsp.a(altera_up_avalon_video_pixel_buffer_dma.o)
 .debug_pubnames
                0x0000090a       0x26 BSP/\libhal_bsp.a(alt_alarm_start.o)
 .debug_pubnames
                0x00000930       0x1c BSP/\libhal_bsp.a(alt_close.o)
 .debug_pubnames
                0x0000094c       0x2b BSP/\libhal_bsp.a(alt_dcache_flush_all.o)
 .debug_pubnames
                0x00000977       0x63 BSP/\libhal_bsp.a(alt_dev.o)
 .debug_pubnames
                0x000009da       0x2b BSP/\libhal_bsp.a(alt_dev_llist_insert.o)
 .debug_pubnames
                0x00000a05       0x20 BSP/\libhal_bsp.a(alt_errno.o)
 .debug_pubnames
                0x00000a25       0x23 BSP/\libhal_bsp.a(alt_find_dev.o)
 .debug_pubnames
                0x00000a48       0x2b BSP/\libhal_bsp.a(alt_icache_flush_all.o)
 .debug_pubnames
                0x00000a73       0x26 BSP/\libhal_bsp.a(alt_io_redirect.o)
 .debug_pubnames
                0x00000a99       0x27 BSP/\libhal_bsp.a(alt_irq_register.o)
 .debug_pubnames
                0x00000ac0       0x3b BSP/\libhal_bsp.a(alt_irq_vars.o)
 .debug_pubnames
                0x00000afb       0x1b BSP/\libhal_bsp.a(alt_open.o)
 .debug_pubnames
                0x00000b16       0x25 BSP/\libhal_bsp.a(alt_release_fd.o)
 .debug_pubnames
                0x00000b3b       0x68 BSP/\libhal_bsp.a(alt_tick.o)
 .debug_pubnames
                0x00000ba3       0x31 BSP/\libhal_bsp.a(altera_nios2_qsys_irq.o)
 .debug_pubnames
                0x00000bd4       0x24 BSP/\libhal_bsp.a(alt_find_file.o)
 .debug_pubnames
                0x00000bf8       0x21 BSP/\libhal_bsp.a(alt_get_fd.o)
 .debug_pubnames
                0x00000c19       0x27 BSP/\libhal_bsp.a(alt_icache_flush.o)
 .debug_pubnames
                0x00000c40       0x32 BSP/\libhal_bsp.a(alt_irq_handler.o)
 .debug_pubnames
                0x00000c72       0x1b c:/altera/12.0sp2/nios2eds/bin/gnu/h-i686-mingw32/bin/../lib/gcc/nios2-elf/4.1.2/../../../../nios2-elf/lib\libc.a(lib_a-exit.o)
 .debug_pubnames
                0x00000c8d       0x39 c:/altera/12.0sp2/nios2eds/bin/gnu/h-i686-mingw32/bin/../lib/gcc/nios2-elf/4.1.2/../../../../nios2-elf/lib\libc.a(lib_a-impure.o)
 .debug_pubnames
                0x00000cc6       0x1c c:/altera/12.0sp2/nios2eds/bin/gnu/h-i686-mingw32/bin/../lib/gcc/nios2-elf/4.1.2/../../../../nios2-elf/lib\libc.a(lib_a-int_errno.o)
 .debug_pubnames
                0x00000ce2       0x1d c:/altera/12.0sp2/nios2eds/bin/gnu/h-i686-mingw32/bin/../lib/gcc/nios2-elf/4.1.2/../../../../nios2-elf/lib\libc.a(lib_a-memcmp.o)
 .debug_pubnames
                0x00000cff       0x27 c:/altera/12.0sp2/nios2eds/bin/gnu/h-i686-mingw32/bin/../lib/gcc/nios2-elf/4.1.2/../../../../nios2-elf/lib\libc.a(lib_a-putc.o)
 .debug_pubnames
                0x00000d26       0x1d c:/altera/12.0sp2/nios2eds/bin/gnu/h-i686-mingw32/bin/../lib/gcc/nios2-elf/4.1.2/../../../../nios2-elf/lib\libc.a(lib_a-strcmp.o)
 .debug_pubnames
                0x00000d43       0x1d c:/altera/12.0sp2/nios2eds/bin/gnu/h-i686-mingw32/bin/../lib/gcc/nios2-elf/4.1.2/../../../../nios2-elf/lib\libc.a(lib_a-strlen.o)
 .debug_pubnames
                0x00000d60       0x2c c:/altera/12.0sp2/nios2eds/bin/gnu/h-i686-mingw32/bin/../lib/gcc/nios2-elf/4.1.2/../../../../nios2-elf/lib\libc.a(lib_a-wbuf.o)
 .debug_pubnames
                0x00000d8c       0x22 c:/altera/12.0sp2/nios2eds/bin/gnu/h-i686-mingw32/bin/../lib/gcc/nios2-elf/4.1.2/../../../../nios2-elf/lib\libc.a(lib_a-wsetup.o)
 .debug_pubnames
                0x00000dae       0x27 c:/altera/12.0sp2/nios2eds/bin/gnu/h-i686-mingw32/bin/../lib/gcc/nios2-elf/4.1.2/../../../../nios2-elf/lib\libc.a(lib_a-__call_atexit.o)
 .debug_pubnames
                0x00000dd5       0x2b c:/altera/12.0sp2/nios2eds/bin/gnu/h-i686-mingw32/bin/../lib/gcc/nios2-elf/4.1.2/../../../../nios2-elf/lib\libc.a(lib_a-fflush.o)
 .debug_pubnames
                0x00000e00       0xdb c:/altera/12.0sp2/nios2eds/bin/gnu/h-i686-mingw32/bin/../lib/gcc/nios2-elf/4.1.2/../../../../nios2-elf/lib\libc.a(lib_a-findfp.o)
 .debug_pubnames
                0x00000edb       0x31 c:/altera/12.0sp2/nios2eds/bin/gnu/h-i686-mingw32/bin/../lib/gcc/nios2-elf/4.1.2/../../../../nios2-elf/lib\libc.a(lib_a-freer.o)
 .debug_pubnames
                0x00000f0c       0x2e c:/altera/12.0sp2/nios2eds/bin/gnu/h-i686-mingw32/bin/../lib/gcc/nios2-elf/4.1.2/../../../../nios2-elf/lib\libc.a(lib_a-fwalk.o)
 .debug_pubnames
                0x00000f3a       0x23 c:/altera/12.0sp2/nios2eds/bin/gnu/h-i686-mingw32/bin/../lib/gcc/nios2-elf/4.1.2/../../../../nios2-elf/lib\libc.a(lib_a-makebuf.o)
 .debug_pubnames
                0x00000f5d       0xce c:/altera/12.0sp2/nios2eds/bin/gnu/h-i686-mingw32/bin/../lib/gcc/nios2-elf/4.1.2/../../../../nios2-elf/lib\libc.a(lib_a-mallocr.o)
 .debug_pubnames
                0x0000102b       0x1d c:/altera/12.0sp2/nios2eds/bin/gnu/h-i686-mingw32/bin/../lib/gcc/nios2-elf/4.1.2/../../../../nios2-elf/lib\libc.a(lib_a-memset.o)
 .debug_pubnames
                0x00001048       0x1e c:/altera/12.0sp2/nios2eds/bin/gnu/h-i686-mingw32/bin/../lib/gcc/nios2-elf/4.1.2/../../../../nios2-elf/lib\libc.a(lib_a-sbrkr.o)
 .debug_pubnames
                0x00001066       0x44 c:/altera/12.0sp2/nios2eds/bin/gnu/h-i686-mingw32/bin/../lib/gcc/nios2-elf/4.1.2/../../../../nios2-elf/lib\libc.a(lib_a-stdio.o)
 .debug_pubnames
                0x000010aa       0x1f c:/altera/12.0sp2/nios2eds/bin/gnu/h-i686-mingw32/bin/../lib/gcc/nios2-elf/4.1.2/../../../../nios2-elf/lib\libc.a(lib_a-writer.o)
 .debug_pubnames
                0x000010c9       0x1f c:/altera/12.0sp2/nios2eds/bin/gnu/h-i686-mingw32/bin/../lib/gcc/nios2-elf/4.1.2/../../../../nios2-elf/lib\libc.a(lib_a-closer.o)
 .debug_pubnames
                0x000010e8       0x2b c:/altera/12.0sp2/nios2eds/bin/gnu/h-i686-mingw32/bin/../lib/gcc/nios2-elf/4.1.2/../../../../nios2-elf/lib\libc.a(lib_a-fclose.o)
 .debug_pubnames
                0x00001113       0x1f c:/altera/12.0sp2/nios2eds/bin/gnu/h-i686-mingw32/bin/../lib/gcc/nios2-elf/4.1.2/../../../../nios2-elf/lib\libc.a(lib_a-fstatr.o)
 .debug_pubnames
                0x00001132       0x20 c:/altera/12.0sp2/nios2eds/bin/gnu/h-i686-mingw32/bin/../lib/gcc/nios2-elf/4.1.2/../../../../nios2-elf/lib\libc.a(lib_a-isattyr.o)
 .debug_pubnames
                0x00001152       0x1f c:/altera/12.0sp2/nios2eds/bin/gnu/h-i686-mingw32/bin/../lib/gcc/nios2-elf/4.1.2/../../../../nios2-elf/lib\libc.a(lib_a-lseekr.o)
 .debug_pubnames
                0x00001171       0x1e c:/altera/12.0sp2/nios2eds/bin/gnu/h-i686-mingw32/bin/../lib/gcc/nios2-elf/4.1.2/../../../../nios2-elf/lib\libc.a(lib_a-readr.o)
 .debug_pubnames
                0x0000118f       0x1c BSP/\libhal_bsp.a(alt_exit.o)
 .debug_pubnames
                0x000011ab       0x1c BSP/\libhal_bsp.a(alt_fstat.o)
 .debug_pubnames
                0x000011c7       0x1d BSP/\libhal_bsp.a(alt_isatty.o)
 .debug_pubnames
                0x000011e4       0x1c BSP/\libhal_bsp.a(alt_lseek.o)
 .debug_pubnames
                0x00001200       0x38 BSP/\libhal_bsp.a(alt_malloc_lock.o)
 .debug_pubnames
                0x00001238       0x1b BSP/\libhal_bsp.a(alt_read.o)
 .debug_pubnames
                0x00001253       0x1b BSP/\libhal_bsp.a(alt_sbrk.o)
 .debug_pubnames
                0x0000126e       0x1c BSP/\libhal_bsp.a(alt_write.o)

.debug_info     0x00000000    0x182b5
 *(.debug_info .gnu.linkonce.wi.*)
 .debug_info    0x00000000       0x5d BSP//obj/HAL/src/crt0.o
 .debug_info    0x0000005d      0x7d0 obj/default//C/Users/Jashwanth/Desktop/media_HAL.o
 .debug_info    0x0000082d      0x106 c:/altera/12.0sp2/nios2eds/bin/gnu/h-i686-mingw32/bin/../lib/gcc/nios2-elf/4.1.2/../../../../nios2-elf/lib\libc.a(lib_a-memcpy.o)
 .debug_info    0x00000933      0x1a1 BSP/\libhal_bsp.a(alt_load.o)
 .debug_info    0x00000ad4      0x161 BSP/\libhal_bsp.a(alt_main.o)
 .debug_info    0x00000c35      0x11d BSP/\libhal_bsp.a(alt_printf.o)
 .debug_info    0x00000d52      0x93c BSP/\libhal_bsp.a(alt_putchar.o)
 .debug_info    0x0000168e      0xa70 BSP/\libhal_bsp.a(alt_sys_init.o)
 .debug_info    0x000020fe      0x584 BSP/\libhal_bsp.a(altera_avalon_jtag_uart_fd.o)
 .debug_info    0x00002682      0x3dd BSP/\libhal_bsp.a(altera_avalon_jtag_uart_init.o)
 .debug_info    0x00002a5f      0x2a3 BSP/\libhal_bsp.a(altera_avalon_jtag_uart_ioctl.o)
 .debug_info    0x00002d02      0x38b BSP/\libhal_bsp.a(altera_avalon_jtag_uart_read.o)
 .debug_info    0x0000308d      0x378 BSP/\libhal_bsp.a(altera_avalon_jtag_uart_write.o)
 .debug_info    0x00003405      0x24d BSP/\libhal_bsp.a(altera_avalon_timer_sc.o)
 .debug_info    0x00003652      0x347 BSP/\libhal_bsp.a(altera_up_avalon_parallel_port.o)
 .debug_info    0x00003999      0x814 BSP/\libhal_bsp.a(altera_up_avalon_ps2.o)
 .debug_info    0x000041ad      0x5aa BSP/\libhal_bsp.a(altera_up_avalon_rs232.o)
 .debug_info    0x00004757      0x4a0 BSP/\libhal_bsp.a(altera_up_avalon_video_character_buffer_with_dma.o)
 .debug_info    0x00004bf7      0xb54 BSP/\libhal_bsp.a(altera_up_avalon_video_pixel_buffer_dma.o)
 .debug_info    0x0000574b      0x2e0 BSP/\libhal_bsp.a(alt_alarm_start.o)
 .debug_info    0x00005a2b      0x364 BSP/\libhal_bsp.a(alt_close.o)
 .debug_info    0x00005d8f       0x8d BSP/\libhal_bsp.a(alt_dcache_flush_all.o)
 .debug_info    0x00005e1c      0x4dd BSP/\libhal_bsp.a(alt_dev.o)
 .debug_info    0x000062f9      0x1b7 BSP/\libhal_bsp.a(alt_dev_llist_insert.o)
 .debug_info    0x000064b0       0xab BSP/\libhal_bsp.a(alt_errno.o)
 .debug_info    0x0000655b      0x310 BSP/\libhal_bsp.a(alt_find_dev.o)
 .debug_info    0x0000686b       0x8f BSP/\libhal_bsp.a(alt_icache_flush_all.o)
 .debug_info    0x000068fa      0x4f6 BSP/\libhal_bsp.a(alt_io_redirect.o)
 .debug_info    0x00006df0      0x318 BSP/\libhal_bsp.a(alt_irq_register.o)
 .debug_info    0x00007108       0x92 BSP/\libhal_bsp.a(alt_irq_vars.o)
 .debug_info    0x0000719a      0x40c BSP/\libhal_bsp.a(alt_open.o)
 .debug_info    0x000075a6      0x2d9 BSP/\libhal_bsp.a(alt_release_fd.o)
 .debug_info    0x0000787f      0x2bb BSP/\libhal_bsp.a(alt_tick.o)
 .debug_info    0x00007b3a       0xb7 BSP/\libhal_bsp.a(altera_nios2_qsys_irq.o)
 .debug_info    0x00007bf1      0x30e BSP/\libhal_bsp.a(alt_find_file.o)
 .debug_info    0x00007eff      0x333 BSP/\libhal_bsp.a(alt_get_fd.o)
 .debug_info    0x00008232       0xd5 BSP/\libhal_bsp.a(alt_icache_flush.o)
 .debug_info    0x00008307       0x66 BSP/\libhal_bsp.a(alt_irq_entry.o)
 .debug_info    0x0000836d      0x18f BSP/\libhal_bsp.a(alt_irq_handler.o)
 .debug_info    0x000084fc       0x6c BSP/\libhal_bsp.a(alt_exception_entry.o)
 .debug_info    0x00008568      0x93f c:/altera/12.0sp2/nios2eds/bin/gnu/h-i686-mingw32/bin/../lib/gcc/nios2-elf/4.1.2/../../../../nios2-elf/lib\libc.a(lib_a-exit.o)
 .debug_info    0x00008ea7      0x93d c:/altera/12.0sp2/nios2eds/bin/gnu/h-i686-mingw32/bin/../lib/gcc/nios2-elf/4.1.2/../../../../nios2-elf/lib\libc.a(lib_a-impure.o)
 .debug_info    0x000097e4       0x8c c:/altera/12.0sp2/nios2eds/bin/gnu/h-i686-mingw32/bin/../lib/gcc/nios2-elf/4.1.2/../../../../nios2-elf/lib\libc.a(lib_a-int_errno.o)
 .debug_info    0x00009870      0x115 c:/altera/12.0sp2/nios2eds/bin/gnu/h-i686-mingw32/bin/../lib/gcc/nios2-elf/4.1.2/../../../../nios2-elf/lib\libc.a(lib_a-memcmp.o)
 .debug_info    0x00009985      0x9c1 c:/altera/12.0sp2/nios2eds/bin/gnu/h-i686-mingw32/bin/../lib/gcc/nios2-elf/4.1.2/../../../../nios2-elf/lib\libc.a(lib_a-putc.o)
 .debug_info    0x0000a346       0xdd c:/altera/12.0sp2/nios2eds/bin/gnu/h-i686-mingw32/bin/../lib/gcc/nios2-elf/4.1.2/../../../../nios2-elf/lib\libc.a(lib_a-strcmp.o)
 .debug_info    0x0000a423       0xdb c:/altera/12.0sp2/nios2eds/bin/gnu/h-i686-mingw32/bin/../lib/gcc/nios2-elf/4.1.2/../../../../nios2-elf/lib\libc.a(lib_a-strlen.o)
 .debug_info    0x0000a4fe      0x9ae c:/altera/12.0sp2/nios2eds/bin/gnu/h-i686-mingw32/bin/../lib/gcc/nios2-elf/4.1.2/../../../../nios2-elf/lib\libc.a(lib_a-wbuf.o)
 .debug_info    0x0000aeac      0x95d c:/altera/12.0sp2/nios2eds/bin/gnu/h-i686-mingw32/bin/../lib/gcc/nios2-elf/4.1.2/../../../../nios2-elf/lib\libc.a(lib_a-wsetup.o)
 .debug_info    0x0000b809      0x9e2 c:/altera/12.0sp2/nios2eds/bin/gnu/h-i686-mingw32/bin/../lib/gcc/nios2-elf/4.1.2/../../../../nios2-elf/lib\libc.a(lib_a-__call_atexit.o)
 .debug_info    0x0000c1eb      0x9fe c:/altera/12.0sp2/nios2eds/bin/gnu/h-i686-mingw32/bin/../lib/gcc/nios2-elf/4.1.2/../../../../nios2-elf/lib\libc.a(lib_a-fflush.o)
 .debug_info    0x0000cbe9      0xb72 c:/altera/12.0sp2/nios2eds/bin/gnu/h-i686-mingw32/bin/../lib/gcc/nios2-elf/4.1.2/../../../../nios2-elf/lib\libc.a(lib_a-findfp.o)
 .debug_info    0x0000d75b      0xbc9 c:/altera/12.0sp2/nios2eds/bin/gnu/h-i686-mingw32/bin/../lib/gcc/nios2-elf/4.1.2/../../../../nios2-elf/lib\libc.a(lib_a-freer.o)
 .debug_info    0x0000e324      0xaed c:/altera/12.0sp2/nios2eds/bin/gnu/h-i686-mingw32/bin/../lib/gcc/nios2-elf/4.1.2/../../../../nios2-elf/lib\libc.a(lib_a-fwalk.o)
 .debug_info    0x0000ee11      0xb1a c:/altera/12.0sp2/nios2eds/bin/gnu/h-i686-mingw32/bin/../lib/gcc/nios2-elf/4.1.2/../../../../nios2-elf/lib\libc.a(lib_a-makebuf.o)
 .debug_info    0x0000f92b      0xcd0 c:/altera/12.0sp2/nios2eds/bin/gnu/h-i686-mingw32/bin/../lib/gcc/nios2-elf/4.1.2/../../../../nios2-elf/lib\libc.a(lib_a-mallocr.o)
 .debug_info    0x000105fb      0x113 c:/altera/12.0sp2/nios2eds/bin/gnu/h-i686-mingw32/bin/../lib/gcc/nios2-elf/4.1.2/../../../../nios2-elf/lib\libc.a(lib_a-memset.o)
 .debug_info    0x0001070e      0x962 c:/altera/12.0sp2/nios2eds/bin/gnu/h-i686-mingw32/bin/../lib/gcc/nios2-elf/4.1.2/../../../../nios2-elf/lib\libc.a(lib_a-sbrkr.o)
 .debug_info    0x00011070      0xaac c:/altera/12.0sp2/nios2eds/bin/gnu/h-i686-mingw32/bin/../lib/gcc/nios2-elf/4.1.2/../../../../nios2-elf/lib\libc.a(lib_a-stdio.o)
 .debug_info    0x00011b1c      0x993 c:/altera/12.0sp2/nios2eds/bin/gnu/h-i686-mingw32/bin/../lib/gcc/nios2-elf/4.1.2/../../../../nios2-elf/lib\libc.a(lib_a-writer.o)
 .debug_info    0x000124af      0x958 c:/altera/12.0sp2/nios2eds/bin/gnu/h-i686-mingw32/bin/../lib/gcc/nios2-elf/4.1.2/../../../../nios2-elf/lib\libc.a(lib_a-closer.o)
 .debug_info    0x00012e07      0x994 c:/altera/12.0sp2/nios2eds/bin/gnu/h-i686-mingw32/bin/../lib/gcc/nios2-elf/4.1.2/../../../../nios2-elf/lib\libc.a(lib_a-fclose.o)
 .debug_info    0x0001379b      0xafc c:/altera/12.0sp2/nios2eds/bin/gnu/h-i686-mingw32/bin/../lib/gcc/nios2-elf/4.1.2/../../../../nios2-elf/lib\libc.a(lib_a-fstatr.o)
 .debug_info    0x00014297      0x958 c:/altera/12.0sp2/nios2eds/bin/gnu/h-i686-mingw32/bin/../lib/gcc/nios2-elf/4.1.2/../../../../nios2-elf/lib\libc.a(lib_a-isattyr.o)
 .debug_info    0x00014bef      0x981 c:/altera/12.0sp2/nios2eds/bin/gnu/h-i686-mingw32/bin/../lib/gcc/nios2-elf/4.1.2/../../../../nios2-elf/lib\libc.a(lib_a-lseekr.o)
 .debug_info    0x00015570      0x98c c:/altera/12.0sp2/nios2eds/bin/gnu/h-i686-mingw32/bin/../lib/gcc/nios2-elf/4.1.2/../../../../nios2-elf/lib\libc.a(lib_a-readr.o)
 .debug_info    0x00015efc      0x110 BSP/\libhal_bsp.a(alt_exit.o)
 .debug_info    0x0001600c      0x4dd BSP/\libhal_bsp.a(alt_fstat.o)
 .debug_info    0x000164e9      0x4dd BSP/\libhal_bsp.a(alt_isatty.o)
 .debug_info    0x000169c6      0x388 BSP/\libhal_bsp.a(alt_lseek.o)
 .debug_info    0x00016d4e      0x947 BSP/\libhal_bsp.a(alt_malloc_lock.o)
 .debug_info    0x00017695      0x525 BSP/\libhal_bsp.a(alt_read.o)
 .debug_info    0x00017bba      0x1cf BSP/\libhal_bsp.a(alt_sbrk.o)
 .debug_info    0x00017d89      0x52c BSP/\libhal_bsp.a(alt_write.o)

.debug_abbrev   0x00000000     0x574c
 *(.debug_abbrev)
 .debug_abbrev  0x00000000       0x12 BSP//obj/HAL/src/crt0.o
 .debug_abbrev  0x00000012      0x1d8 obj/default//C/Users/Jashwanth/Desktop/media_HAL.o
 .debug_abbrev  0x000001ea       0xb5 c:/altera/12.0sp2/nios2eds/bin/gnu/h-i686-mingw32/bin/../lib/gcc/nios2-elf/4.1.2/../../../../nios2-elf/lib\libc.a(lib_a-memcpy.o)
 .debug_abbrev  0x0000029f       0xb6 BSP/\libhal_bsp.a(alt_load.o)
 .debug_abbrev  0x00000355       0xbe BSP/\libhal_bsp.a(alt_main.o)
 .debug_abbrev  0x00000413       0xc7 BSP/\libhal_bsp.a(alt_printf.o)
 .debug_abbrev  0x000004da      0x170 BSP/\libhal_bsp.a(alt_putchar.o)
 .debug_abbrev  0x0000064a      0x1a7 BSP/\libhal_bsp.a(alt_sys_init.o)
 .debug_abbrev  0x000007f1      0x113 BSP/\libhal_bsp.a(altera_avalon_jtag_uart_fd.o)
 .debug_abbrev  0x00000904      0x198 BSP/\libhal_bsp.a(altera_avalon_jtag_uart_init.o)
 .debug_abbrev  0x00000a9c      0x10c BSP/\libhal_bsp.a(altera_avalon_jtag_uart_ioctl.o)
 .debug_abbrev  0x00000ba8      0x194 BSP/\libhal_bsp.a(altera_avalon_jtag_uart_read.o)
 .debug_abbrev  0x00000d3c      0x18c BSP/\libhal_bsp.a(altera_avalon_jtag_uart_write.o)
 .debug_abbrev  0x00000ec8      0x14b BSP/\libhal_bsp.a(altera_avalon_timer_sc.o)
 .debug_abbrev  0x00001013       0xe3 BSP/\libhal_bsp.a(altera_up_avalon_parallel_port.o)
 .debug_abbrev  0x000010f6      0x1c6 BSP/\libhal_bsp.a(altera_up_avalon_ps2.o)
 .debug_abbrev  0x000012bc      0x155 BSP/\libhal_bsp.a(altera_up_avalon_rs232.o)
 .debug_abbrev  0x00001411      0x164 BSP/\libhal_bsp.a(altera_up_avalon_video_character_buffer_with_dma.o)
 .debug_abbrev  0x00001575      0x23a BSP/\libhal_bsp.a(altera_up_avalon_video_pixel_buffer_dma.o)
 .debug_abbrev  0x000017af      0x179 BSP/\libhal_bsp.a(alt_alarm_start.o)
 .debug_abbrev  0x00001928      0x124 BSP/\libhal_bsp.a(alt_close.o)
 .debug_abbrev  0x00001a4c       0x3f BSP/\libhal_bsp.a(alt_dcache_flush_all.o)
 .debug_abbrev  0x00001a8b       0xd6 BSP/\libhal_bsp.a(alt_dev.o)
 .debug_abbrev  0x00001b61      0x117 BSP/\libhal_bsp.a(alt_dev_llist_insert.o)
 .debug_abbrev  0x00001c78       0x5e BSP/\libhal_bsp.a(alt_errno.o)
 .debug_abbrev  0x00001cd6       0xed BSP/\libhal_bsp.a(alt_find_dev.o)
 .debug_abbrev  0x00001dc3       0x3f BSP/\libhal_bsp.a(alt_icache_flush_all.o)
 .debug_abbrev  0x00001e02      0x10e BSP/\libhal_bsp.a(alt_io_redirect.o)
 .debug_abbrev  0x00001f10      0x1a8 BSP/\libhal_bsp.a(alt_irq_register.o)
 .debug_abbrev  0x000020b8       0x44 BSP/\libhal_bsp.a(alt_irq_vars.o)
 .debug_abbrev  0x000020fc      0x177 BSP/\libhal_bsp.a(alt_open.o)
 .debug_abbrev  0x00002273       0xdb BSP/\libhal_bsp.a(alt_release_fd.o)
 .debug_abbrev  0x0000234e      0x170 BSP/\libhal_bsp.a(alt_tick.o)
 .debug_abbrev  0x000024be       0x64 BSP/\libhal_bsp.a(altera_nios2_qsys_irq.o)
 .debug_abbrev  0x00002522       0xed BSP/\libhal_bsp.a(alt_find_file.o)
 .debug_abbrev  0x0000260f      0x108 BSP/\libhal_bsp.a(alt_get_fd.o)
 .debug_abbrev  0x00002717       0x89 BSP/\libhal_bsp.a(alt_icache_flush.o)
 .debug_abbrev  0x000027a0       0x12 BSP/\libhal_bsp.a(alt_irq_entry.o)
 .debug_abbrev  0x000027b2      0x12f BSP/\libhal_bsp.a(alt_irq_handler.o)
 .debug_abbrev  0x000028e1       0x12 BSP/\libhal_bsp.a(alt_exception_entry.o)
 .debug_abbrev  0x000028f3      0x16e c:/altera/12.0sp2/nios2eds/bin/gnu/h-i686-mingw32/bin/../lib/gcc/nios2-elf/4.1.2/../../../../nios2-elf/lib\libc.a(lib_a-exit.o)
 .debug_abbrev  0x00002a61      0x157 c:/altera/12.0sp2/nios2eds/bin/gnu/h-i686-mingw32/bin/../lib/gcc/nios2-elf/4.1.2/../../../../nios2-elf/lib\libc.a(lib_a-impure.o)
 .debug_abbrev  0x00002bb8       0x3b c:/altera/12.0sp2/nios2eds/bin/gnu/h-i686-mingw32/bin/../lib/gcc/nios2-elf/4.1.2/../../../../nios2-elf/lib\libc.a(lib_a-int_errno.o)
 .debug_abbrev  0x00002bf3       0x7c c:/altera/12.0sp2/nios2eds/bin/gnu/h-i686-mingw32/bin/../lib/gcc/nios2-elf/4.1.2/../../../../nios2-elf/lib\libc.a(lib_a-memcmp.o)
 .debug_abbrev  0x00002c6f      0x17f c:/altera/12.0sp2/nios2eds/bin/gnu/h-i686-mingw32/bin/../lib/gcc/nios2-elf/4.1.2/../../../../nios2-elf/lib\libc.a(lib_a-putc.o)
 .debug_abbrev  0x00002dee       0x80 c:/altera/12.0sp2/nios2eds/bin/gnu/h-i686-mingw32/bin/../lib/gcc/nios2-elf/4.1.2/../../../../nios2-elf/lib\libc.a(lib_a-strcmp.o)
 .debug_abbrev  0x00002e6e       0x8b c:/altera/12.0sp2/nios2eds/bin/gnu/h-i686-mingw32/bin/../lib/gcc/nios2-elf/4.1.2/../../../../nios2-elf/lib\libc.a(lib_a-strlen.o)
 .debug_abbrev  0x00002ef9      0x198 c:/altera/12.0sp2/nios2eds/bin/gnu/h-i686-mingw32/bin/../lib/gcc/nios2-elf/4.1.2/../../../../nios2-elf/lib\libc.a(lib_a-wbuf.o)
 .debug_abbrev  0x00003091      0x170 c:/altera/12.0sp2/nios2eds/bin/gnu/h-i686-mingw32/bin/../lib/gcc/nios2-elf/4.1.2/../../../../nios2-elf/lib\libc.a(lib_a-wsetup.o)
 .debug_abbrev  0x00003201      0x1de c:/altera/12.0sp2/nios2eds/bin/gnu/h-i686-mingw32/bin/../lib/gcc/nios2-elf/4.1.2/../../../../nios2-elf/lib\libc.a(lib_a-__call_atexit.o)
 .debug_abbrev  0x000033df      0x1c6 c:/altera/12.0sp2/nios2eds/bin/gnu/h-i686-mingw32/bin/../lib/gcc/nios2-elf/4.1.2/../../../../nios2-elf/lib\libc.a(lib_a-fflush.o)
 .debug_abbrev  0x000035a5      0x24c c:/altera/12.0sp2/nios2eds/bin/gnu/h-i686-mingw32/bin/../lib/gcc/nios2-elf/4.1.2/../../../../nios2-elf/lib\libc.a(lib_a-findfp.o)
 .debug_abbrev  0x000037f1      0x1d9 c:/altera/12.0sp2/nios2eds/bin/gnu/h-i686-mingw32/bin/../lib/gcc/nios2-elf/4.1.2/../../../../nios2-elf/lib\libc.a(lib_a-freer.o)
 .debug_abbrev  0x000039ca      0x1e3 c:/altera/12.0sp2/nios2eds/bin/gnu/h-i686-mingw32/bin/../lib/gcc/nios2-elf/4.1.2/../../../../nios2-elf/lib\libc.a(lib_a-fwalk.o)
 .debug_abbrev  0x00003bad      0x197 c:/altera/12.0sp2/nios2eds/bin/gnu/h-i686-mingw32/bin/../lib/gcc/nios2-elf/4.1.2/../../../../nios2-elf/lib\libc.a(lib_a-makebuf.o)
 .debug_abbrev  0x00003d44      0x216 c:/altera/12.0sp2/nios2eds/bin/gnu/h-i686-mingw32/bin/../lib/gcc/nios2-elf/4.1.2/../../../../nios2-elf/lib\libc.a(lib_a-mallocr.o)
 .debug_abbrev  0x00003f5a       0xb8 c:/altera/12.0sp2/nios2eds/bin/gnu/h-i686-mingw32/bin/../lib/gcc/nios2-elf/4.1.2/../../../../nios2-elf/lib\libc.a(lib_a-memset.o)
 .debug_abbrev  0x00004012      0x18c c:/altera/12.0sp2/nios2eds/bin/gnu/h-i686-mingw32/bin/../lib/gcc/nios2-elf/4.1.2/../../../../nios2-elf/lib\libc.a(lib_a-sbrkr.o)
 .debug_abbrev  0x0000419e      0x1c9 c:/altera/12.0sp2/nios2eds/bin/gnu/h-i686-mingw32/bin/../lib/gcc/nios2-elf/4.1.2/../../../../nios2-elf/lib\libc.a(lib_a-stdio.o)
 .debug_abbrev  0x00004367      0x184 c:/altera/12.0sp2/nios2eds/bin/gnu/h-i686-mingw32/bin/../lib/gcc/nios2-elf/4.1.2/../../../../nios2-elf/lib\libc.a(lib_a-writer.o)
 .debug_abbrev  0x000044eb      0x17f c:/altera/12.0sp2/nios2eds/bin/gnu/h-i686-mingw32/bin/../lib/gcc/nios2-elf/4.1.2/../../../../nios2-elf/lib\libc.a(lib_a-closer.o)
 .debug_abbrev  0x0000466a      0x1a7 c:/altera/12.0sp2/nios2eds/bin/gnu/h-i686-mingw32/bin/../lib/gcc/nios2-elf/4.1.2/../../../../nios2-elf/lib\libc.a(lib_a-fclose.o)
 .debug_abbrev  0x00004811      0x18e c:/altera/12.0sp2/nios2eds/bin/gnu/h-i686-mingw32/bin/../lib/gcc/nios2-elf/4.1.2/../../../../nios2-elf/lib\libc.a(lib_a-fstatr.o)
 .debug_abbrev  0x0000499f      0x17f c:/altera/12.0sp2/nios2eds/bin/gnu/h-i686-mingw32/bin/../lib/gcc/nios2-elf/4.1.2/../../../../nios2-elf/lib\libc.a(lib_a-isattyr.o)
 .debug_abbrev  0x00004b1e      0x18e c:/altera/12.0sp2/nios2eds/bin/gnu/h-i686-mingw32/bin/../lib/gcc/nios2-elf/4.1.2/../../../../nios2-elf/lib\libc.a(lib_a-lseekr.o)
 .debug_abbrev  0x00004cac      0x17f c:/altera/12.0sp2/nios2eds/bin/gnu/h-i686-mingw32/bin/../lib/gcc/nios2-elf/4.1.2/../../../../nios2-elf/lib\libc.a(lib_a-readr.o)
 .debug_abbrev  0x00004e2b       0xc6 BSP/\libhal_bsp.a(alt_exit.o)
 .debug_abbrev  0x00004ef1      0x124 BSP/\libhal_bsp.a(alt_fstat.o)
 .debug_abbrev  0x00005015      0x124 BSP/\libhal_bsp.a(alt_isatty.o)
 .debug_abbrev  0x00005139      0x124 BSP/\libhal_bsp.a(alt_lseek.o)
 .debug_abbrev  0x0000525d      0x172 BSP/\libhal_bsp.a(alt_malloc_lock.o)
 .debug_abbrev  0x000053cf      0x133 BSP/\libhal_bsp.a(alt_read.o)
 .debug_abbrev  0x00005502      0x112 BSP/\libhal_bsp.a(alt_sbrk.o)
 .debug_abbrev  0x00005614      0x138 BSP/\libhal_bsp.a(alt_write.o)

.debug_line     0x00000000     0xd3cb
 *(.debug_line)
 .debug_line    0x00000000       0x6c BSP//obj/HAL/src/crt0.o
 .debug_line    0x0000006c      0x770 obj/default//C/Users/Jashwanth/Desktop/media_HAL.o
 .debug_line    0x000007dc      0x1ac c:/altera/12.0sp2/nios2eds/bin/gnu/h-i686-mingw32/bin/../lib/gcc/nios2-elf/4.1.2/../../../../nios2-elf/lib\libc.a(lib_a-memcpy.o)
 .debug_line    0x00000988      0x273 BSP/\libhal_bsp.a(alt_load.o)
 .debug_line    0x00000bfb      0x2ce BSP/\libhal_bsp.a(alt_main.o)
 .debug_line    0x00000ec9      0x1ca BSP/\libhal_bsp.a(alt_printf.o)
 .debug_line    0x00001093      0x1ca BSP/\libhal_bsp.a(alt_putchar.o)
 .debug_line    0x0000125d      0x418 BSP/\libhal_bsp.a(alt_sys_init.o)
 .debug_line    0x00001675      0x1fd BSP/\libhal_bsp.a(altera_avalon_jtag_uart_fd.o)
 .debug_line    0x00001872      0x46e BSP/\libhal_bsp.a(altera_avalon_jtag_uart_init.o)
 .debug_line    0x00001ce0      0x2e7 BSP/\libhal_bsp.a(altera_avalon_jtag_uart_ioctl.o)
 .debug_line    0x00001fc7      0x3ec BSP/\libhal_bsp.a(altera_avalon_jtag_uart_read.o)
 .debug_line    0x000023b3      0x415 BSP/\libhal_bsp.a(altera_avalon_jtag_uart_write.o)
 .debug_line    0x000027c8      0x2b4 BSP/\libhal_bsp.a(altera_avalon_timer_sc.o)
 .debug_line    0x00002a7c      0x26e BSP/\libhal_bsp.a(altera_up_avalon_parallel_port.o)
 .debug_line    0x00002cea      0x4d0 BSP/\libhal_bsp.a(altera_up_avalon_ps2.o)
 .debug_line    0x000031ba      0x382 BSP/\libhal_bsp.a(altera_up_avalon_rs232.o)
 .debug_line    0x0000353c      0x34b BSP/\libhal_bsp.a(altera_up_avalon_video_character_buffer_with_dma.o)
 .debug_line    0x00003887      0x9b8 BSP/\libhal_bsp.a(altera_up_avalon_video_pixel_buffer_dma.o)
 .debug_line    0x0000423f      0x2a3 BSP/\libhal_bsp.a(alt_alarm_start.o)
 .debug_line    0x000044e2      0x287 BSP/\libhal_bsp.a(alt_close.o)
 .debug_line    0x00004769      0x1b5 BSP/\libhal_bsp.a(alt_dcache_flush_all.o)
 .debug_line    0x0000491e      0x24c BSP/\libhal_bsp.a(alt_dev.o)
 .debug_line    0x00004b6a      0x236 BSP/\libhal_bsp.a(alt_dev_llist_insert.o)
 .debug_line    0x00004da0      0x1aa BSP/\libhal_bsp.a(alt_errno.o)
 .debug_line    0x00004f4a      0x25b BSP/\libhal_bsp.a(alt_find_dev.o)
 .debug_line    0x000051a5      0x1bd BSP/\libhal_bsp.a(alt_icache_flush_all.o)
 .debug_line    0x00005362      0x2b4 BSP/\libhal_bsp.a(alt_io_redirect.o)
 .debug_line    0x00005616      0x28c BSP/\libhal_bsp.a(alt_irq_register.o)
 .debug_line    0x000058a2       0x72 BSP/\libhal_bsp.a(alt_irq_vars.o)
 .debug_line    0x00005914      0x2a6 BSP/\libhal_bsp.a(alt_open.o)
 .debug_line    0x00005bba       0xe5 BSP/\libhal_bsp.a(alt_release_fd.o)
 .debug_line    0x00005c9f      0x2cb BSP/\libhal_bsp.a(alt_tick.o)
 .debug_line    0x00005f6a      0x1e7 BSP/\libhal_bsp.a(altera_nios2_qsys_irq.o)
 .debug_line    0x00006151      0x26c BSP/\libhal_bsp.a(alt_find_file.o)
 .debug_line    0x000063bd      0x277 BSP/\libhal_bsp.a(alt_get_fd.o)
 .debug_line    0x00006634      0x1e9 BSP/\libhal_bsp.a(alt_icache_flush.o)
 .debug_line    0x0000681d       0x6b BSP/\libhal_bsp.a(alt_irq_entry.o)
 .debug_line    0x00006888      0x240 BSP/\libhal_bsp.a(alt_irq_handler.o)
 .debug_line    0x00006ac8       0xab BSP/\libhal_bsp.a(alt_exception_entry.o)
 .debug_line    0x00006b73      0x238 c:/altera/12.0sp2/nios2eds/bin/gnu/h-i686-mingw32/bin/../lib/gcc/nios2-elf/4.1.2/../../../../nios2-elf/lib\libc.a(lib_a-exit.o)
 .debug_line    0x00006dab      0x22d c:/altera/12.0sp2/nios2eds/bin/gnu/h-i686-mingw32/bin/../lib/gcc/nios2-elf/4.1.2/../../../../nios2-elf/lib\libc.a(lib_a-impure.o)
 .debug_line    0x00006fd8      0x1df c:/altera/12.0sp2/nios2eds/bin/gnu/h-i686-mingw32/bin/../lib/gcc/nios2-elf/4.1.2/../../../../nios2-elf/lib\libc.a(lib_a-int_errno.o)
 .debug_line    0x000071b7      0x29f c:/altera/12.0sp2/nios2eds/bin/gnu/h-i686-mingw32/bin/../lib/gcc/nios2-elf/4.1.2/../../../../nios2-elf/lib\libc.a(lib_a-memcmp.o)
 .debug_line    0x00007456      0x2c4 c:/altera/12.0sp2/nios2eds/bin/gnu/h-i686-mingw32/bin/../lib/gcc/nios2-elf/4.1.2/../../../../nios2-elf/lib\libc.a(lib_a-putc.o)
 .debug_line    0x0000771a      0x2d5 c:/altera/12.0sp2/nios2eds/bin/gnu/h-i686-mingw32/bin/../lib/gcc/nios2-elf/4.1.2/../../../../nios2-elf/lib\libc.a(lib_a-strcmp.o)
 .debug_line    0x000079ef      0x26d c:/altera/12.0sp2/nios2eds/bin/gnu/h-i686-mingw32/bin/../lib/gcc/nios2-elf/4.1.2/../../../../nios2-elf/lib\libc.a(lib_a-strlen.o)
 .debug_line    0x00007c5c      0x350 c:/altera/12.0sp2/nios2eds/bin/gnu/h-i686-mingw32/bin/../lib/gcc/nios2-elf/4.1.2/../../../../nios2-elf/lib\libc.a(lib_a-wbuf.o)
 .debug_line    0x00007fac      0x2f0 c:/altera/12.0sp2/nios2eds/bin/gnu/h-i686-mingw32/bin/../lib/gcc/nios2-elf/4.1.2/../../../../nios2-elf/lib\libc.a(lib_a-wsetup.o)
 .debug_line    0x0000829c      0x367 c:/altera/12.0sp2/nios2eds/bin/gnu/h-i686-mingw32/bin/../lib/gcc/nios2-elf/4.1.2/../../../../nios2-elf/lib\libc.a(lib_a-__call_atexit.o)
 .debug_line    0x00008603      0x40d c:/altera/12.0sp2/nios2eds/bin/gnu/h-i686-mingw32/bin/../lib/gcc/nios2-elf/4.1.2/../../../../nios2-elf/lib\libc.a(lib_a-fflush.o)
 .debug_line    0x00008a10      0x601 c:/altera/12.0sp2/nios2eds/bin/gnu/h-i686-mingw32/bin/../lib/gcc/nios2-elf/4.1.2/../../../../nios2-elf/lib\libc.a(lib_a-findfp.o)