EN fa NULL C:/Users/kanna/academic/Embeded/FPGA/codes_fpga/fulladder_assgn3/fa.vhd sub00/vhpl00 1321642508
EN halfadder NULL C:/Users/kanna/academic/Embeded/FPGA/codes_fpga/halfadder/halfadder.vhd sub00/vhpl02 1321642506
AR fa behavioral C:/Users/kanna/academic/Embeded/FPGA/codes_fpga/fulladder_assgn3/fa.vhd sub00/vhpl01 1321642509
AR halfadder behavioral C:/Users/kanna/academic/Embeded/FPGA/codes_fpga/halfadder/halfadder.vhd sub00/vhpl03 1321642507
